============================================================
Audio Multi-Task Annotation System
============================================================
Mode: test
Tasks: ['SCR', 'ER']
Device: cuda
Output: ./data/annotations
============================================================

[Step 1] Creating pipeline...
[Pipeline] Registered annotator: SCR
[Pipeline] Registered annotator: ER

[Step 2] Loading models...

[Pipeline] Loading all models...
[Pipeline] Loading SCR...
  [SCR] Loading Whisper from: /home/u2023112559/qix/Models/Models/whisper-medium
Loading weights:   0%|          | 0/947 [00:00<?, ?it/s]Loading weights: 100%|██████████| 947/947 [00:00<00:00, 25782.37it/s]
2026-03-18 22:48:21,796 - modelscope - INFO - Got 11 files, start to download ...
  [SCR] Whisper loaded successfully
[Pipeline] Loading ER...
Notice: ffmpeg is not installed. torchaudio is used to load audio
If you want to use ffmpeg backend to load audio, please install it by:
	sudo apt install ffmpeg # ubuntu
	# brew install ffmpeg # mac
  [ER] Loading Emotion2Vec model...
funasr version: 1.3.1.
Check update of funasr, and it would cost few times. You may disable it by set `disable_update=True` in AutoModel
You are using the latest version of funasr-1.3.1
Downloading Model from https://www.modelscope.cn to directory: /home/u2023112559/.cache/modelscope/hub/models/iic/emotion2vec_plus_large
Processing 11 items:   0%|          | 0.00/11.0 [00:00<?, ?it/s]
Downloading [.DS_Store]:   0%|          | 0.00/6.00k [00:00<?, ?B/s][A

Downloading [config.yaml]:   0%|          | 0.00/5.42k [00:00<?, ?B/s][A[A


Downloading [configuration.json]:   0%|          | 0.00/343 [00:00<?, ?B/s][A[A[A



Downloading [emotion2vec+data.png]:   0%|          | 0.00/267k [00:00<?, ?B/s][A[A[A[A




Downloading [emotion2vec+radar.png]:   0%|          | 0.00/666k [00:00<?, ?B/s][A[A[A[A[A





Downloading [logo.png]:   0%|          | 0.00/1.76M [00:00<?, ?B/s][A[A[A[A[A[A






Downloading [model.pt]:   0%|          | 0.00/1.81G [00:00<?, ?B/s][A[A[A[A[A[A[A







Downloading [README.md]:   0%|          | 0.00/5.26k [00:00<?, ?B/s][A[A[A[A[A[A[A[A
Downloading [.DS_Store]: 100%|██████████| 6.00k/6.00k [00:00<00:00, 18.9kB/s][ADownloading [.DS_Store]: 100%|██████████| 6.00k/6.00k [00:00<00:00, 18.9kB/s]

Downloading [requirements.txt]:   0%|          | 0.00/43.0 [00:00<?, ?B/s][AProcessing 11 items:   9%|▉         | 1.00/11.0 [00:00<00:03, 3.02it/s]







Downloading [README.md]: 100%|██████████| 5.26k/5.26k [00:00<00:00, 13.8kB/s][A[A[A[A[A[A[A[ADownloading [README.md]: 100%|██████████| 5.26k/5.26k [00:00<00:00, 13.8kB/s]








Downloading [example/test.wav]:   0%|          | 0.00/128k [00:00<?, ?B/s][A[A[A[A[A[A[A[A


Downloading [configuration.json]: 100%|██████████| 343/343 [00:00<00:00, 807B/s][A[A[A

Downloading [config.yaml]: 100%|██████████| 5.42k/5.42k [00:00<00:00, 13.0kB/s][A[ADownloading [configuration.json]: 100%|██████████| 343/343 [00:00<00:00, 801B/s]
Downloading [config.yaml]: 100%|██████████| 5.42k/5.42k [00:00<00:00, 12.9kB/s]
Processing 11 items:  27%|██▋       | 3.00/11.0 [00:00<00:01, 7.99it/s]

Downloading [tokens.txt]:   0%|          | 0.00/119 [00:00<?, ?B/s][A[A



Downloading [emotion2vec+data.png]: 100%|██████████| 267k/267k [00:00<00:00, 533kB/s][A[A[A[ADownloading [emotion2vec+data.png]: 100%|██████████| 267k/267k [00:00<00:00, 531kB/s]





Downloading [emotion2vec+radar.png]: 100%|██████████| 666k/666k [00:00<00:00, 1.23MB/s][A[A[A[A[ADownloading [emotion2vec+radar.png]: 100%|██████████| 666k/666k [00:00<00:00, 1.23MB/s]
Processing 11 items:  55%|█████▍    | 6.00/11.0 [00:00<00:00, 13.2it/s]





Downloading [logo.png]:  57%|█████▋    | 1.00M/1.76M [00:00<00:00, 1.75MB/s][A[A[A[A[A[A
Downloading [requirements.txt]: 100%|██████████| 43.0/43.0 [00:00<00:00, 132B/s][ADownloading [requirements.txt]: 100%|██████████| 43.0/43.0 [00:00<00:00, 132B/s]
Downloading [logo.png]: 100%|██████████| 1.76M/1.76M [00:00<00:00, 2.86MB/s]


Downloading [tokens.txt]: 100%|██████████| 119/119 [00:00<00:00, 340B/s][A[ADownloading [tokens.txt]: 100%|██████████| 119/119 [00:00<00:00, 339B/s]
Processing 11 items:  82%|████████▏ | 9.00/11.0 [00:00<00:00, 13.3it/s]







Downloading [example/test.wav]: 100%|██████████| 128k/128k [00:00<00:00, 268kB/s][A[A[A[A[A[A[A[ADownloading [example/test.wav]: 100%|██████████| 128k/128k [00:00<00:00, 267kB/s]







Downloading [model.pt]:   0%|          | 1.00M/1.81G [00:01<35:52, 903kB/s][A[A[A[A[A[A[A






Downloading [model.pt]:   0%|          | 2.00M/1.81G [00:01<21:02, 1.54MB/s][A[A[A[A[A[A[A






Downloading [model.pt]:   0%|          | 3.00M/1.81G [00:01<16:08, 2.01MB/s][A[A[A[A[A[A[A






Downloading [model.pt]:   0%|          | 4.00M/1.81G [00:02<14:02, 2.30MB/s][A[A[A[A[A[A[A






Downloading [model.pt]:   0%|          | 5.00M/1.81G [00:02<13:44, 2.35MB/s][A[A[A[A[A[A[A






Downloading [model.pt]:   0%|          | 6.00M/1.81G [00:02<12:40, 2.55MB/s][A[A[A[A[A[A[A






Downloading [model.pt]:   0%|          | 7.00M/1.81G [00:03<12:28, 2.59MB/s][A[A[A[A[A[A[A






Downloading [model.pt]:   0%|          | 8.00M/1.81G [00:03<11:27, 2.82MB/s][A[A[A[A[A[A[A






Downloading [model.pt]:   0%|          | 9.00M/1.81G [00:03<11:04, 2.92MB/s][A[A[A[A[A[A[A






Downloading [model.pt]:   1%|          | 10.0M/1.81G [00:04<11:28, 2.81MB/s][A[A[A[A[A[A[A






Downloading [model.pt]:   1%|          | 11.0M/1.81G [00:04<11:12, 2.87MB/s][A[A[A[A[A[A[A






Downloading [model.pt]:   1%|          | 12.0M/1.81G [00:05<11:39, 2.76MB/s][A[A[A[A[A[A[A






Downloading [model.pt]:   1%|          | 13.0M/1.81G [00:05<11:10, 2.88MB/s][A[A[A[A[A[A[A






Downloading [model.pt]:   1%|          | 14.0M/1.81G [00:05<10:52, 2.96MB/s][A[A[A[A[A[A[A






Downloading [model.pt]:   1%|          | 15.0M/1.81G [00:06<10:49, 2.97MB/s][A[A[A[A[A[A[A






Downloading [model.pt]:   1%|          | 16.0M/1.81G [00:06<11:10, 2.88MB/s][A[A[A[A[A[A[A






Downloading [model.pt]:   1%|          | 17.0M/1.81G [00:06<11:11, 2.87MB/s][A[A[A[A[A[A[A






Downloading [model.pt]:   1%|          | 18.0M/1.81G [00:07<11:29, 2.79MB/s][A[A[A[A[A[A[A






Downloading [model.pt]:   1%|          | 19.0M/1.81G [00:07<11:52, 2.70MB/s][A[A[A[A[A[A[A






Downloading [model.pt]:   1%|          | 20.0M/1.81G [00:08<12:11, 2.63MB/s][A[A[A[A[A[A[A






Downloading [model.pt]:   1%|          | 21.0M/1.81G [00:08<11:42, 2.74MB/s][A[A[A[A[A[A[A






Downloading [model.pt]:   1%|          | 22.0M/1.81G [00:08<11:15, 2.85MB/s][A[A[A[A[A[A[A






Downloading [model.pt]:   1%|          | 23.0M/1.81G [00:09<11:25, 2.80MB/s][A[A[A[A[A[A[A






Downloading [model.pt]:   1%|▏         | 24.0M/1.81G [00:09<11:33, 2.77MB/s][A[A[A[A[A[A[A






Downloading [model.pt]:   1%|▏         | 25.0M/1.81G [00:09<11:25, 2.80MB/s][A[A[A[A[A[A[A






Downloading [model.pt]:   1%|▏         | 26.0M/1.81G [00:10<11:55, 2.68MB/s][A[A[A[A[A[A[A






Downloading [model.pt]:   1%|▏         | 27.0M/1.81G [00:10<11:16, 2.83MB/s][A[A[A[A[A[A[A






Downloading [model.pt]:   2%|▏         | 28.0M/1.81G [00:11<11:26, 2.79MB/s][A[A[A[A[A[A[A






Downloading [model.pt]:   2%|▏         | 29.0M/1.81G [00:11<11:39, 2.74MB/s][A[A[A[A[A[A[A






Downloading [model.pt]:   2%|▏         | 30.0M/1.81G [00:11<11:53, 2.68MB/s][A[A[A[A[A[A[A






Downloading [model.pt]:   2%|▏         | 31.0M/1.81G [00:12<11:52, 2.69MB/s][A[A[A[A[A[A[AProcessing 11 items:  91%|█████████ | 10.0/11.0 [00:12<00:00, 13.3it/s]






Downloading [model.pt]:   2%|▏         | 32.0M/1.81G [00:12<11:25, 2.79MB/s][A[A[A[A[A[A[A






Downloading [model.pt]:   2%|▏         | 33.0M/1.81G [00:13<11:37, 2.74MB/s][A[A[A[A[A[A[A






Downloading [model.pt]:   2%|▏         | 34.0M/1.81G [00:13<11:51, 2.68MB/s][A[A[A[A[A[A[A






Downloading [model.pt]:   2%|▏         | 35.0M/1.81G [00:13<12:19, 2.58MB/s][A[A[A[A[A[A[A






Downloading [model.pt]:   2%|▏         | 36.0M/1.81G [00:14<11:48, 2.69MB/s][A[A[A[A[A[A[A






Downloading [model.pt]:   2%|▏         | 37.0M/1.81G [00:14<11:56, 2.66MB/s][A[A[A[A[A[A[A






Downloading [model.pt]:   2%|▏         | 38.0M/1.81G [00:15<11:31, 2.75MB/s][A[A[A[A[A[A[A






Downloading [model.pt]:   2%|▏         | 39.0M/1.81G [00:15<10:59, 2.89MB/s][A[A[A[A[A[A[A






Downloading [model.pt]:   2%|▏         | 40.0M/1.81G [00:15<10:51, 2.92MB/s][A[A[A[A[A[A[A






Downloading [model.pt]:   2%|▏         | 41.0M/1.81G [00:15<10:17, 3.08MB/s][A[A[A[A[A[A[A






Downloading [model.pt]:   2%|▏         | 42.0M/1.81G [00:16<10:10, 3.12MB/s][A[A[A[A[A[A[A






Downloading [model.pt]:   2%|▏         | 43.0M/1.81G [00:16<09:43, 3.26MB/s][A[A[A[A[A[A[A






Downloading [model.pt]:   2%|▏         | 44.0M/1.81G [00:16<10:03, 3.15MB/s][A[A[A[A[A[A[A






Downloading [model.pt]:   2%|▏         | 45.0M/1.81G [00:17<10:34, 2.99MB/s][A[A[A[A[A[A[A






Downloading [model.pt]:   2%|▏         | 46.0M/1.81G [00:17<10:32, 3.00MB/s][A[A[A[A[A[A[A






Downloading [model.pt]:   3%|▎         | 47.0M/1.81G [00:18<10:43, 2.95MB/s][A[A[A[A[A[A[A






Downloading [model.pt]:   3%|▎         | 48.0M/1.81G [00:18<10:48, 2.92MB/s][A[A[A[A[A[A[A






Downloading [model.pt]:   3%|▎         | 49.0M/1.81G [00:18<10:51, 2.91MB/s][A[A[A[A[A[A[A






Downloading [model.pt]:   3%|▎         | 50.0M/1.81G [00:19<11:21, 2.78MB/s][A[A[A[A[A[A[A






Downloading [model.pt]:   3%|▎         | 51.0M/1.81G [00:19<10:56, 2.88MB/s][A[A[A[A[A[A[A






Downloading [model.pt]:   3%|▎         | 52.0M/1.81G [00:19<11:43, 2.69MB/s][A[A[A[A[A[A[A






Downloading [model.pt]:   3%|▎         | 53.0M/1.81G [00:20<11:36, 2.71MB/s][A[A[A[A[A[A[A






Downloading [model.pt]:   3%|▎         | 54.0M/1.81G [00:20<11:17, 2.79MB/s][A[A[A[A[A[A[A






Downloading [model.pt]:   3%|▎         | 55.0M/1.81G [00:21<10:55, 2.88MB/s][A[A[A[A[A[A[A






Downloading [model.pt]:   3%|▎         | 56.0M/1.81G [00:21<10:59, 2.86MB/s][A[A[A[A[A[A[A






Downloading [model.pt]:   3%|▎         | 57.0M/1.81G [00:21<11:11, 2.81MB/s][A[A[A[A[A[A[A






Downloading [model.pt]:   3%|▎         | 58.0M/1.81G [00:22<11:27, 2.74MB/s][A[A[A[A[A[A[A






Downloading [model.pt]:   3%|▎         | 59.0M/1.81G [00:22<10:34, 2.97MB/s][A[A[A[A[A[A[A






Downloading [model.pt]:   3%|▎         | 60.0M/1.81G [00:22<10:14, 3.06MB/s][A[A[A[A[A[A[A






Downloading [model.pt]:   3%|▎         | 61.0M/1.81G [00:23<10:50, 2.89MB/s][A[A[A[A[A[A[A






Downloading [model.pt]:   3%|▎         | 62.0M/1.81G [00:23<10:22, 3.02MB/s][A[A[A[A[A[A[A






Downloading [model.pt]:   3%|▎         | 63.0M/1.81G [00:23<10:30, 2.98MB/s][A[A[A[A[A[A[A






Downloading [model.pt]:   3%|▎         | 64.0M/1.81G [00:24<10:19, 3.03MB/s][A[A[A[A[A[A[A






Downloading [model.pt]:   4%|▎         | 65.0M/1.81G [00:24<10:32, 2.97MB/s][A[A[A[A[A[A[A






Downloading [model.pt]:   4%|▎         | 66.0M/1.81G [00:24<10:04, 3.11MB/s][A[A[A[A[A[A[A






Downloading [model.pt]:   4%|▎         | 67.0M/1.81G [00:25<09:27, 3.30MB/s][A[A[A[A[A[A[A






Downloading [model.pt]:   4%|▎         | 68.0M/1.81G [00:25<09:47, 3.19MB/s][A[A[A[A[A[A[A






Downloading [model.pt]:   4%|▎         | 69.0M/1.81G [00:25<09:21, 3.34MB/s][A[A[A[A[A[A[A






Downloading [model.pt]:   4%|▍         | 70.0M/1.81G [00:26<10:19, 3.02MB/s][A[A[A[A[A[A[A






Downloading [model.pt]:   4%|▍         | 71.0M/1.81G [00:26<10:34, 2.95MB/s][A[A[A[A[A[A[A






Downloading [model.pt]:   4%|▍         | 72.0M/1.81G [00:27<11:28, 2.71MB/s][A[A[A[A[A[A[A






Downloading [model.pt]:   4%|▍         | 73.0M/1.81G [00:27<11:14, 2.77MB/s][A[A[A[A[A[A[A






Downloading [model.pt]:   4%|▍         | 74.0M/1.81G [00:27<11:20, 2.74MB/s][A[A[A[A[A[A[A






Downloading [model.pt]:   4%|▍         | 75.0M/1.81G [00:28<11:19, 2.75MB/s][A[A[A[A[A[A[A






Downloading [model.pt]:   4%|▍         | 76.0M/1.81G [00:28<10:51, 2.86MB/s][A[A[A[A[A[A[A






Downloading [model.pt]:   4%|▍         | 77.0M/1.81G [00:28<11:03, 2.81MB/s][A[A[A[A[A[A[A






Downloading [model.pt]:   4%|▍         | 78.0M/1.81G [00:29<11:15, 2.76MB/s][A[A[A[A[A[A[A






Downloading [model.pt]:   4%|▍         | 79.0M/1.81G [00:29<10:58, 2.83MB/s][A[A[A[A[A[A[A






Downloading [model.pt]:   4%|▍         | 80.0M/1.81G [00:30<10:57, 2.83MB/s][A[A[A[A[A[A[A






Downloading [model.pt]:   4%|▍         | 81.0M/1.81G [00:30<10:38, 2.91MB/s][A[A[A[A[A[A[A






Downloading [model.pt]:   4%|▍         | 82.0M/1.81G [00:30<11:11, 2.77MB/s][A[A[A[A[A[A[A






Downloading [model.pt]:   4%|▍         | 83.0M/1.81G [00:31<11:31, 2.69MB/s][A[A[A[A[A[A[A






Downloading [model.pt]:   5%|▍         | 84.0M/1.81G [00:31<12:05, 2.56MB/s][A[A[A[A[A[A[A






Downloading [model.pt]:   5%|▍         | 85.0M/1.81G [00:32<11:46, 2.63MB/s][A[A[A[A[A[A[A






Downloading [model.pt]:   5%|▍         | 86.0M/1.81G [00:32<11:19, 2.73MB/s][A[A[A[A[A[A[A






Downloading [model.pt]:   5%|▍         | 87.0M/1.81G [00:32<11:22, 2.72MB/s][A[A[A[A[A[A[A






Downloading [model.pt]:   5%|▍         | 88.0M/1.81G [00:33<11:00, 2.80MB/s][A[A[A[A[A[A[A






Downloading [model.pt]:   5%|▍         | 89.0M/1.81G [00:33<10:58, 2.82MB/s][A[A[A[A[A[A[A






Downloading [model.pt]:   5%|▍         | 90.0M/1.81G [00:33<10:56, 2.82MB/s][A[A[A[A[A[A[A






Downloading [model.pt]:   5%|▍         | 91.0M/1.81G [00:34<10:25, 2.96MB/s][A[A[A[A[A[A[A






Downloading [model.pt]:   5%|▍         | 92.0M/1.81G [00:34<10:16, 3.00MB/s][A[A[A[A[A[A[A






Downloading [model.pt]:   5%|▌         | 93.0M/1.81G [00:34<10:48, 2.85MB/s][A[A[A[A[A[A[A






Downloading [model.pt]:   5%|▌         | 94.0M/1.81G [00:35<10:20, 2.98MB/s][A[A[A[A[A[A[A






Downloading [model.pt]:   5%|▌         | 95.0M/1.81G [00:35<10:04, 3.05MB/s][A[A[A[A[A[A[A






Downloading [model.pt]:   5%|▌         | 96.0M/1.81G [00:35<10:31, 2.92MB/s][A[A[A[A[A[A[A






Downloading [model.pt]:   5%|▌         | 97.0M/1.81G [00:36<10:23, 2.96MB/s][A[A[A[A[A[A[A






Downloading [model.pt]:   5%|▌         | 98.0M/1.81G [00:36<10:44, 2.86MB/s][A[A[A[A[A[A[A






Downloading [model.pt]:   5%|▌         | 99.0M/1.81G [00:37<10:46, 2.85MB/s][A[A[A[A[A[A[A






Downloading [model.pt]:   5%|▌         | 100M/1.81G [00:37<10:55, 2.81MB/s] [A[A[A[A[A[A[A






Downloading [model.pt]:   5%|▌         | 101M/1.81G [00:37<11:31, 2.66MB/s][A[A[A[A[A[A[A






Downloading [model.pt]:   5%|▌         | 102M/1.81G [00:38<10:56, 2.80MB/s][A[A[A[A[A[A[A






Downloading [model.pt]:   6%|▌         | 103M/1.81G [00:38<10:35, 2.89MB/s][A[A[A[A[A[A[A






Downloading [model.pt]:   6%|▌         | 104M/1.81G [00:38<10:23, 2.94MB/s][A[A[A[A[A[A[A






Downloading [model.pt]:   6%|▌         | 105M/1.81G [00:39<10:25, 2.93MB/s][A[A[A[A[A[A[A






Downloading [model.pt]:   6%|▌         | 106M/1.81G [00:39<09:56, 3.08MB/s][A[A[A[A[A[A[A






Downloading [model.pt]:   6%|▌         | 107M/1.81G [00:39<09:34, 3.19MB/s][A[A[A[A[A[A[A






Downloading [model.pt]:   6%|▌         | 108M/1.81G [00:40<09:49, 3.11MB/s][A[A[A[A[A[A[A






Downloading [model.pt]:   6%|▌         | 109M/1.81G [00:40<10:10, 3.00MB/s][A[A[A[A[A[A[A






Downloading [model.pt]:   6%|▌         | 110M/1.81G [00:40<10:17, 2.97MB/s][A[A[A[A[A[A[A






Downloading [model.pt]:   6%|▌         | 111M/1.81G [00:41<10:12, 2.99MB/s][A[A[A[A[A[A[A






Downloading [model.pt]:   6%|▌         | 112M/1.81G [00:41<10:19, 2.95MB/s][A[A[A[A[A[A[A






Downloading [model.pt]:   6%|▌         | 113M/1.81G [00:42<10:27, 2.91MB/s][A[A[A[A[A[A[A






Downloading [model.pt]:   6%|▌         | 114M/1.81G [00:42<10:24, 2.92MB/s][A[A[A[A[A[A[A






Downloading [model.pt]:   6%|▌         | 115M/1.81G [00:42<10:07, 3.01MB/s][A[A[A[A[A[A[A






Downloading [model.pt]:   6%|▋         | 116M/1.81G [00:43<10:25, 2.92MB/s][A[A[A[A[A[A[A






Downloading [model.pt]:   6%|▋         | 117M/1.81G [00:43<10:30, 2.89MB/s][A[A[A[A[A[A[A






Downloading [model.pt]:   6%|▋         | 118M/1.81G [00:43<10:58, 2.77MB/s][A[A[A[A[A[A[A






Downloading [model.pt]:   6%|▋         | 119M/1.81G [00:44<11:14, 2.70MB/s][A[A[A[A[A[A[A






Downloading [model.pt]:   6%|▋         | 120M/1.81G [00:44<11:55, 2.54MB/s][A[A[A[A[A[A[A






Downloading [model.pt]:   7%|▋         | 121M/1.81G [00:45<11:11, 2.71MB/s][A[A[A[A[A[A[A






Downloading [model.pt]:   7%|▋         | 122M/1.81G [00:45<11:05, 2.73MB/s][A[A[A[A[A[A[A






Downloading [model.pt]:   7%|▋         | 123M/1.81G [00:45<10:33, 2.87MB/s][A[A[A[A[A[A[A






Downloading [model.pt]:   7%|▋         | 124M/1.81G [00:46<10:44, 2.82MB/s][A[A[A[A[A[A[A






Downloading [model.pt]:   7%|▋         | 125M/1.81G [00:46<11:11, 2.70MB/s][A[A[A[A[A[A[A






Downloading [model.pt]:   7%|▋         | 126M/1.81G [00:47<11:05, 2.73MB/s][A[A[A[A[A[A[A






Downloading [model.pt]:   7%|▋         | 127M/1.81G [00:47<10:53, 2.77MB/s][A[A[A[A[A[A[A






Downloading [model.pt]:   7%|▋         | 128M/1.81G [00:47<11:27, 2.63MB/s][A[A[A[A[A[A[A






Downloading [model.pt]:   7%|▋         | 129M/1.81G [00:48<11:05, 2.72MB/s][A[A[A[A[A[A[A






Downloading [model.pt]:   7%|▋         | 130M/1.81G [00:48<11:20, 2.66MB/s][A[A[A[A[A[A[A






Downloading [model.pt]:   7%|▋         | 131M/1.81G [00:48<10:58, 2.75MB/s][A[A[A[A[A[A[A






Downloading [model.pt]:   7%|▋         | 132M/1.81G [00:49<10:39, 2.82MB/s][A[A[A[A[A[A[A






Downloading [model.pt]:   7%|▋         | 133M/1.81G [00:49<10:21, 2.91MB/s][A[A[A[A[A[A[A






Downloading [model.pt]:   7%|▋         | 134M/1.81G [00:49<10:13, 2.94MB/s][A[A[A[A[A[A[A






Downloading [model.pt]:   7%|▋         | 135M/1.81G [00:50<10:18, 2.92MB/s][A[A[A[A[A[A[A






Downloading [model.pt]:   7%|▋         | 136M/1.81G [00:50<10:37, 2.83MB/s][A[A[A[A[A[A[A






Downloading [model.pt]:   7%|▋         | 137M/1.81G [00:51<10:34, 2.84MB/s][A[A[A[A[A[A[A






Downloading [model.pt]:   7%|▋         | 138M/1.81G [00:51<10:34, 2.84MB/s][A[A[A[A[A[A[A






Downloading [model.pt]:   7%|▋         | 139M/1.81G [00:51<10:16, 2.92MB/s][A[A[A[A[A[A[A






Downloading [model.pt]:   8%|▊         | 140M/1.81G [00:52<09:57, 3.01MB/s][A[A[A[A[A[A[A






Downloading [model.pt]:   8%|▊         | 141M/1.81G [00:52<09:13, 3.25MB/s][A[A[A[A[A[A[A






Downloading [model.pt]:   8%|▊         | 142M/1.81G [00:52<09:27, 3.16MB/s][A[A[A[A[A[A[A






Downloading [model.pt]:   8%|▊         | 143M/1.81G [00:53<09:16, 3.23MB/s][A[A[A[A[A[A[A






Downloading [model.pt]:   8%|▊         | 144M/1.81G [00:53<08:58, 3.34MB/s][A[A[A[A[A[A[A






Downloading [model.pt]:   8%|▊         | 145M/1.81G [00:53<09:12, 3.24MB/s][A[A[A[A[A[A[A






Downloading [model.pt]:   8%|▊         | 146M/1.81G [00:54<09:13, 3.24MB/s][A[A[A[A[A[A[A






Downloading [model.pt]:   8%|▊         | 147M/1.81G [00:54<09:22, 3.18MB/s][A[A[A[A[A[A[A






Downloading [model.pt]:   8%|▊         | 148M/1.81G [00:54<09:50, 3.03MB/s][A[A[A[A[A[A[A






Downloading [model.pt]:   8%|▊         | 149M/1.81G [00:55<09:46, 3.05MB/s][A[A[A[A[A[A[A






Downloading [model.pt]:   8%|▊         | 150M/1.81G [00:55<09:50, 3.03MB/s][A[A[A[A[A[A[A






Downloading [model.pt]:   8%|▊         | 151M/1.81G [00:55<09:58, 2.98MB/s][A[A[A[A[A[A[A






Downloading [model.pt]:   8%|▊         | 152M/1.81G [00:56<10:20, 2.88MB/s][A[A[A[A[A[A[A






Downloading [model.pt]:   8%|▊         | 153M/1.81G [00:56<10:16, 2.90MB/s][A[A[A[A[A[A[A






Downloading [model.pt]:   8%|▊         | 154M/1.81G [00:56<09:43, 3.06MB/s][A[A[A[A[A[A[A






Downloading [model.pt]:   8%|▊         | 155M/1.81G [00:57<09:52, 3.01MB/s][A[A[A[A[A[A[A






Downloading [model.pt]:   8%|▊         | 156M/1.81G [00:57<10:06, 2.94MB/s][A[A[A[A[A[A[A






Downloading [model.pt]:   8%|▊         | 157M/1.81G [00:57<10:13, 2.90MB/s][A[A[A[A[A[A[A






Downloading [model.pt]:   9%|▊         | 158M/1.81G [00:58<10:32, 2.81MB/s][A[A[A[A[A[A[A






Downloading [model.pt]:   9%|▊         | 159M/1.81G [00:58<09:45, 3.04MB/s][A[A[A[A[A[A[A






Downloading [model.pt]:   9%|▊         | 160M/1.81G [00:58<09:38, 3.07MB/s][A[A[A[A[A[A[A






Downloading [model.pt]:   9%|▊         | 161M/1.81G [00:59<09:18, 3.18MB/s][A[A[A[A[A[A[A






Downloading [model.pt]:   9%|▊         | 162M/1.81G [00:59<09:20, 3.17MB/s][A[A[A[A[A[A[A






Downloading [model.pt]:   9%|▉         | 163M/1.81G [01:00<10:05, 2.93MB/s][A[A[A[A[A[A[A






Downloading [model.pt]:   9%|▉         | 164M/1.81G [01:00<10:04, 2.94MB/s][A[A[A[A[A[A[A






Downloading [model.pt]:   9%|▉         | 165M/1.81G [01:00<09:28, 3.12MB/s][A[A[A[A[A[A[A






Downloading [model.pt]:   9%|▉         | 166M/1.81G [01:01<10:04, 2.93MB/s][A[A[A[A[A[A[A






Downloading [model.pt]:   9%|▉         | 167M/1.81G [01:01<09:55, 2.97MB/s][A[A[A[A[A[A[A






Downloading [model.pt]:   9%|▉         | 168M/1.81G [01:01<09:58, 2.96MB/s][A[A[A[A[A[A[A






Downloading [model.pt]:   9%|▉         | 169M/1.81G [01:02<10:29, 2.81MB/s][A[A[A[A[A[A[A






Downloading [model.pt]:   9%|▉         | 170M/1.81G [01:02<10:29, 2.81MB/s][A[A[A[A[A[A[A






Downloading [model.pt]:   9%|▉         | 171M/1.81G [01:02<10:04, 2.92MB/s][A[A[A[A[A[A[A






Downloading [model.pt]:   9%|▉         | 172M/1.81G [01:03<10:51, 2.71MB/s][A[A[A[A[A[A[A






Downloading [model.pt]:   9%|▉         | 173M/1.81G [01:03<11:20, 2.59MB/s][A[A[A[A[A[A[A






Downloading [model.pt]:   9%|▉         | 174M/1.81G [01:04<10:42, 2.74MB/s][A[A[A[A[A[A[A






Downloading [model.pt]:   9%|▉         | 175M/1.81G [01:04<10:40, 2.75MB/s][A[A[A[A[A[A[A






Downloading [model.pt]:   9%|▉         | 176M/1.81G [01:04<10:25, 2.82MB/s][A[A[A[A[A[A[A






Downloading [model.pt]:  10%|▉         | 177M/1.81G [01:05<10:58, 2.67MB/s][A[A[A[A[A[A[A






Downloading [model.pt]:  10%|▉         | 178M/1.81G [01:05<10:51, 2.70MB/s][A[A[A[A[A[A[A






Downloading [model.pt]:  10%|▉         | 179M/1.81G [01:06<10:32, 2.78MB/s][A[A[A[A[A[A[A






Downloading [model.pt]:  10%|▉         | 180M/1.81G [01:06<10:00, 2.92MB/s][A[A[A[A[A[A[A






Downloading [model.pt]:  10%|▉         | 181M/1.81G [01:06<10:32, 2.78MB/s][A[A[A[A[A[A[A






Downloading [model.pt]:  10%|▉         | 182M/1.81G [01:07<10:34, 2.77MB/s][A[A[A[A[A[A[A






Downloading [model.pt]:  10%|▉         | 183M/1.81G [01:07<10:57, 2.67MB/s][A[A[A[A[A[A[A






Downloading [model.pt]:  10%|▉         | 184M/1.81G [01:07<11:17, 2.59MB/s][A[A[A[A[A[A[A






Downloading [model.pt]:  10%|▉         | 185M/1.81G [01:08<10:55, 2.67MB/s][A[A[A[A[A[A[A






Downloading [model.pt]:  10%|█         | 186M/1.81G [01:08<10:38, 2.74MB/s][A[A[A[A[A[A[A






Downloading [model.pt]:  10%|█         | 187M/1.81G [01:09<10:14, 2.85MB/s][A[A[A[A[A[A[A






Downloading [model.pt]:  10%|█         | 188M/1.81G [01:09<10:01, 2.91MB/s][A[A[A[A[A[A[A






Downloading [model.pt]:  10%|█         | 189M/1.81G [01:09<09:51, 2.95MB/s][A[A[A[A[A[A[A






Downloading [model.pt]:  10%|█         | 190M/1.81G [01:10<09:48, 2.97MB/s][A[A[A[A[A[A[A






Downloading [model.pt]:  10%|█         | 191M/1.81G [01:10<09:55, 2.93MB/s][A[A[A[A[A[A[A






Downloading [model.pt]:  10%|█         | 192M/1.81G [01:10<10:22, 2.80MB/s][A[A[A[A[A[A[A






Downloading [model.pt]:  10%|█         | 193M/1.81G [01:11<10:03, 2.89MB/s][A[A[A[A[A[A[A






Downloading [model.pt]:  10%|█         | 194M/1.81G [01:11<10:02, 2.89MB/s][A[A[A[A[A[A[A






Downloading [model.pt]:  11%|█         | 195M/1.81G [01:11<09:46, 2.97MB/s][A[A[A[A[A[A[A






Downloading [model.pt]:  11%|█         | 196M/1.81G [01:12<09:59, 2.90MB/s][A[A[A[A[A[A[A






Downloading [model.pt]:  11%|█         | 197M/1.81G [01:12<10:35, 2.74MB/s][A[A[A[A[A[A[A






Downloading [model.pt]:  11%|█         | 198M/1.81G [01:13<10:37, 2.73MB/s][A[A[A[A[A[A[A






Downloading [model.pt]:  11%|█         | 199M/1.81G [01:13<10:43, 2.70MB/s][A[A[A[A[A[A[A






Downloading [model.pt]:  11%|█         | 200M/1.81G [01:13<10:24, 2.78MB/s][A[A[A[A[A[A[A






Downloading [model.pt]:  11%|█         | 201M/1.81G [01:14<09:51, 2.93MB/s][A[A[A[A[A[A[A






Downloading [model.pt]:  11%|█         | 202M/1.81G [01:14<10:11, 2.84MB/s][A[A[A[A[A[A[A






Downloading [model.pt]:  11%|█         | 203M/1.81G [01:14<09:53, 2.92MB/s][A[A[A[A[A[A[A






Downloading [model.pt]:  11%|█         | 204M/1.81G [01:15<10:06, 2.86MB/s][A[A[A[A[A[A[A






Downloading [model.pt]:  11%|█         | 205M/1.81G [01:15<10:23, 2.78MB/s][A[A[A[A[A[A[A






Downloading [model.pt]:  11%|█         | 206M/1.81G [01:16<10:13, 2.82MB/s][A[A[A[A[A[A[A






Downloading [model.pt]:  11%|█         | 207M/1.81G [01:16<10:08, 2.84MB/s][A[A[A[A[A[A[A






Downloading [model.pt]:  11%|█         | 208M/1.81G [01:16<10:12, 2.82MB/s][A[A[A[A[A[A[A






Downloading [model.pt]:  11%|█▏        | 209M/1.81G [01:17<10:43, 2.68MB/s][A[A[A[A[A[A[A






Downloading [model.pt]:  11%|█▏        | 210M/1.81G [01:17<10:13, 2.81MB/s][A[A[A[A[A[A[A






Downloading [model.pt]:  11%|█▏        | 211M/1.81G [01:17<10:33, 2.72MB/s][A[A[A[A[A[A[A






Downloading [model.pt]:  11%|█▏        | 212M/1.81G [01:18<10:47, 2.66MB/s][A[A[A[A[A[A[A






Downloading [model.pt]:  11%|█▏        | 213M/1.81G [01:18<11:03, 2.60MB/s][A[A[A[A[A[A[A






Downloading [model.pt]:  12%|█▏        | 214M/1.81G [01:19<10:48, 2.65MB/s][A[A[A[A[A[A[A






Downloading [model.pt]:  12%|█▏        | 215M/1.81G [01:19<10:32, 2.72MB/s][A[A[A[A[A[A[A






Downloading [model.pt]:  12%|█▏        | 216M/1.81G [01:19<10:39, 2.69MB/s][A[A[A[A[A[A[A






Downloading [model.pt]:  12%|█▏        | 217M/1.81G [01:20<10:31, 2.72MB/s][A[A[A[A[A[A[A






Downloading [model.pt]:  12%|█▏        | 218M/1.81G [01:20<10:16, 2.78MB/s][A[A[A[A[A[A[A






Downloading [model.pt]:  12%|█▏        | 219M/1.81G [01:21<10:18, 2.77MB/s][A[A[A[A[A[A[A






Downloading [model.pt]:  12%|█▏        | 220M/1.81G [01:21<10:37, 2.69MB/s][A[A[A[A[A[A[A






Downloading [model.pt]:  12%|█▏        | 221M/1.81G [01:21<10:04, 2.84MB/s][A[A[A[A[A[A[A






Downloading [model.pt]:  12%|█▏        | 222M/1.81G [01:22<09:58, 2.86MB/s][A[A[A[A[A[A[A






Downloading [model.pt]:  12%|█▏        | 223M/1.81G [01:22<09:57, 2.87MB/s][A[A[A[A[A[A[A






Downloading [model.pt]:  12%|█▏        | 224M/1.81G [01:22<09:38, 2.96MB/s][A[A[A[A[A[A[A






Downloading [model.pt]:  12%|█▏        | 225M/1.81G [01:23<09:42, 2.93MB/s][A[A[A[A[A[A[A






Downloading [model.pt]:  12%|█▏        | 226M/1.81G [01:23<09:29, 3.00MB/s][A[A[A[A[A[A[A






Downloading [model.pt]:  12%|█▏        | 227M/1.81G [01:23<09:30, 2.99MB/s][A[A[A[A[A[A[A






Downloading [model.pt]:  12%|█▏        | 228M/1.81G [01:24<10:13, 2.78MB/s][A[A[A[A[A[A[A






Downloading [model.pt]:  12%|█▏        | 229M/1.81G [01:24<10:16, 2.77MB/s][A[A[A[A[A[A[A






Downloading [model.pt]:  12%|█▏        | 230M/1.81G [01:25<09:41, 2.93MB/s][A[A[A[A[A[A[A






Downloading [model.pt]:  12%|█▏        | 231M/1.81G [01:25<09:40, 2.93MB/s][A[A[A[A[A[A[A






Downloading [model.pt]:  13%|█▎        | 232M/1.81G [01:25<09:18, 3.05MB/s][A[A[A[A[A[A[A






Downloading [model.pt]:  13%|█▎        | 233M/1.81G [01:25<08:52, 3.20MB/s][A[A[A[A[A[A[A






Downloading [model.pt]:  13%|█▎        | 234M/1.81G [01:26<08:44, 3.24MB/s][A[A[A[A[A[A[A






Downloading [model.pt]:  13%|█▎        | 235M/1.81G [01:26<09:02, 3.13MB/s][A[A[A[A[A[A[A






Downloading [model.pt]:  13%|█▎        | 236M/1.81G [01:26<08:53, 3.18MB/s][A[A[A[A[A[A[A






Downloading [model.pt]:  13%|█▎        | 237M/1.81G [01:27<08:53, 3.18MB/s][A[A[A[A[A[A[A






Downloading [model.pt]:  13%|█▎        | 238M/1.81G [01:27<09:16, 3.05MB/s][A[A[A[A[A[A[A






Downloading [model.pt]:  13%|█▎        | 239M/1.81G [01:28<09:37, 2.94MB/s][A[A[A[A[A[A[A






Downloading [model.pt]:  13%|█▎        | 240M/1.81G [01:28<10:10, 2.78MB/s][A[A[A[A[A[A[A






Downloading [model.pt]:  13%|█▎        | 241M/1.81G [01:28<09:41, 2.91MB/s][A[A[A[A[A[A[A






Downloading [model.pt]:  13%|█▎        | 242M/1.81G [01:29<09:21, 3.01MB/s][A[A[A[A[A[A[A






Downloading [model.pt]:  13%|█▎        | 243M/1.81G [01:29<09:03, 3.11MB/s][A[A[A[A[A[A[A






Downloading [model.pt]:  13%|█▎        | 244M/1.81G [01:29<09:21, 3.01MB/s][A[A[A[A[A[A[A






Downloading [model.pt]:  13%|█▎        | 245M/1.81G [01:30<09:05, 3.10MB/s][A[A[A[A[A[A[A






Downloading [model.pt]:  13%|█▎        | 246M/1.81G [01:30<09:10, 3.07MB/s][A[A[A[A[A[A[A






Downloading [model.pt]:  13%|█▎        | 247M/1.81G [01:30<09:26, 2.98MB/s][A[A[A[A[A[A[A






Downloading [model.pt]:  13%|█▎        | 248M/1.81G [01:31<09:44, 2.88MB/s][A[A[A[A[A[A[A






Downloading [model.pt]:  13%|█▎        | 249M/1.81G [01:31<10:01, 2.80MB/s][A[A[A[A[A[A[A






Downloading [model.pt]:  13%|█▎        | 250M/1.81G [01:32<10:08, 2.77MB/s][A[A[A[A[A[A[A






Downloading [model.pt]:  14%|█▎        | 251M/1.81G [01:32<10:14, 2.74MB/s][A[A[A[A[A[A[A






Downloading [model.pt]:  14%|█▎        | 252M/1.81G [01:32<09:48, 2.86MB/s][A[A[A[A[A[A[A






Downloading [model.pt]:  14%|█▎        | 253M/1.81G [01:33<10:00, 2.80MB/s][A[A[A[A[A[A[A






Downloading [model.pt]:  14%|█▎        | 254M/1.81G [01:33<09:23, 2.98MB/s][A[A[A[A[A[A[A






Downloading [model.pt]:  14%|█▎        | 255M/1.81G [01:33<09:00, 3.11MB/s][A[A[A[A[A[A[A






Downloading [model.pt]:  14%|█▍        | 256M/1.81G [01:34<08:56, 3.13MB/s][A[A[A[A[A[A[A






Downloading [model.pt]:  14%|█▍        | 257M/1.81G [01:34<09:07, 3.06MB/s][A[A[A[A[A[A[A






Downloading [model.pt]:  14%|█▍        | 258M/1.81G [01:34<09:46, 2.86MB/s][A[A[A[A[A[A[A






Downloading [model.pt]:  14%|█▍        | 259M/1.81G [01:35<09:12, 3.03MB/s][A[A[A[A[A[A[A






Downloading [model.pt]:  14%|█▍        | 260M/1.81G [01:35<08:50, 3.15MB/s][A[A[A[A[A[A[A






Downloading [model.pt]:  14%|█▍        | 261M/1.81G [01:35<09:02, 3.08MB/s][A[A[A[A[A[A[A






Downloading [model.pt]:  14%|█▍        | 262M/1.81G [01:36<09:11, 3.03MB/s][A[A[A[A[A[A[A






Downloading [model.pt]:  14%|█▍        | 263M/1.81G [01:36<08:49, 3.16MB/s][A[A[A[A[A[A[A






Downloading [model.pt]:  14%|█▍        | 264M/1.81G [01:36<08:46, 3.17MB/s][A[A[A[A[A[A[A






Downloading [model.pt]:  14%|█▍        | 265M/1.81G [01:37<08:46, 3.17MB/s][A[A[A[A[A[A[A






Downloading [model.pt]:  14%|█▍        | 266M/1.81G [01:37<08:54, 3.12MB/s][A[A[A[A[A[A[A






Downloading [model.pt]:  14%|█▍        | 267M/1.81G [01:37<09:17, 2.99MB/s][A[A[A[A[A[A[A






Downloading [model.pt]:  14%|█▍        | 268M/1.81G [01:38<09:12, 3.01MB/s][A[A[A[A[A[A[A






Downloading [model.pt]:  14%|█▍        | 269M/1.81G [01:38<09:08, 3.03MB/s][A[A[A[A[A[A[A






Downloading [model.pt]:  15%|█▍        | 270M/1.81G [01:38<09:32, 2.90MB/s][A[A[A[A[A[A[A






Downloading [model.pt]:  15%|█▍        | 271M/1.81G [01:39<09:27, 2.93MB/s][A[A[A[A[A[A[A






Downloading [model.pt]:  15%|█▍        | 272M/1.81G [01:39<09:22, 2.95MB/s][A[A[A[A[A[A[A






Downloading [model.pt]:  15%|█▍        | 273M/1.81G [01:39<09:11, 3.01MB/s][A[A[A[A[A[A[A






Downloading [model.pt]:  15%|█▍        | 274M/1.81G [01:40<09:12, 3.00MB/s][A[A[A[A[A[A[A






Downloading [model.pt]:  15%|█▍        | 275M/1.81G [01:40<09:17, 2.97MB/s][A[A[A[A[A[A[A






Downloading [model.pt]:  15%|█▍        | 276M/1.81G [01:41<09:01, 3.06MB/s][A[A[A[A[A[A[A






Downloading [model.pt]:  15%|█▍        | 277M/1.81G [01:41<08:54, 3.09MB/s][A[A[A[A[A[A[A






Downloading [model.pt]:  15%|█▍        | 278M/1.81G [01:41<09:40, 2.85MB/s][A[A[A[A[A[A[A






Downloading [model.pt]:  15%|█▌        | 279M/1.81G [01:42<09:57, 2.77MB/s][A[A[A[A[A[A[A






Downloading [model.pt]:  15%|█▌        | 280M/1.81G [01:42<09:17, 2.96MB/s][A[A[A[A[A[A[A






Downloading [model.pt]:  15%|█▌        | 281M/1.81G [01:42<09:16, 2.97MB/s][A[A[A[A[A[A[A






Downloading [model.pt]:  15%|█▌        | 282M/1.81G [01:43<09:50, 2.80MB/s][A[A[A[A[A[A[A






Downloading [model.pt]:  15%|█▌        | 283M/1.81G [01:43<09:52, 2.79MB/s][A[A[A[A[A[A[A






Downloading [model.pt]:  15%|█▌        | 284M/1.81G [01:43<09:37, 2.85MB/s][A[A[A[A[A[A[A






Downloading [model.pt]:  15%|█▌        | 285M/1.81G [01:44<09:36, 2.86MB/s][A[A[A[A[A[A[A






Downloading [model.pt]:  15%|█▌        | 286M/1.81G [01:44<09:09, 3.00MB/s][A[A[A[A[A[A[A






Downloading [model.pt]:  15%|█▌        | 287M/1.81G [01:44<08:42, 3.15MB/s][A[A[A[A[A[A[A






Downloading [model.pt]:  16%|█▌        | 288M/1.81G [01:45<08:37, 3.18MB/s][A[A[A[A[A[A[A






Downloading [model.pt]:  16%|█▌        | 289M/1.81G [01:45<08:25, 3.25MB/s][A[A[A[A[A[A[A






Downloading [model.pt]:  16%|█▌        | 290M/1.81G [01:45<08:42, 3.14MB/s][A[A[A[A[A[A[A






Downloading [model.pt]:  16%|█▌        | 291M/1.81G [01:46<09:12, 2.97MB/s][A[A[A[A[A[A[A






Downloading [model.pt]:  16%|█▌        | 292M/1.81G [01:46<09:11, 2.97MB/s][A[A[A[A[A[A[A






Downloading [model.pt]:  16%|█▌        | 293M/1.81G [01:46<08:47, 3.11MB/s][A[A[A[A[A[A[A






Downloading [model.pt]:  16%|█▌        | 294M/1.81G [01:47<08:54, 3.06MB/s][A[A[A[A[A[A[A






Downloading [model.pt]:  16%|█▌        | 295M/1.81G [01:47<09:02, 3.02MB/s][A[A[A[A[A[A[A






Downloading [model.pt]:  16%|█▌        | 296M/1.81G [01:48<09:32, 2.85MB/s][A[A[A[A[A[A[A






Downloading [model.pt]:  16%|█▌        | 297M/1.81G [01:48<09:13, 2.95MB/s][A[A[A[A[A[A[A






Downloading [model.pt]:  16%|█▌        | 298M/1.81G [01:48<08:55, 3.05MB/s][A[A[A[A[A[A[A






Downloading [model.pt]:  16%|█▌        | 299M/1.81G [01:49<09:05, 2.99MB/s][A[A[A[A[A[A[A






Downloading [model.pt]:  16%|█▌        | 300M/1.81G [01:49<09:00, 3.02MB/s][A[A[A[A[A[A[A






Downloading [model.pt]:  16%|█▌        | 301M/1.81G [01:49<09:21, 2.90MB/s][A[A[A[A[A[A[A






Downloading [model.pt]:  16%|█▋        | 302M/1.81G [01:50<08:53, 3.05MB/s][A[A[A[A[A[A[A






Downloading [model.pt]:  16%|█▋        | 303M/1.81G [01:50<08:43, 3.11MB/s][A[A[A[A[A[A[A






Downloading [model.pt]:  16%|█▋        | 304M/1.81G [01:50<08:17, 3.27MB/s][A[A[A[A[A[A[A






Downloading [model.pt]:  16%|█▋        | 305M/1.81G [01:51<08:52, 3.05MB/s][A[A[A[A[A[A[A






Downloading [model.pt]:  16%|█▋        | 306M/1.81G [01:51<08:41, 3.12MB/s][A[A[A[A[A[A[A






Downloading [model.pt]:  17%|█▋        | 307M/1.81G [01:51<08:54, 3.04MB/s][A[A[A[A[A[A[A






Downloading [model.pt]:  17%|█▋        | 308M/1.81G [01:52<08:54, 3.04MB/s][A[A[A[A[A[A[A






Downloading [model.pt]:  17%|█▋        | 309M/1.81G [01:52<09:35, 2.82MB/s][A[A[A[A[A[A[A






Downloading [model.pt]:  17%|█▋        | 310M/1.81G [01:53<09:37, 2.81MB/s][A[A[A[A[A[A[A






Downloading [model.pt]:  17%|█▋        | 311M/1.81G [01:53<09:45, 2.77MB/s][A[A[A[A[A[A[A






Downloading [model.pt]:  17%|█▋        | 312M/1.81G [01:53<09:47, 2.75MB/s][A[A[A[A[A[A[A






Downloading [model.pt]:  17%|█▋        | 313M/1.81G [01:54<09:32, 2.83MB/s][A[A[A[A[A[A[A






Downloading [model.pt]:  17%|█▋        | 314M/1.81G [01:54<09:08, 2.95MB/s][A[A[A[A[A[A[A






Downloading [model.pt]:  17%|█▋        | 315M/1.81G [01:54<09:27, 2.85MB/s][A[A[A[A[A[A[A






Downloading [model.pt]:  17%|█▋        | 316M/1.81G [01:55<08:57, 3.00MB/s][A[A[A[A[A[A[A






Downloading [model.pt]:  17%|█▋        | 317M/1.81G [01:55<08:34, 3.14MB/s][A[A[A[A[A[A[A






Downloading [model.pt]:  17%|█▋        | 318M/1.81G [01:55<08:36, 3.12MB/s][A[A[A[A[A[A[A






Downloading [model.pt]:  17%|█▋        | 319M/1.81G [01:56<09:00, 2.98MB/s][A[A[A[A[A[A[A






Downloading [model.pt]:  17%|█▋        | 320M/1.81G [01:56<08:24, 3.19MB/s][A[A[A[A[A[A[A






Downloading [model.pt]:  17%|█▋        | 321M/1.81G [01:56<08:33, 3.13MB/s][A[A[A[A[A[A[A






Downloading [model.pt]:  17%|█▋        | 322M/1.81G [01:57<08:53, 3.01MB/s][A[A[A[A[A[A[A






Downloading [model.pt]:  17%|█▋        | 323M/1.81G [01:57<09:09, 2.93MB/s][A[A[A[A[A[A[A






Downloading [model.pt]:  17%|█▋        | 324M/1.81G [01:57<09:15, 2.89MB/s][A[A[A[A[A[A[A






Downloading [model.pt]:  18%|█▊        | 325M/1.81G [01:58<09:01, 2.96MB/s][A[A[A[A[A[A[A






Downloading [model.pt]:  18%|█▊        | 326M/1.81G [01:58<09:23, 2.85MB/s][A[A[A[A[A[A[A






Downloading [model.pt]:  18%|█▊        | 327M/1.81G [01:59<09:29, 2.81MB/s][A[A[A[A[A[A[A






Downloading [model.pt]:  18%|█▊        | 328M/1.81G [01:59<09:01, 2.96MB/s][A[A[A[A[A[A[A






Downloading [model.pt]:  18%|█▊        | 329M/1.81G [01:59<08:43, 3.06MB/s][A[A[A[A[A[A[A






Downloading [model.pt]:  18%|█▊        | 330M/1.81G [01:59<08:30, 3.13MB/s][A[A[A[A[A[A[A






Downloading [model.pt]:  18%|█▊        | 331M/1.81G [02:00<08:07, 3.28MB/s][A[A[A[A[A[A[A






Downloading [model.pt]:  18%|█▊        | 332M/1.81G [02:00<08:32, 3.12MB/s][A[A[A[A[A[A[A






Downloading [model.pt]:  18%|█▊        | 333M/1.81G [02:01<08:44, 3.04MB/s][A[A[A[A[A[A[A






Downloading [model.pt]:  18%|█▊        | 334M/1.81G [02:01<08:41, 3.06MB/s][A[A[A[A[A[A[A






Downloading [model.pt]:  18%|█▊        | 335M/1.81G [02:01<08:25, 3.16MB/s][A[A[A[A[A[A[A






Downloading [model.pt]:  18%|█▊        | 336M/1.81G [02:02<08:37, 3.08MB/s][A[A[A[A[A[A[A






Downloading [model.pt]:  18%|█▊        | 337M/1.81G [02:02<08:39, 3.07MB/s][A[A[A[A[A[A[A






Downloading [model.pt]:  18%|█▊        | 338M/1.81G [02:02<08:00, 3.32MB/s][A[A[A[A[A[A[A






Downloading [model.pt]:  18%|█▊        | 339M/1.81G [02:02<08:21, 3.17MB/s][A[A[A[A[A[A[A






Downloading [model.pt]:  18%|█▊        | 340M/1.81G [02:03<08:20, 3.17MB/s][A[A[A[A[A[A[A






Downloading [model.pt]:  18%|█▊        | 341M/1.81G [02:03<08:32, 3.10MB/s][A[A[A[A[A[A[A






Downloading [model.pt]:  18%|█▊        | 342M/1.81G [02:03<08:17, 3.19MB/s][A[A[A[A[A[A[A






Downloading [model.pt]:  18%|█▊        | 343M/1.81G [02:04<08:11, 3.23MB/s][A[A[A[A[A[A[A






Downloading [model.pt]:  19%|█▊        | 344M/1.81G [02:04<07:56, 3.32MB/s][A[A[A[A[A[A[A






Downloading [model.pt]:  19%|█▊        | 345M/1.81G [02:04<08:30, 3.11MB/s][A[A[A[A[A[A[A






Downloading [model.pt]:  19%|█▊        | 346M/1.81G [02:05<08:18, 3.18MB/s][A[A[A[A[A[A[A






Downloading [model.pt]:  19%|█▊        | 347M/1.81G [02:05<08:44, 3.01MB/s][A[A[A[A[A[A[A






Downloading [model.pt]:  19%|█▉        | 348M/1.81G [02:06<08:56, 2.94MB/s][A[A[A[A[A[A[A






Downloading [model.pt]:  19%|█▉        | 349M/1.81G [02:06<09:09, 2.88MB/s][A[A[A[A[A[A[A






Downloading [model.pt]:  19%|█▉        | 350M/1.81G [02:06<08:32, 3.08MB/s][A[A[A[A[A[A[A






Downloading [model.pt]:  19%|█▉        | 351M/1.81G [02:07<08:26, 3.11MB/s][A[A[A[A[A[A[A






Downloading [model.pt]:  19%|█▉        | 352M/1.81G [02:07<08:35, 3.06MB/s][A[A[A[A[A[A[A






Downloading [model.pt]:  19%|█▉        | 353M/1.81G [02:07<08:24, 3.12MB/s][A[A[A[A[A[A[A






Downloading [model.pt]:  19%|█▉        | 354M/1.81G [02:08<08:26, 3.11MB/s][A[A[A[A[A[A[A






Downloading [model.pt]:  19%|█▉        | 355M/1.81G [02:08<08:51, 2.96MB/s][A[A[A[A[A[A[A






Downloading [model.pt]:  19%|█▉        | 356M/1.81G [02:08<08:40, 3.02MB/s][A[A[A[A[A[A[A






Downloading [model.pt]:  19%|█▉        | 357M/1.81G [02:09<08:27, 3.10MB/s][A[A[A[A[A[A[A






Downloading [model.pt]:  19%|█▉        | 358M/1.81G [02:09<08:57, 2.92MB/s][A[A[A[A[A[A[A






Downloading [model.pt]:  19%|█▉        | 359M/1.81G [02:09<09:40, 2.70MB/s][A[A[A[A[A[A[A






Downloading [model.pt]:  19%|█▉        | 360M/1.81G [02:10<09:43, 2.69MB/s][A[A[A[A[A[A[A






Downloading [model.pt]:  19%|█▉        | 361M/1.81G [02:10<09:12, 2.83MB/s][A[A[A[A[A[A[A






Downloading [model.pt]:  20%|█▉        | 362M/1.81G [02:11<09:03, 2.88MB/s][A[A[A[A[A[A[A






Downloading [model.pt]:  20%|█▉        | 363M/1.81G [02:11<08:52, 2.94MB/s][A[A[A[A[A[A[A






Downloading [model.pt]:  20%|█▉        | 364M/1.81G [02:11<08:57, 2.91MB/s][A[A[A[A[A[A[A






Downloading [model.pt]:  20%|█▉        | 365M/1.81G [02:12<08:58, 2.90MB/s][A[A[A[A[A[A[A






Downloading [model.pt]:  20%|█▉        | 366M/1.81G [02:12<08:49, 2.95MB/s][A[A[A[A[A[A[A






Downloading [model.pt]:  20%|█▉        | 367M/1.81G [02:12<09:04, 2.87MB/s][A[A[A[A[A[A[A






Downloading [model.pt]:  20%|█▉        | 368M/1.81G [02:13<09:01, 2.88MB/s][A[A[A[A[A[A[A






Downloading [model.pt]:  20%|█▉        | 369M/1.81G [02:13<08:20, 3.12MB/s][A[A[A[A[A[A[A






Downloading [model.pt]:  20%|█▉        | 370M/1.81G [02:13<08:29, 3.06MB/s][A[A[A[A[A[A[A






Downloading [model.pt]:  20%|█▉        | 371M/1.81G [02:14<08:26, 3.07MB/s][A[A[A[A[A[A[A






Downloading [model.pt]:  20%|██        | 372M/1.81G [02:14<08:13, 3.15MB/s][A[A[A[A[A[A[A






Downloading [model.pt]:  20%|██        | 373M/1.81G [02:14<08:16, 3.13MB/s][A[A[A[A[A[A[A






Downloading [model.pt]:  20%|██        | 374M/1.81G [02:15<07:54, 3.27MB/s][A[A[A[A[A[A[A






Downloading [model.pt]:  20%|██        | 375M/1.81G [02:15<07:59, 3.24MB/s][A[A[A[A[A[A[A






Downloading [model.pt]:  20%|██        | 376M/1.81G [02:15<08:14, 3.14MB/s][A[A[A[A[A[A[A






Downloading [model.pt]:  20%|██        | 377M/1.81G [02:16<09:13, 2.80MB/s][A[A[A[A[A[A[A






Downloading [model.pt]:  20%|██        | 378M/1.81G [02:16<09:06, 2.83MB/s][A[A[A[A[A[A[A






Downloading [model.pt]:  20%|██        | 379M/1.81G [02:16<08:50, 2.92MB/s][A[A[A[A[A[A[A






Downloading [model.pt]:  20%|██        | 380M/1.81G [02:17<08:53, 2.90MB/s][A[A[A[A[A[A[A






Downloading [model.pt]:  21%|██        | 381M/1.81G [02:17<09:33, 2.70MB/s][A[A[A[A[A[A[A






Downloading [model.pt]:  21%|██        | 382M/1.81G [02:18<09:16, 2.78MB/s][A[A[A[A[A[A[A






Downloading [model.pt]:  21%|██        | 383M/1.81G [02:18<09:40, 2.66MB/s][A[A[A[A[A[A[A






Downloading [model.pt]:  21%|██        | 384M/1.81G [02:18<09:32, 2.70MB/s][A[A[A[A[A[A[A






Downloading [model.pt]:  21%|██        | 385M/1.81G [02:19<09:15, 2.77MB/s][A[A[A[A[A[A[A






Downloading [model.pt]:  21%|██        | 386M/1.81G [02:19<09:13, 2.78MB/s][A[A[A[A[A[A[A






Downloading [model.pt]:  21%|██        | 387M/1.81G [02:20<09:29, 2.70MB/s][A[A[A[A[A[A[A






Downloading [model.pt]:  21%|██        | 388M/1.81G [02:20<08:57, 2.86MB/s][A[A[A[A[A[A[A






Downloading [model.pt]:  21%|██        | 389M/1.81G [02:20<08:43, 2.94MB/s][A[A[A[A[A[A[A






Downloading [model.pt]:  21%|██        | 390M/1.81G [02:21<08:23, 3.05MB/s][A[A[A[A[A[A[A






Downloading [model.pt]:  21%|██        | 391M/1.81G [02:21<08:28, 3.02MB/s][A[A[A[A[A[A[A






Downloading [model.pt]:  21%|██        | 392M/1.81G [02:21<08:38, 2.96MB/s][A[A[A[A[A[A[A






Downloading [model.pt]:  21%|██        | 393M/1.81G [02:22<08:40, 2.95MB/s][A[A[A[A[A[A[A






Downloading [model.pt]:  21%|██        | 394M/1.81G [02:22<08:47, 2.91MB/s][A[A[A[A[A[A[A






Downloading [model.pt]:  21%|██▏       | 395M/1.81G [02:22<08:54, 2.87MB/s][A[A[A[A[A[A[A






Downloading [model.pt]:  21%|██▏       | 396M/1.81G [02:23<08:52, 2.87MB/s][A[A[A[A[A[A[A






Downloading [model.pt]:  21%|██▏       | 397M/1.81G [02:23<08:28, 3.01MB/s][A[A[A[A[A[A[A






Downloading [model.pt]:  21%|██▏       | 398M/1.81G [02:23<08:32, 2.98MB/s][A[A[A[A[A[A[A






Downloading [model.pt]:  22%|██▏       | 399M/1.81G [02:24<08:27, 3.01MB/s][A[A[A[A[A[A[A






Downloading [model.pt]:  22%|██▏       | 400M/1.81G [02:24<08:41, 2.93MB/s][A[A[A[A[A[A[A






Downloading [model.pt]:  22%|██▏       | 401M/1.81G [02:25<09:05, 2.80MB/s][A[A[A[A[A[A[A






Downloading [model.pt]:  22%|██▏       | 402M/1.81G [02:25<08:48, 2.89MB/s][A[A[A[A[A[A[A






Downloading [model.pt]:  22%|██▏       | 403M/1.81G [02:25<08:55, 2.85MB/s][A[A[A[A[A[A[A






Downloading [model.pt]:  22%|██▏       | 404M/1.81G [02:26<08:49, 2.87MB/s][A[A[A[A[A[A[A






Downloading [model.pt]:  22%|██▏       | 405M/1.81G [02:26<09:05, 2.79MB/s][A[A[A[A[A[A[A






Downloading [model.pt]:  22%|██▏       | 406M/1.81G [02:26<08:26, 3.00MB/s][A[A[A[A[A[A[A






Downloading [model.pt]:  22%|██▏       | 407M/1.81G [02:27<08:12, 3.08MB/s][A[A[A[A[A[A[A






Downloading [model.pt]:  22%|██▏       | 408M/1.81G [02:27<07:52, 3.21MB/s][A[A[A[A[A[A[A






Downloading [model.pt]:  22%|██▏       | 409M/1.81G [02:27<07:27, 3.39MB/s][A[A[A[A[A[A[A






Downloading [model.pt]:  22%|██▏       | 410M/1.81G [02:27<07:18, 3.45MB/s][A[A[A[A[A[A[A






Downloading [model.pt]:  22%|██▏       | 411M/1.81G [02:28<07:07, 3.55MB/s][A[A[A[A[A[A[A






Downloading [model.pt]:  22%|██▏       | 412M/1.81G [02:28<07:17, 3.46MB/s][A[A[A[A[A[A[A






Downloading [model.pt]:  22%|██▏       | 413M/1.81G [02:28<07:33, 3.34MB/s][A[A[A[A[A[A[A






Downloading [model.pt]:  22%|██▏       | 414M/1.81G [02:29<07:21, 3.42MB/s][A[A[A[A[A[A[A






Downloading [model.pt]:  22%|██▏       | 415M/1.81G [02:29<07:37, 3.30MB/s][A[A[A[A[A[A[A






Downloading [model.pt]:  22%|██▏       | 416M/1.81G [02:29<07:22, 3.41MB/s][A[A[A[A[A[A[A






Downloading [model.pt]:  22%|██▏       | 417M/1.81G [02:30<07:49, 3.21MB/s][A[A[A[A[A[A[A






Downloading [model.pt]:  23%|██▎       | 418M/1.81G [02:30<08:21, 3.01MB/s][A[A[A[A[A[A[A






Downloading [model.pt]:  23%|██▎       | 419M/1.81G [02:30<08:34, 2.93MB/s][A[A[A[A[A[A[A






Downloading [model.pt]:  23%|██▎       | 420M/1.81G [02:31<08:44, 2.87MB/s][A[A[A[A[A[A[A






Downloading [model.pt]:  23%|██▎       | 421M/1.81G [02:31<08:37, 2.91MB/s][A[A[A[A[A[A[A






Downloading [model.pt]:  23%|██▎       | 422M/1.81G [02:32<08:58, 2.79MB/s][A[A[A[A[A[A[A






Downloading [model.pt]:  23%|██▎       | 423M/1.81G [02:32<08:53, 2.82MB/s][A[A[A[A[A[A[A






Downloading [model.pt]:  23%|██▎       | 424M/1.81G [02:32<08:58, 2.79MB/s][A[A[A[A[A[A[A






Downloading [model.pt]:  23%|██▎       | 425M/1.81G [02:33<08:52, 2.82MB/s][A[A[A[A[A[A[A






Downloading [model.pt]:  23%|██▎       | 426M/1.81G [02:33<08:45, 2.85MB/s][A[A[A[A[A[A[A






Downloading [model.pt]:  23%|██▎       | 427M/1.81G [02:33<08:39, 2.88MB/s][A[A[A[A[A[A[A






Downloading [model.pt]:  23%|██▎       | 428M/1.81G [02:34<09:01, 2.77MB/s][A[A[A[A[A[A[A






Downloading [model.pt]:  23%|██▎       | 429M/1.81G [02:34<08:44, 2.85MB/s][A[A[A[A[A[A[A






Downloading [model.pt]:  23%|██▎       | 430M/1.81G [02:35<09:23, 2.65MB/s][A[A[A[A[A[A[A






Downloading [model.pt]:  23%|██▎       | 431M/1.81G [02:35<09:08, 2.72MB/s][A[A[A[A[A[A[A






Downloading [model.pt]:  23%|██▎       | 432M/1.81G [02:35<08:56, 2.78MB/s][A[A[A[A[A[A[A






Downloading [model.pt]:  23%|██▎       | 433M/1.81G [02:36<08:27, 2.94MB/s][A[A[A[A[A[A[A






Downloading [model.pt]:  23%|██▎       | 434M/1.81G [02:36<08:25, 2.95MB/s][A[A[A[A[A[A[A






Downloading [model.pt]:  23%|██▎       | 435M/1.81G [02:36<08:34, 2.89MB/s][A[A[A[A[A[A[A






Downloading [model.pt]:  23%|██▎       | 436M/1.81G [02:37<08:41, 2.86MB/s][A[A[A[A[A[A[A






Downloading [model.pt]:  24%|██▎       | 437M/1.81G [02:37<08:47, 2.82MB/s][A[A[A[A[A[A[A






Downloading [model.pt]:  24%|██▎       | 438M/1.81G [02:38<08:52, 2.79MB/s][A[A[A[A[A[A[A






Downloading [model.pt]:  24%|██▎       | 439M/1.81G [02:38<08:44, 2.83MB/s][A[A[A[A[A[A[A






Downloading [model.pt]:  24%|██▎       | 440M/1.81G [02:38<08:59, 2.75MB/s][A[A[A[A[A[A[A






Downloading [model.pt]:  24%|██▍       | 441M/1.81G [02:39<08:44, 2.83MB/s][A[A[A[A[A[A[A






Downloading [model.pt]:  24%|██▍       | 442M/1.81G [02:39<08:52, 2.78MB/s][A[A[A[A[A[A[A






Downloading [model.pt]:  24%|██▍       | 443M/1.81G [02:39<08:50, 2.79MB/s][A[A[A[A[A[A[A






Downloading [model.pt]:  24%|██▍       | 444M/1.81G [02:40<08:31, 2.90MB/s][A[A[A[A[A[A[A






Downloading [model.pt]:  24%|██▍       | 445M/1.81G [02:40<08:41, 2.83MB/s][A[A[A[A[A[A[A






Downloading [model.pt]:  24%|██▍       | 446M/1.81G [02:41<08:50, 2.79MB/s][A[A[A[A[A[A[A






Downloading [model.pt]:  24%|██▍       | 447M/1.81G [02:41<08:32, 2.88MB/s][A[A[A[A[A[A[A






Downloading [model.pt]:  24%|██▍       | 448M/1.81G [02:41<08:40, 2.83MB/s][A[A[A[A[A[A[A






Downloading [model.pt]:  24%|██▍       | 449M/1.81G [02:42<08:39, 2.84MB/s][A[A[A[A[A[A[A






Downloading [model.pt]:  24%|██▍       | 450M/1.81G [02:42<08:50, 2.78MB/s][A[A[A[A[A[A[A






Downloading [model.pt]:  24%|██▍       | 451M/1.81G [02:42<09:06, 2.70MB/s][A[A[A[A[A[A[A






Downloading [model.pt]:  24%|██▍       | 452M/1.81G [02:43<09:31, 2.58MB/s][A[A[A[A[A[A[A






Downloading [model.pt]:  24%|██▍       | 453M/1.81G [02:43<09:38, 2.54MB/s][A[A[A[A[A[A[A






Downloading [model.pt]:  24%|██▍       | 454M/1.81G [02:44<09:34, 2.56MB/s][A[A[A[A[A[A[A






Downloading [model.pt]:  25%|██▍       | 455M/1.81G [02:44<09:28, 2.58MB/s][A[A[A[A[A[A[A






Downloading [model.pt]:  25%|██▍       | 456M/1.81G [02:44<08:49, 2.77MB/s][A[A[A[A[A[A[A






Downloading [model.pt]:  25%|██▍       | 457M/1.81G [02:45<08:43, 2.80MB/s][A[A[A[A[A[A[A






Downloading [model.pt]:  25%|██▍       | 458M/1.81G [02:45<08:25, 2.90MB/s][A[A[A[A[A[A[A






Downloading [model.pt]:  25%|██▍       | 459M/1.81G [02:46<08:29, 2.87MB/s][A[A[A[A[A[A[A






Downloading [model.pt]:  25%|██▍       | 460M/1.81G [02:46<08:55, 2.73MB/s][A[A[A[A[A[A[A






Downloading [model.pt]:  25%|██▍       | 461M/1.81G [02:46<08:32, 2.85MB/s][A[A[A[A[A[A[A






Downloading [model.pt]:  25%|██▍       | 462M/1.81G [02:47<07:59, 3.05MB/s][A[A[A[A[A[A[A






Downloading [model.pt]:  25%|██▍       | 463M/1.81G [02:47<07:57, 3.06MB/s][A[A[A[A[A[A[A






Downloading [model.pt]:  25%|██▌       | 464M/1.81G [02:47<07:36, 3.19MB/s][A[A[A[A[A[A[A






Downloading [model.pt]:  25%|██▌       | 465M/1.81G [02:48<07:33, 3.21MB/s][A[A[A[A[A[A[A






Downloading [model.pt]:  25%|██▌       | 466M/1.81G [02:48<07:49, 3.11MB/s][A[A[A[A[A[A[A






Downloading [model.pt]:  25%|██▌       | 467M/1.81G [02:48<07:39, 3.17MB/s][A[A[A[A[A[A[A






Downloading [model.pt]:  25%|██▌       | 468M/1.81G [02:49<08:14, 2.94MB/s][A[A[A[A[A[A[A






Downloading [model.pt]:  25%|██▌       | 469M/1.81G [02:49<08:04, 3.00MB/s][A[A[A[A[A[A[A






Downloading [model.pt]:  25%|██▌       | 470M/1.81G [02:49<08:08, 2.98MB/s][A[A[A[A[A[A[A






Downloading [model.pt]:  25%|██▌       | 471M/1.81G [02:50<07:49, 3.09MB/s][A[A[A[A[A[A[A






Downloading [model.pt]:  25%|██▌       | 472M/1.81G [02:50<08:23, 2.88MB/s][A[A[A[A[A[A[A






Downloading [model.pt]:  25%|██▌       | 473M/1.81G [02:50<08:03, 3.00MB/s][A[A[A[A[A[A[A






Downloading [model.pt]:  26%|██▌       | 474M/1.81G [02:51<08:21, 2.89MB/s][A[A[A[A[A[A[A






Downloading [model.pt]:  26%|██▌       | 475M/1.81G [02:51<08:20, 2.89MB/s][A[A[A[A[A[A[A






Downloading [model.pt]:  26%|██▌       | 476M/1.81G [02:51<08:07, 2.96MB/s][A[A[A[A[A[A[A






Downloading [model.pt]:  26%|██▌       | 477M/1.81G [02:52<08:22, 2.88MB/s][A[A[A[A[A[A[A






Downloading [model.pt]:  26%|██▌       | 478M/1.81G [02:52<08:21, 2.88MB/s][A[A[A[A[A[A[A






Downloading [model.pt]:  26%|██▌       | 479M/1.81G [02:53<08:17, 2.90MB/s][A[A[A[A[A[A[A






Downloading [model.pt]:  26%|██▌       | 480M/1.81G [02:53<07:56, 3.03MB/s][A[A[A[A[A[A[A






Downloading [model.pt]:  26%|██▌       | 481M/1.81G [02:53<07:35, 3.17MB/s][A[A[A[A[A[A[A






Downloading [model.pt]:  26%|██▌       | 482M/1.81G [02:53<07:22, 3.25MB/s][A[A[A[A[A[A[A






Downloading [model.pt]:  26%|██▌       | 483M/1.81G [02:54<07:24, 3.24MB/s][A[A[A[A[A[A[A






Downloading [model.pt]:  26%|██▌       | 484M/1.81G [02:54<07:34, 3.16MB/s][A[A[A[A[A[A[A






Downloading [model.pt]:  26%|██▌       | 485M/1.81G [02:55<07:53, 3.03MB/s][A[A[A[A[A[A[A






Downloading [model.pt]:  26%|██▌       | 486M/1.81G [02:55<07:39, 3.13MB/s][A[A[A[A[A[A[A






Downloading [model.pt]:  26%|██▌       | 487M/1.81G [02:55<07:38, 3.13MB/s][A[A[A[A[A[A[A






Downloading [model.pt]:  26%|██▋       | 488M/1.81G [02:56<08:00, 2.99MB/s][A[A[A[A[A[A[A






Downloading [model.pt]:  26%|██▋       | 489M/1.81G [02:56<08:08, 2.93MB/s][A[A[A[A[A[A[A






Downloading [model.pt]:  26%|██▋       | 490M/1.81G [02:56<08:03, 2.96MB/s][A[A[A[A[A[A[A






Downloading [model.pt]:  26%|██▋       | 491M/1.81G [02:57<07:51, 3.04MB/s][A[A[A[A[A[A[A






Downloading [model.pt]:  27%|██▋       | 492M/1.81G [02:57<07:45, 3.07MB/s][A[A[A[A[A[A[A






Downloading [model.pt]:  27%|██▋       | 493M/1.81G [02:57<07:49, 3.04MB/s][A[A[A[A[A[A[A






Downloading [model.pt]:  27%|██▋       | 494M/1.81G [02:58<07:32, 3.16MB/s][A[A[A[A[A[A[A






Downloading [model.pt]:  27%|██▋       | 495M/1.81G [02:58<07:37, 3.12MB/s][A[A[A[A[A[A[A






Downloading [model.pt]:  27%|██▋       | 496M/1.81G [02:58<07:10, 3.31MB/s][A[A[A[A[A[A[A






Downloading [model.pt]:  27%|██▋       | 497M/1.81G [02:59<07:36, 3.12MB/s][A[A[A[A[A[A[A






Downloading [model.pt]:  27%|██▋       | 498M/1.81G [02:59<08:12, 2.89MB/s][A[A[A[A[A[A[A






Downloading [model.pt]:  27%|██▋       | 499M/1.81G [02:59<08:17, 2.86MB/s][A[A[A[A[A[A[A






Downloading [model.pt]:  27%|██▋       | 500M/1.81G [03:00<08:01, 2.95MB/s][A[A[A[A[A[A[A






Downloading [model.pt]:  27%|██▋       | 501M/1.81G [03:00<07:31, 3.15MB/s][A[A[A[A[A[A[A






Downloading [model.pt]:  27%|██▋       | 502M/1.81G [03:00<07:22, 3.20MB/s][A[A[A[A[A[A[A






Downloading [model.pt]:  27%|██▋       | 503M/1.81G [03:01<07:42, 3.07MB/s][A[A[A[A[A[A[A






Downloading [model.pt]:  27%|██▋       | 504M/1.81G [03:01<08:07, 2.91MB/s][A[A[A[A[A[A[A






Downloading [model.pt]:  27%|██▋       | 505M/1.81G [03:01<08:10, 2.89MB/s][A[A[A[A[A[A[A






Downloading [model.pt]:  27%|██▋       | 506M/1.81G [03:02<08:05, 2.92MB/s][A[A[A[A[A[A[A






Downloading [model.pt]:  27%|██▋       | 507M/1.81G [03:02<07:53, 2.98MB/s][A[A[A[A[A[A[A






Downloading [model.pt]:  27%|██▋       | 508M/1.81G [03:03<08:02, 2.93MB/s][A[A[A[A[A[A[A






Downloading [model.pt]:  27%|██▋       | 509M/1.81G [03:03<08:06, 2.90MB/s][A[A[A[A[A[A[A






Downloading [model.pt]:  27%|██▋       | 510M/1.81G [03:03<08:15, 2.85MB/s][A[A[A[A[A[A[A






Downloading [model.pt]:  28%|██▊       | 511M/1.81G [03:04<08:39, 2.71MB/s][A[A[A[A[A[A[A






Downloading [model.pt]:  28%|██▊       | 512M/1.81G [03:04<08:10, 2.87MB/s][A[A[A[A[A[A[A






Downloading [model.pt]:  28%|██▊       | 513M/1.81G [03:04<07:44, 3.03MB/s][A[A[A[A[A[A[A






Downloading [model.pt]:  28%|██▊       | 514M/1.81G [03:05<07:53, 2.97MB/s][A[A[A[A[A[A[A






Downloading [model.pt]:  28%|██▊       | 515M/1.81G [03:05<08:29, 2.76MB/s][A[A[A[A[A[A[A






Downloading [model.pt]:  28%|██▊       | 516M/1.81G [03:05<08:11, 2.86MB/s][A[A[A[A[A[A[A






Downloading [model.pt]:  28%|██▊       | 517M/1.81G [03:06<08:28, 2.76MB/s][A[A[A[A[A[A[A






Downloading [model.pt]:  28%|██▊       | 518M/1.81G [03:06<08:27, 2.76MB/s][A[A[A[A[A[A[A






Downloading [model.pt]:  28%|██▊       | 519M/1.81G [03:07<08:02, 2.90MB/s][A[A[A[A[A[A[A






Downloading [model.pt]:  28%|██▊       | 520M/1.81G [03:07<08:07, 2.88MB/s][A[A[A[A[A[A[A






Downloading [model.pt]:  28%|██▊       | 521M/1.81G [03:07<07:31, 3.10MB/s][A[A[A[A[A[A[A






Downloading [model.pt]:  28%|██▊       | 522M/1.81G [03:08<07:40, 3.04MB/s][A[A[A[A[A[A[A






Downloading [model.pt]:  28%|██▊       | 523M/1.81G [03:08<08:05, 2.88MB/s][A[A[A[A[A[A[A






Downloading [model.pt]:  28%|██▊       | 524M/1.81G [03:08<08:30, 2.73MB/s][A[A[A[A[A[A[A






Downloading [model.pt]:  28%|██▊       | 525M/1.81G [03:09<08:34, 2.71MB/s][A[A[A[A[A[A[A






Downloading [model.pt]:  28%|██▊       | 526M/1.81G [03:09<08:08, 2.85MB/s][A[A[A[A[A[A[A






Downloading [model.pt]:  28%|██▊       | 527M/1.81G [03:09<08:06, 2.87MB/s][A[A[A[A[A[A[A






Downloading [model.pt]:  28%|██▊       | 528M/1.81G [03:10<07:25, 3.13MB/s][A[A[A[A[A[A[A






Downloading [model.pt]:  29%|██▊       | 529M/1.81G [03:10<07:38, 3.04MB/s][A[A[A[A[A[A[A






Downloading [model.pt]:  29%|██▊       | 530M/1.81G [03:10<07:43, 3.00MB/s][A[A[A[A[A[A[A






Downloading [model.pt]:  29%|██▊       | 531M/1.81G [03:11<07:27, 3.10MB/s][A[A[A[A[A[A[A






Downloading [model.pt]:  29%|██▊       | 532M/1.81G [03:11<07:28, 3.10MB/s][A[A[A[A[A[A[A






Downloading [model.pt]:  29%|██▊       | 533M/1.81G [03:12<07:46, 2.97MB/s][A[A[A[A[A[A[A






Downloading [model.pt]:  29%|██▉       | 534M/1.81G [03:12<07:55, 2.91MB/s][A[A[A[A[A[A[A






Downloading [model.pt]:  29%|██▉       | 535M/1.81G [03:12<07:47, 2.96MB/s][A[A[A[A[A[A[A






Downloading [model.pt]:  29%|██▉       | 536M/1.81G [03:13<07:53, 2.92MB/s][A[A[A[A[A[A[A






Downloading [model.pt]:  29%|██▉       | 537M/1.81G [03:13<07:56, 2.90MB/s][A[A[A[A[A[A[A






Downloading [model.pt]:  29%|██▉       | 538M/1.81G [03:13<07:44, 2.97MB/s][A[A[A[A[A[A[A






Downloading [model.pt]:  29%|██▉       | 539M/1.81G [03:14<07:47, 2.95MB/s][A[A[A[A[A[A[A






Downloading [model.pt]:  29%|██▉       | 540M/1.81G [03:14<07:32, 3.05MB/s][A[A[A[A[A[A[A






Downloading [model.pt]:  29%|██▉       | 541M/1.81G [03:14<07:22, 3.12MB/s][A[A[A[A[A[A[A






Downloading [model.pt]:  29%|██▉       | 542M/1.81G [03:15<07:43, 2.97MB/s][A[A[A[A[A[A[A






Downloading [model.pt]:  29%|██▉       | 543M/1.81G [03:15<07:47, 2.94MB/s][A[A[A[A[A[A[A






Downloading [model.pt]:  29%|██▉       | 544M/1.81G [03:15<07:55, 2.89MB/s][A[A[A[A[A[A[A






Downloading [model.pt]:  29%|██▉       | 545M/1.81G [03:16<07:41, 2.98MB/s][A[A[A[A[A[A[A






Downloading [model.pt]:  29%|██▉       | 546M/1.81G [03:16<07:41, 2.98MB/s][A[A[A[A[A[A[A






Downloading [model.pt]:  29%|██▉       | 547M/1.81G [03:16<07:47, 2.94MB/s][A[A[A[A[A[A[A






Downloading [model.pt]:  30%|██▉       | 548M/1.81G [03:17<07:17, 3.13MB/s][A[A[A[A[A[A[A






Downloading [model.pt]:  30%|██▉       | 549M/1.81G [03:17<07:18, 3.13MB/s][A[A[A[A[A[A[A






Downloading [model.pt]:  30%|██▉       | 550M/1.81G [03:18<07:39, 2.98MB/s][A[A[A[A[A[A[A






Downloading [model.pt]:  30%|██▉       | 551M/1.81G [03:18<07:47, 2.92MB/s][A[A[A[A[A[A[A






Downloading [model.pt]:  30%|██▉       | 552M/1.81G [03:18<07:48, 2.92MB/s][A[A[A[A[A[A[A






Downloading [model.pt]:  30%|██▉       | 553M/1.81G [03:19<07:33, 3.01MB/s][A[A[A[A[A[A[A






Downloading [model.pt]:  30%|██▉       | 554M/1.81G [03:19<07:38, 2.97MB/s][A[A[A[A[A[A[A






Downloading [model.pt]:  30%|██▉       | 555M/1.81G [03:19<07:34, 3.00MB/s][A[A[A[A[A[A[A






Downloading [model.pt]:  30%|██▉       | 556M/1.81G [03:20<07:32, 3.01MB/s][A[A[A[A[A[A[A






Downloading [model.pt]:  30%|███       | 557M/1.81G [03:20<07:11, 3.16MB/s][A[A[A[A[A[A[A






Downloading [model.pt]:  30%|███       | 558M/1.81G [03:20<06:58, 3.25MB/s][A[A[A[A[A[A[A






Downloading [model.pt]:  30%|███       | 559M/1.81G [03:21<07:21, 3.08MB/s][A[A[A[A[A[A[A






Downloading [model.pt]:  30%|███       | 560M/1.81G [03:21<06:58, 3.25MB/s][A[A[A[A[A[A[A






Downloading [model.pt]:  30%|███       | 561M/1.81G [03:21<07:11, 3.15MB/s][A[A[A[A[A[A[A






Downloading [model.pt]:  30%|███       | 562M/1.81G [03:22<07:18, 3.09MB/s][A[A[A[A[A[A[A






Downloading [model.pt]:  30%|███       | 563M/1.81G [03:22<07:29, 3.01MB/s][A[A[A[A[A[A[A






Downloading [model.pt]:  30%|███       | 564M/1.81G [03:22<07:04, 3.19MB/s][A[A[A[A[A[A[A






Downloading [model.pt]:  30%|███       | 565M/1.81G [03:23<07:13, 3.13MB/s][A[A[A[A[A[A[A






Downloading [model.pt]:  31%|███       | 566M/1.81G [03:23<07:23, 3.05MB/s][A[A[A[A[A[A[A






Downloading [model.pt]:  31%|███       | 567M/1.81G [03:23<07:27, 3.02MB/s][A[A[A[A[A[A[A






Downloading [model.pt]:  31%|███       | 568M/1.81G [03:24<07:22, 3.05MB/s][A[A[A[A[A[A[A






Downloading [model.pt]:  31%|███       | 569M/1.81G [03:24<07:23, 3.04MB/s][A[A[A[A[A[A[A






Downloading [model.pt]:  31%|███       | 570M/1.81G [03:24<07:10, 3.13MB/s][A[A[A[A[A[A[A






Downloading [model.pt]:  31%|███       | 571M/1.81G [03:25<07:13, 3.11MB/s][A[A[A[A[A[A[A






Downloading [model.pt]:  31%|███       | 572M/1.81G [03:25<07:25, 3.02MB/s][A[A[A[A[A[A[A






Downloading [model.pt]:  31%|███       | 573M/1.81G [03:25<07:11, 3.12MB/s][A[A[A[A[A[A[A






Downloading [model.pt]:  31%|███       | 574M/1.81G [03:26<07:37, 2.94MB/s][A[A[A[A[A[A[A






Downloading [model.pt]:  31%|███       | 575M/1.81G [03:26<07:37, 2.94MB/s][A[A[A[A[A[A[A






Downloading [model.pt]:  31%|███       | 576M/1.81G [03:26<07:32, 2.97MB/s][A[A[A[A[A[A[A






Downloading [model.pt]:  31%|███       | 577M/1.81G [03:27<07:39, 2.92MB/s][A[A[A[A[A[A[A






Downloading [model.pt]:  31%|███       | 578M/1.81G [03:27<07:33, 2.95MB/s][A[A[A[A[A[A[A






Downloading [model.pt]:  31%|███       | 579M/1.81G [03:28<07:42, 2.90MB/s][A[A[A[A[A[A[A






Downloading [model.pt]:  31%|███▏      | 580M/1.81G [03:28<07:36, 2.93MB/s][A[A[A[A[A[A[A






Downloading [model.pt]:  31%|███▏      | 581M/1.81G [03:28<07:27, 2.99MB/s][A[A[A[A[A[A[A






Downloading [model.pt]:  31%|███▏      | 582M/1.81G [03:29<07:20, 3.03MB/s][A[A[A[A[A[A[A






Downloading [model.pt]:  31%|███▏      | 583M/1.81G [03:29<07:24, 3.00MB/s][A[A[A[A[A[A[A






Downloading [model.pt]:  31%|███▏      | 584M/1.81G [03:29<07:17, 3.05MB/s][A[A[A[A[A[A[A






Downloading [model.pt]:  32%|███▏      | 585M/1.81G [03:30<07:48, 2.84MB/s][A[A[A[A[A[A[A






Downloading [model.pt]:  32%|███▏      | 586M/1.81G [03:30<07:56, 2.80MB/s][A[A[A[A[A[A[A






Downloading [model.pt]:  32%|███▏      | 587M/1.81G [03:30<07:33, 2.93MB/s][A[A[A[A[A[A[A






Downloading [model.pt]:  32%|███▏      | 588M/1.81G [03:31<07:01, 3.15MB/s][A[A[A[A[A[A[A






Downloading [model.pt]:  32%|███▏      | 589M/1.81G [03:31<06:46, 3.27MB/s][A[A[A[A[A[A[A






Downloading [model.pt]:  32%|███▏      | 590M/1.81G [03:31<06:34, 3.36MB/s][A[A[A[A[A[A[A






Downloading [model.pt]:  32%|███▏      | 591M/1.81G [03:32<06:46, 3.26MB/s][A[A[A[A[A[A[A






Downloading [model.pt]:  32%|███▏      | 592M/1.81G [03:32<06:57, 3.18MB/s][A[A[A[A[A[A[A






Downloading [model.pt]:  32%|███▏      | 593M/1.81G [03:32<06:17, 3.50MB/s][A[A[A[A[A[A[A






Downloading [model.pt]:  32%|███▏      | 594M/1.81G [03:33<06:50, 3.22MB/s][A[A[A[A[A[A[A






Downloading [model.pt]:  32%|███▏      | 595M/1.81G [03:33<07:12, 3.06MB/s][A[A[A[A[A[A[A






Downloading [model.pt]:  32%|███▏      | 596M/1.81G [03:33<07:05, 3.10MB/s][A[A[A[A[A[A[A






Downloading [model.pt]:  32%|███▏      | 597M/1.81G [03:34<07:01, 3.13MB/s][A[A[A[A[A[A[A






Downloading [model.pt]:  32%|███▏      | 598M/1.81G [03:34<07:45, 2.83MB/s][A[A[A[A[A[A[A






Downloading [model.pt]:  32%|███▏      | 599M/1.81G [03:34<07:16, 3.02MB/s][A[A[A[A[A[A[A






Downloading [model.pt]:  32%|███▏      | 600M/1.81G [03:35<07:17, 3.01MB/s][A[A[A[A[A[A[A






Downloading [model.pt]:  32%|███▏      | 601M/1.81G [03:35<07:46, 2.82MB/s][A[A[A[A[A[A[A






Downloading [model.pt]:  32%|███▏      | 602M/1.81G [03:36<08:11, 2.68MB/s][A[A[A[A[A[A[A






Downloading [model.pt]:  32%|███▏      | 603M/1.81G [03:36<07:53, 2.77MB/s][A[A[A[A[A[A[A






Downloading [model.pt]:  33%|███▎      | 604M/1.81G [03:36<07:36, 2.87MB/s][A[A[A[A[A[A[A






Downloading [model.pt]:  33%|███▎      | 605M/1.81G [03:37<07:37, 2.86MB/s][A[A[A[A[A[A[A






Downloading [model.pt]:  33%|███▎      | 606M/1.81G [03:37<07:44, 2.82MB/s][A[A[A[A[A[A[A






Downloading [model.pt]:  33%|███▎      | 607M/1.81G [03:37<07:29, 2.91MB/s][A[A[A[A[A[A[A






Downloading [model.pt]:  33%|███▎      | 608M/1.81G [03:38<07:37, 2.86MB/s][A[A[A[A[A[A[A






Downloading [model.pt]:  33%|███▎      | 609M/1.81G [03:38<07:31, 2.89MB/s][A[A[A[A[A[A[A






Downloading [model.pt]:  33%|███▎      | 610M/1.81G [03:38<07:05, 3.07MB/s][A[A[A[A[A[A[A






Downloading [model.pt]:  33%|███▎      | 611M/1.81G [03:39<07:02, 3.09MB/s][A[A[A[A[A[A[A






Downloading [model.pt]:  33%|███▎      | 612M/1.81G [03:39<07:05, 3.06MB/s][A[A[A[A[A[A[A






Downloading [model.pt]:  33%|███▎      | 613M/1.81G [03:39<07:18, 2.97MB/s][A[A[A[A[A[A[A






Downloading [model.pt]:  33%|███▎      | 614M/1.81G [03:40<07:21, 2.95MB/s][A[A[A[A[A[A[A






Downloading [model.pt]:  33%|███▎      | 615M/1.81G [03:40<07:05, 3.06MB/s][A[A[A[A[A[A[A






Downloading [model.pt]:  33%|███▎      | 616M/1.81G [03:40<07:19, 2.96MB/s][A[A[A[A[A[A[A






Downloading [model.pt]:  33%|███▎      | 617M/1.81G [03:41<07:14, 2.99MB/s][A[A[A[A[A[A[A






Downloading [model.pt]:  33%|███▎      | 618M/1.81G [03:41<07:24, 2.92MB/s][A[A[A[A[A[A[A






Downloading [model.pt]:  33%|███▎      | 619M/1.81G [03:42<07:38, 2.83MB/s][A[A[A[A[A[A[A






Downloading [model.pt]:  33%|███▎      | 620M/1.81G [03:42<07:47, 2.77MB/s][A[A[A[A[A[A[A






Downloading [model.pt]:  33%|███▎      | 621M/1.81G [03:42<08:01, 2.69MB/s][A[A[A[A[A[A[A






Downloading [model.pt]:  34%|███▎      | 622M/1.81G [03:43<07:41, 2.80MB/s][A[A[A[A[A[A[A






Downloading [model.pt]:  34%|███▎      | 623M/1.81G [03:43<07:36, 2.83MB/s][A[A[A[A[A[A[A






Downloading [model.pt]:  34%|███▎      | 624M/1.81G [03:43<07:34, 2.84MB/s][A[A[A[A[A[A[A






Downloading [model.pt]:  34%|███▎      | 625M/1.81G [03:44<07:33, 2.85MB/s][A[A[A[A[A[A[A






Downloading [model.pt]:  34%|███▎      | 626M/1.81G [03:44<07:47, 2.76MB/s][A[A[A[A[A[A[A






Downloading [model.pt]:  34%|███▍      | 627M/1.81G [03:45<07:33, 2.84MB/s][A[A[A[A[A[A[A






Downloading [model.pt]:  34%|███▍      | 628M/1.81G [03:45<07:15, 2.96MB/s][A[A[A[A[A[A[A






Downloading [model.pt]:  34%|███▍      | 629M/1.81G [03:45<07:18, 2.93MB/s][A[A[A[A[A[A[A






Downloading [model.pt]:  34%|███▍      | 630M/1.81G [03:46<07:06, 3.02MB/s][A[A[A[A[A[A[A






Downloading [model.pt]:  34%|███▍      | 631M/1.81G [03:46<06:53, 3.10MB/s][A[A[A[A[A[A[A






Downloading [model.pt]:  34%|███▍      | 632M/1.81G [03:46<06:44, 3.17MB/s][A[A[A[A[A[A[A






Downloading [model.pt]:  34%|███▍      | 633M/1.81G [03:47<07:04, 3.02MB/s][A[A[A[A[A[A[A






Downloading [model.pt]:  34%|███▍      | 634M/1.81G [03:47<07:36, 2.80MB/s][A[A[A[A[A[A[A






Downloading [model.pt]:  34%|███▍      | 635M/1.81G [03:47<07:23, 2.89MB/s][A[A[A[A[A[A[A






Downloading [model.pt]:  34%|███▍      | 636M/1.81G [03:48<07:43, 2.76MB/s][A[A[A[A[A[A[A






Downloading [model.pt]:  34%|███▍      | 637M/1.81G [03:48<07:20, 2.90MB/s][A[A[A[A[A[A[A






Downloading [model.pt]:  34%|███▍      | 638M/1.81G [03:49<07:43, 2.75MB/s][A[A[A[A[A[A[A






Downloading [model.pt]:  34%|███▍      | 639M/1.81G [03:49<07:19, 2.90MB/s][A[A[A[A[A[A[A






Downloading [model.pt]:  34%|███▍      | 640M/1.81G [03:49<07:28, 2.84MB/s][A[A[A[A[A[A[A






Downloading [model.pt]:  35%|███▍      | 641M/1.81G [03:50<07:06, 2.99MB/s][A[A[A[A[A[A[A






Downloading [model.pt]:  35%|███▍      | 642M/1.81G [03:50<07:21, 2.89MB/s][A[A[A[A[A[A[A






Downloading [model.pt]:  35%|███▍      | 643M/1.81G [03:50<07:14, 2.92MB/s][A[A[A[A[A[A[A






Downloading [model.pt]:  35%|███▍      | 644M/1.81G [03:51<07:17, 2.90MB/s][A[A[A[A[A[A[A






Downloading [model.pt]:  35%|███▍      | 645M/1.81G [03:51<07:22, 2.87MB/s][A[A[A[A[A[A[A






Downloading [model.pt]:  35%|███▍      | 646M/1.81G [03:51<07:38, 2.77MB/s][A[A[A[A[A[A[A






Downloading [model.pt]:  35%|███▍      | 647M/1.81G [03:52<07:36, 2.78MB/s][A[A[A[A[A[A[A






Downloading [model.pt]:  35%|███▍      | 648M/1.81G [03:52<07:29, 2.81MB/s][A[A[A[A[A[A[A






Downloading [model.pt]:  35%|███▍      | 649M/1.81G [03:53<07:30, 2.81MB/s][A[A[A[A[A[A[A






Downloading [model.pt]:  35%|███▌      | 650M/1.81G [03:53<07:13, 2.92MB/s][A[A[A[A[A[A[A






Downloading [model.pt]:  35%|███▌      | 651M/1.81G [03:53<07:08, 2.95MB/s][A[A[A[A[A[A[A






Downloading [model.pt]:  35%|███▌      | 652M/1.81G [03:54<07:31, 2.80MB/s][A[A[A[A[A[A[A






Downloading [model.pt]:  35%|███▌      | 653M/1.81G [03:54<06:54, 3.04MB/s][A[A[A[A[A[A[A






Downloading [model.pt]:  35%|███▌      | 654M/1.81G [03:54<06:47, 3.09MB/s][A[A[A[A[A[A[A






Downloading [model.pt]:  35%|███▌      | 655M/1.81G [03:55<06:35, 3.18MB/s][A[A[A[A[A[A[A






Downloading [model.pt]:  35%|███▌      | 656M/1.81G [03:55<06:33, 3.19MB/s][A[A[A[A[A[A[A






Downloading [model.pt]:  35%|███▌      | 657M/1.81G [03:55<06:54, 3.03MB/s][A[A[A[A[A[A[A






Downloading [model.pt]:  35%|███▌      | 658M/1.81G [03:56<07:05, 2.95MB/s][A[A[A[A[A[A[A






Downloading [model.pt]:  36%|███▌      | 659M/1.81G [03:56<07:05, 2.95MB/s][A[A[A[A[A[A[A






Downloading [model.pt]:  36%|███▌      | 660M/1.81G [03:56<07:27, 2.80MB/s][A[A[A[A[A[A[A






Downloading [model.pt]:  36%|███▌      | 661M/1.81G [03:57<07:20, 2.84MB/s][A[A[A[A[A[A[A






Downloading [model.pt]:  36%|███▌      | 662M/1.81G [03:57<07:22, 2.83MB/s][A[A[A[A[A[A[A






Downloading [model.pt]:  36%|███▌      | 663M/1.81G [03:58<07:22, 2.82MB/s][A[A[A[A[A[A[A






Downloading [model.pt]:  36%|███▌      | 664M/1.81G [03:58<07:37, 2.73MB/s][A[A[A[A[A[A[A






Downloading [model.pt]:  36%|███▌      | 665M/1.81G [03:58<07:19, 2.84MB/s][A[A[A[A[A[A[A






Downloading [model.pt]:  36%|███▌      | 666M/1.81G [03:59<07:21, 2.83MB/s][A[A[A[A[A[A[A






Downloading [model.pt]:  36%|███▌      | 667M/1.81G [03:59<07:08, 2.91MB/s][A[A[A[A[A[A[A






Downloading [model.pt]:  36%|███▌      | 668M/1.81G [03:59<07:04, 2.94MB/s][A[A[A[A[A[A[A






Downloading [model.pt]:  36%|███▌      | 669M/1.81G [04:00<07:00, 2.96MB/s][A[A[A[A[A[A[A






Downloading [model.pt]:  36%|███▌      | 670M/1.81G [04:00<06:59, 2.96MB/s][A[A[A[A[A[A[A






Downloading [model.pt]:  36%|███▌      | 671M/1.81G [04:00<07:07, 2.90MB/s][A[A[A[A[A[A[A






Downloading [model.pt]:  36%|███▌      | 672M/1.81G [04:01<07:13, 2.87MB/s][A[A[A[A[A[A[A






Downloading [model.pt]:  36%|███▋      | 673M/1.81G [04:01<07:20, 2.82MB/s][A[A[A[A[A[A[A






Downloading [model.pt]:  36%|███▋      | 674M/1.81G [04:02<07:19, 2.82MB/s][A[A[A[A[A[A[A






Downloading [model.pt]:  36%|███▋      | 675M/1.81G [04:02<07:05, 2.91MB/s][A[A[A[A[A[A[A






Downloading [model.pt]:  36%|███▋      | 676M/1.81G [04:02<07:07, 2.89MB/s][A[A[A[A[A[A[A






Downloading [model.pt]:  36%|███▋      | 677M/1.81G [04:03<07:20, 2.81MB/s][A[A[A[A[A[A[A






Downloading [model.pt]:  37%|███▋      | 678M/1.81G [04:03<07:25, 2.77MB/s][A[A[A[A[A[A[A






Downloading [model.pt]:  37%|███▋      | 679M/1.81G [04:03<07:30, 2.74MB/s][A[A[A[A[A[A[A






Downloading [model.pt]:  37%|███▋      | 680M/1.81G [04:04<07:25, 2.77MB/s][A[A[A[A[A[A[A






Downloading [model.pt]:  37%|███▋      | 681M/1.81G [04:04<07:08, 2.87MB/s][A[A[A[A[A[A[A






Downloading [model.pt]:  37%|███▋      | 682M/1.81G [04:04<06:49, 3.00MB/s][A[A[A[A[A[A[A






Downloading [model.pt]:  37%|███▋      | 683M/1.81G [04:05<06:37, 3.09MB/s][A[A[A[A[A[A[A






Downloading [model.pt]:  37%|███▋      | 684M/1.81G [04:05<06:20, 3.23MB/s][A[A[A[A[A[A[A






Downloading [model.pt]:  37%|███▋      | 685M/1.81G [04:05<06:27, 3.17MB/s][A[A[A[A[A[A[A






Downloading [model.pt]:  37%|███▋      | 686M/1.81G [04:06<06:29, 3.15MB/s][A[A[A[A[A[A[A






Downloading [model.pt]:  37%|███▋      | 687M/1.81G [04:06<06:52, 2.97MB/s][A[A[A[A[A[A[A






Downloading [model.pt]:  37%|███▋      | 688M/1.81G [04:06<06:49, 2.99MB/s][A[A[A[A[A[A[A






Downloading [model.pt]:  37%|███▋      | 689M/1.81G [04:07<06:46, 3.01MB/s][A[A[A[A[A[A[A






Downloading [model.pt]:  37%|███▋      | 690M/1.81G [04:07<07:01, 2.90MB/s][A[A[A[A[A[A[A






Downloading [model.pt]:  37%|███▋      | 691M/1.81G [04:08<07:10, 2.83MB/s][A[A[A[A[A[A[A






Downloading [model.pt]:  37%|███▋      | 692M/1.81G [04:08<07:20, 2.77MB/s][A[A[A[A[A[A[A






Downloading [model.pt]:  37%|███▋      | 693M/1.81G [04:08<07:26, 2.73MB/s][A[A[A[A[A[A[A






Downloading [model.pt]:  37%|███▋      | 694M/1.81G [04:09<07:29, 2.71MB/s][A[A[A[A[A[A[A






Downloading [model.pt]:  37%|███▋      | 695M/1.81G [04:09<07:13, 2.81MB/s][A[A[A[A[A[A[A






Downloading [model.pt]:  38%|███▊      | 696M/1.81G [04:10<07:18, 2.77MB/s][A[A[A[A[A[A[A






Downloading [model.pt]:  38%|███▊      | 697M/1.81G [04:10<07:12, 2.81MB/s][A[A[A[A[A[A[A






Downloading [model.pt]:  38%|███▊      | 698M/1.81G [04:10<07:18, 2.77MB/s][A[A[A[A[A[A[A






Downloading [model.pt]:  38%|███▊      | 699M/1.81G [04:11<07:03, 2.86MB/s][A[A[A[A[A[A[A






Downloading [model.pt]:  38%|███▊      | 700M/1.81G [04:11<06:50, 2.95MB/s][A[A[A[A[A[A[A






Downloading [model.pt]:  38%|███▊      | 701M/1.81G [04:11<06:54, 2.92MB/s][A[A[A[A[A[A[A






Downloading [model.pt]:  38%|███▊      | 702M/1.81G [04:12<07:00, 2.88MB/s][A[A[A[A[A[A[A






Downloading [model.pt]:  38%|███▊      | 703M/1.81G [04:12<06:42, 3.00MB/s][A[A[A[A[A[A[A






Downloading [model.pt]:  38%|███▊      | 704M/1.81G [04:12<06:22, 3.15MB/s][A[A[A[A[A[A[A






Downloading [model.pt]:  38%|███▊      | 705M/1.81G [04:13<06:16, 3.20MB/s][A[A[A[A[A[A[A






Downloading [model.pt]:  38%|███▊      | 706M/1.81G [04:13<06:32, 3.07MB/s][A[A[A[A[A[A[A






Downloading [model.pt]:  38%|███▊      | 707M/1.81G [04:13<06:30, 3.08MB/s][A[A[A[A[A[A[A






Downloading [model.pt]:  38%|███▊      | 708M/1.81G [04:14<06:14, 3.21MB/s][A[A[A[A[A[A[A






Downloading [model.pt]:  38%|███▊      | 709M/1.81G [04:14<06:38, 3.02MB/s][A[A[A[A[A[A[A






Downloading [model.pt]:  38%|███▊      | 710M/1.81G [04:14<06:27, 3.10MB/s][A[A[A[A[A[A[A






Downloading [model.pt]:  38%|███▊      | 711M/1.81G [04:15<06:01, 3.32MB/s][A[A[A[A[A[A[A






Downloading [model.pt]:  38%|███▊      | 712M/1.81G [04:15<06:18, 3.16MB/s][A[A[A[A[A[A[A






Downloading [model.pt]:  38%|███▊      | 713M/1.81G [04:15<06:09, 3.24MB/s][A[A[A[A[A[A[A






Downloading [model.pt]:  38%|███▊      | 714M/1.81G [04:16<06:15, 3.19MB/s][A[A[A[A[A[A[A






Downloading [model.pt]:  39%|███▊      | 715M/1.81G [04:16<06:19, 3.15MB/s][A[A[A[A[A[A[A






Downloading [model.pt]:  39%|███▊      | 716M/1.81G [04:16<06:11, 3.22MB/s][A[A[A[A[A[A[A






Downloading [model.pt]:  39%|███▊      | 717M/1.81G [04:17<06:27, 3.08MB/s][A[A[A[A[A[A[A






Downloading [model.pt]:  39%|███▊      | 718M/1.81G [04:17<06:35, 3.02MB/s][A[A[A[A[A[A[A






Downloading [model.pt]:  39%|███▊      | 719M/1.81G [04:17<06:24, 3.10MB/s][A[A[A[A[A[A[A






Downloading [model.pt]:  39%|███▉      | 720M/1.81G [04:18<06:14, 3.18MB/s][A[A[A[A[A[A[A






Downloading [model.pt]:  39%|███▉      | 721M/1.81G [04:18<05:55, 3.34MB/s][A[A[A[A[A[A[A






Downloading [model.pt]:  39%|███▉      | 722M/1.81G [04:18<06:27, 3.07MB/s][A[A[A[A[A[A[A






Downloading [model.pt]:  39%|███▉      | 723M/1.81G [04:19<06:47, 2.91MB/s][A[A[A[A[A[A[A






Downloading [model.pt]:  39%|███▉      | 724M/1.81G [04:19<06:53, 2.87MB/s][A[A[A[A[A[A[A






Downloading [model.pt]:  39%|███▉      | 725M/1.81G [04:19<06:15, 3.15MB/s][A[A[A[A[A[A[A






Downloading [model.pt]:  39%|███▉      | 726M/1.81G [04:20<06:33, 3.01MB/s][A[A[A[A[A[A[A






Downloading [model.pt]:  39%|███▉      | 727M/1.81G [04:20<06:22, 3.10MB/s][A[A[A[A[A[A[A






Downloading [model.pt]:  39%|███▉      | 728M/1.81G [04:20<06:25, 3.07MB/s][A[A[A[A[A[A[A






Downloading [model.pt]:  39%|███▉      | 729M/1.81G [04:21<06:38, 2.96MB/s][A[A[A[A[A[A[A






Downloading [model.pt]:  39%|███▉      | 730M/1.81G [04:21<06:41, 2.94MB/s][A[A[A[A[A[A[A






Downloading [model.pt]:  39%|███▉      | 731M/1.81G [04:21<06:11, 3.18MB/s][A[A[A[A[A[A[A






Downloading [model.pt]:  39%|███▉      | 732M/1.81G [04:22<06:28, 3.03MB/s][A[A[A[A[A[A[A






Downloading [model.pt]:  40%|███▉      | 733M/1.81G [04:22<06:15, 3.13MB/s][A[A[A[A[A[A[A






Downloading [model.pt]:  40%|███▉      | 734M/1.81G [04:22<06:12, 3.16MB/s][A[A[A[A[A[A[A






Downloading [model.pt]:  40%|███▉      | 735M/1.81G [04:23<06:19, 3.09MB/s][A[A[A[A[A[A[A






Downloading [model.pt]:  40%|███▉      | 736M/1.81G [04:23<06:19, 3.10MB/s][A[A[A[A[A[A[A






Downloading [model.pt]:  40%|███▉      | 737M/1.81G [04:23<06:07, 3.20MB/s][A[A[A[A[A[A[A






Downloading [model.pt]:  40%|███▉      | 738M/1.81G [04:24<06:07, 3.19MB/s][A[A[A[A[A[A[A






Downloading [model.pt]:  40%|███▉      | 739M/1.81G [04:24<06:11, 3.15MB/s][A[A[A[A[A[A[A






Downloading [model.pt]:  40%|███▉      | 740M/1.81G [04:24<05:48, 3.36MB/s][A[A[A[A[A[A[A






Downloading [model.pt]:  40%|███▉      | 741M/1.81G [04:25<05:55, 3.29MB/s][A[A[A[A[A[A[A






Downloading [model.pt]:  40%|███▉      | 742M/1.81G [04:25<06:45, 2.88MB/s][A[A[A[A[A[A[A






Downloading [model.pt]:  40%|████      | 743M/1.81G [04:25<06:35, 2.95MB/s][A[A[A[A[A[A[A






Downloading [model.pt]:  40%|████      | 744M/1.81G [04:26<06:39, 2.92MB/s][A[A[A[A[A[A[A






Downloading [model.pt]:  40%|████      | 745M/1.81G [04:26<06:47, 2.85MB/s][A[A[A[A[A[A[A






Downloading [model.pt]:  40%|████      | 746M/1.81G [04:27<06:34, 2.95MB/s][A[A[A[A[A[A[A






Downloading [model.pt]:  40%|████      | 747M/1.81G [04:27<06:41, 2.89MB/s][A[A[A[A[A[A[A






Downloading [model.pt]:  40%|████      | 748M/1.81G [04:27<07:00, 2.76MB/s][A[A[A[A[A[A[A






Downloading [model.pt]:  40%|████      | 749M/1.81G [04:28<07:06, 2.72MB/s][A[A[A[A[A[A[A






Downloading [model.pt]:  40%|████      | 750M/1.81G [04:28<07:21, 2.63MB/s][A[A[A[A[A[A[A






Downloading [model.pt]:  40%|████      | 751M/1.81G [04:29<07:17, 2.65MB/s][A[A[A[A[A[A[A






Downloading [model.pt]:  41%|████      | 752M/1.81G [04:29<07:30, 2.57MB/s][A[A[A[A[A[A[A






Downloading [model.pt]:  41%|████      | 753M/1.81G [04:29<07:23, 2.61MB/s][A[A[A[A[A[A[A






Downloading [model.pt]:  41%|████      | 754M/1.81G [04:30<06:58, 2.76MB/s][A[A[A[A[A[A[A






Downloading [model.pt]:  41%|████      | 755M/1.81G [04:30<06:38, 2.90MB/s][A[A[A[A[A[A[A






Downloading [model.pt]:  41%|████      | 756M/1.81G [04:30<06:34, 2.92MB/s][A[A[A[A[A[A[A






Downloading [model.pt]:  41%|████      | 757M/1.81G [04:31<06:34, 2.92MB/s][A[A[A[A[A[A[A






Downloading [model.pt]:  41%|████      | 758M/1.81G [04:31<06:20, 3.03MB/s][A[A[A[A[A[A[A






Downloading [model.pt]:  41%|████      | 759M/1.81G [04:31<06:31, 2.94MB/s][A[A[A[A[A[A[A






Downloading [model.pt]:  41%|████      | 760M/1.81G [04:32<06:39, 2.88MB/s][A[A[A[A[A[A[A






Downloading [model.pt]:  41%|████      | 761M/1.81G [04:32<06:32, 2.92MB/s][A[A[A[A[A[A[A






Downloading [model.pt]:  41%|████      | 762M/1.81G [04:32<06:13, 3.07MB/s][A[A[A[A[A[A[A






Downloading [model.pt]:  41%|████      | 763M/1.81G [04:33<06:24, 2.98MB/s][A[A[A[A[A[A[A






Downloading [model.pt]:  41%|████      | 764M/1.81G [04:33<06:28, 2.95MB/s][A[A[A[A[A[A[A






Downloading [model.pt]:  41%|████      | 765M/1.81G [04:34<06:13, 3.06MB/s][A[A[A[A[A[A[A






Downloading [model.pt]:  41%|████▏     | 766M/1.81G [04:34<06:20, 3.00MB/s][A[A[A[A[A[A[A






Downloading [model.pt]:  41%|████▏     | 767M/1.81G [04:34<05:59, 3.17MB/s][A[A[A[A[A[A[A






Downloading [model.pt]:  41%|████▏     | 768M/1.81G [04:35<05:52, 3.24MB/s][A[A[A[A[A[A[A






Downloading [model.pt]:  41%|████▏     | 769M/1.81G [04:35<05:36, 3.39MB/s][A[A[A[A[A[A[A






Downloading [model.pt]:  41%|████▏     | 770M/1.81G [04:35<05:37, 3.37MB/s][A[A[A[A[A[A[A






Downloading [model.pt]:  42%|████▏     | 771M/1.81G [04:35<05:35, 3.39MB/s][A[A[A[A[A[A[A






Downloading [model.pt]:  42%|████▏     | 772M/1.81G [04:36<05:40, 3.34MB/s][A[A[A[A[A[A[A






Downloading [model.pt]:  42%|████▏     | 773M/1.81G [04:36<06:23, 2.96MB/s][A[A[A[A[A[A[A






Downloading [model.pt]:  42%|████▏     | 774M/1.81G [04:37<06:35, 2.87MB/s][A[A[A[A[A[A[A






Downloading [model.pt]:  42%|████▏     | 775M/1.81G [04:37<06:04, 3.11MB/s][A[A[A[A[A[A[A






Downloading [model.pt]:  42%|████▏     | 776M/1.81G [04:37<05:58, 3.15MB/s][A[A[A[A[A[A[A






Downloading [model.pt]:  42%|████▏     | 777M/1.81G [04:38<06:12, 3.04MB/s][A[A[A[A[A[A[A






Downloading [model.pt]:  42%|████▏     | 778M/1.81G [04:38<06:20, 2.97MB/s][A[A[A[A[A[A[A






Downloading [model.pt]:  42%|████▏     | 779M/1.81G [04:38<05:48, 3.24MB/s][A[A[A[A[A[A[A






Downloading [model.pt]:  42%|████▏     | 780M/1.81G [04:38<05:19, 3.54MB/s][A[A[A[A[A[A[A






Downloading [model.pt]:  42%|████▏     | 781M/1.81G [04:39<05:26, 3.46MB/s][A[A[A[A[A[A[A






Downloading [model.pt]:  42%|████▏     | 782M/1.81G [04:39<05:39, 3.32MB/s][A[A[A[A[A[A[A






Downloading [model.pt]:  42%|████▏     | 783M/1.81G [04:39<05:37, 3.33MB/s][A[A[A[A[A[A[A






Downloading [model.pt]:  42%|████▏     | 784M/1.81G [04:40<05:42, 3.28MB/s][A[A[A[A[A[A[A






Downloading [model.pt]:  42%|████▏     | 785M/1.81G [04:40<06:04, 3.08MB/s][A[A[A[A[A[A[A






Downloading [model.pt]:  42%|████▏     | 786M/1.81G [04:40<06:04, 3.08MB/s][A[A[A[A[A[A[A






Downloading [model.pt]:  42%|████▏     | 787M/1.81G [04:41<05:50, 3.19MB/s][A[A[A[A[A[A[A






Downloading [model.pt]:  42%|████▏     | 788M/1.81G [04:41<05:37, 3.32MB/s][A[A[A[A[A[A[A






Downloading [model.pt]:  43%|████▎     | 789M/1.81G [04:41<05:47, 3.22MB/s][A[A[A[A[A[A[A






Downloading [model.pt]:  43%|████▎     | 790M/1.81G [04:42<06:09, 3.03MB/s][A[A[A[A[A[A[A






Downloading [model.pt]:  43%|████▎     | 791M/1.81G [04:42<06:11, 3.01MB/s][A[A[A[A[A[A[A






Downloading [model.pt]:  43%|████▎     | 792M/1.81G [04:42<06:17, 2.95MB/s][A[A[A[A[A[A[A






Downloading [model.pt]:  43%|████▎     | 793M/1.81G [04:43<06:41, 2.78MB/s][A[A[A[A[A[A[A






Downloading [model.pt]:  43%|████▎     | 794M/1.81G [04:43<06:36, 2.80MB/s][A[A[A[A[A[A[A






Downloading [model.pt]:  43%|████▎     | 795M/1.81G [04:44<06:44, 2.75MB/s][A[A[A[A[A[A[A






Downloading [model.pt]:  43%|████▎     | 796M/1.81G [04:44<06:44, 2.75MB/s][A[A[A[A[A[A[A






Downloading [model.pt]:  43%|████▎     | 797M/1.81G [04:45<07:06, 2.60MB/s][A[A[A[A[A[A[A






Downloading [model.pt]:  43%|████▎     | 798M/1.81G [04:45<07:23, 2.50MB/s][A[A[A[A[A[A[A






Downloading [model.pt]:  43%|████▎     | 799M/1.81G [04:45<07:09, 2.58MB/s][A[A[A[A[A[A[A






Downloading [model.pt]:  43%|████▎     | 800M/1.81G [04:46<06:36, 2.79MB/s][A[A[A[A[A[A[A






Downloading [model.pt]:  43%|████▎     | 801M/1.81G [04:46<06:27, 2.85MB/s][A[A[A[A[A[A[A






Downloading [model.pt]:  43%|████▎     | 802M/1.81G [04:46<06:07, 3.01MB/s][A[A[A[A[A[A[A






Downloading [model.pt]:  43%|████▎     | 803M/1.81G [04:47<05:55, 3.11MB/s][A[A[A[A[A[A[A






Downloading [model.pt]:  43%|████▎     | 804M/1.81G [04:47<05:54, 3.11MB/s][A[A[A[A[A[A[A






Downloading [model.pt]:  43%|████▎     | 805M/1.81G [04:47<05:58, 3.08MB/s][A[A[A[A[A[A[A






Downloading [model.pt]:  43%|████▎     | 806M/1.81G [04:48<05:49, 3.15MB/s][A[A[A[A[A[A[A






Downloading [model.pt]:  43%|████▎     | 807M/1.81G [04:48<05:52, 3.12MB/s][A[A[A[A[A[A[A






Downloading [model.pt]:  44%|████▎     | 808M/1.81G [04:48<05:48, 3.15MB/s][A[A[A[A[A[A[A






Downloading [model.pt]:  44%|████▎     | 809M/1.81G [04:49<06:03, 3.02MB/s][A[A[A[A[A[A[A






Downloading [model.pt]:  44%|████▎     | 810M/1.81G [04:49<06:07, 2.99MB/s][A[A[A[A[A[A[A






Downloading [model.pt]:  44%|████▎     | 811M/1.81G [04:49<05:34, 3.27MB/s][A[A[A[A[A[A[A






Downloading [model.pt]:  44%|████▍     | 812M/1.81G [04:50<05:47, 3.15MB/s][A[A[A[A[A[A[A






Downloading [model.pt]:  44%|████▍     | 813M/1.81G [04:50<05:47, 3.15MB/s][A[A[A[A[A[A[A






Downloading [model.pt]:  44%|████▍     | 814M/1.81G [04:50<05:45, 3.16MB/s][A[A[A[A[A[A[A






Downloading [model.pt]:  44%|████▍     | 815M/1.81G [04:51<05:52, 3.09MB/s][A[A[A[A[A[A[A






Downloading [model.pt]:  44%|████▍     | 816M/1.81G [04:51<06:10, 2.94MB/s][A[A[A[A[A[A[A






Downloading [model.pt]:  44%|████▍     | 817M/1.81G [04:51<06:23, 2.84MB/s][A[A[A[A[A[A[A






Downloading [model.pt]:  44%|████▍     | 818M/1.81G [04:52<06:24, 2.83MB/s][A[A[A[A[A[A[A






Downloading [model.pt]:  44%|████▍     | 819M/1.81G [04:52<06:12, 2.92MB/s][A[A[A[A[A[A[A






Downloading [model.pt]:  44%|████▍     | 820M/1.81G [04:52<05:48, 3.12MB/s][A[A[A[A[A[A[A






Downloading [model.pt]:  44%|████▍     | 821M/1.81G [04:53<06:05, 2.97MB/s][A[A[A[A[A[A[A






Downloading [model.pt]:  44%|████▍     | 822M/1.81G [04:53<06:26, 2.81MB/s][A[A[A[A[A[A[A






Downloading [model.pt]:  44%|████▍     | 823M/1.81G [04:54<06:18, 2.86MB/s][A[A[A[A[A[A[A






Downloading [model.pt]:  44%|████▍     | 824M/1.81G [04:54<06:35, 2.74MB/s][A[A[A[A[A[A[A






Downloading [model.pt]:  44%|████▍     | 825M/1.81G [04:54<07:00, 2.57MB/s][A[A[A[A[A[A[A






Downloading [model.pt]:  45%|████▍     | 826M/1.81G [04:55<06:26, 2.79MB/s][A[A[A[A[A[A[A






Downloading [model.pt]:  45%|████▍     | 827M/1.81G [04:55<06:33, 2.74MB/s][A[A[A[A[A[A[A






Downloading [model.pt]:  45%|████▍     | 828M/1.81G [04:56<06:40, 2.69MB/s][A[A[A[A[A[A[A






Downloading [model.pt]:  45%|████▍     | 829M/1.81G [04:56<06:30, 2.75MB/s][A[A[A[A[A[A[A






Downloading [model.pt]:  45%|████▍     | 830M/1.81G [04:56<06:24, 2.80MB/s][A[A[A[A[A[A[A






Downloading [model.pt]:  45%|████▍     | 831M/1.81G [04:57<06:29, 2.76MB/s][A[A[A[A[A[A[A






Downloading [model.pt]:  45%|████▍     | 832M/1.81G [04:57<06:01, 2.97MB/s][A[A[A[A[A[A[A






Downloading [model.pt]:  45%|████▍     | 833M/1.81G [04:57<05:27, 3.27MB/s][A[A[A[A[A[A[A






Downloading [model.pt]:  45%|████▍     | 834M/1.81G [04:58<05:45, 3.10MB/s][A[A[A[A[A[A[A






Downloading [model.pt]:  45%|████▍     | 835M/1.81G [04:58<06:06, 2.92MB/s][A[A[A[A[A[A[A






Downloading [model.pt]:  45%|████▌     | 836M/1.81G [04:58<06:08, 2.90MB/s][A[A[A[A[A[A[A






Downloading [model.pt]:  45%|████▌     | 837M/1.81G [04:59<05:54, 3.01MB/s][A[A[A[A[A[A[A






Downloading [model.pt]:  45%|████▌     | 838M/1.81G [04:59<05:30, 3.23MB/s][A[A[A[A[A[A[A






Downloading [model.pt]:  45%|████▌     | 839M/1.81G [04:59<05:21, 3.31MB/s][A[A[A[A[A[A[A






Downloading [model.pt]:  45%|████▌     | 840M/1.81G [05:00<05:32, 3.20MB/s][A[A[A[A[A[A[A






Downloading [model.pt]:  45%|████▌     | 841M/1.81G [05:00<05:43, 3.10MB/s][A[A[A[A[A[A[A






Downloading [model.pt]:  45%|████▌     | 842M/1.81G [05:00<05:13, 3.39MB/s][A[A[A[A[A[A[A






Downloading [model.pt]:  45%|████▌     | 843M/1.81G [05:01<05:20, 3.31MB/s][A[A[A[A[A[A[A






Downloading [model.pt]:  45%|████▌     | 844M/1.81G [05:01<05:19, 3.32MB/s][A[A[A[A[A[A[A






Downloading [model.pt]:  46%|████▌     | 845M/1.81G [05:01<05:32, 3.19MB/s][A[A[A[A[A[A[A






Downloading [model.pt]:  46%|████▌     | 846M/1.81G [05:02<05:33, 3.18MB/s][A[A[A[A[A[A[A






Downloading [model.pt]:  46%|████▌     | 847M/1.81G [05:02<05:35, 3.15MB/s][A[A[A[A[A[A[A






Downloading [model.pt]:  46%|████▌     | 848M/1.81G [05:02<06:10, 2.85MB/s][A[A[A[A[A[A[A






Downloading [model.pt]:  46%|████▌     | 849M/1.81G [05:03<06:24, 2.74MB/s][A[A[A[A[A[A[A






Downloading [model.pt]:  46%|████▌     | 850M/1.81G [05:03<06:02, 2.91MB/s][A[A[A[A[A[A[A






Downloading [model.pt]:  46%|████▌     | 851M/1.81G [05:03<06:05, 2.88MB/s][A[A[A[A[A[A[A






Downloading [model.pt]:  46%|████▌     | 852M/1.81G [05:04<06:08, 2.85MB/s][A[A[A[A[A[A[A






Downloading [model.pt]:  46%|████▌     | 853M/1.81G [05:04<06:11, 2.83MB/s][A[A[A[A[A[A[A






Downloading [model.pt]:  46%|████▌     | 854M/1.81G [05:05<06:30, 2.69MB/s][A[A[A[A[A[A[A






Downloading [model.pt]:  46%|████▌     | 855M/1.81G [05:05<06:28, 2.70MB/s][A[A[A[A[A[A[A






Downloading [model.pt]:  46%|████▌     | 856M/1.81G [05:05<06:31, 2.68MB/s][A[A[A[A[A[A[A






Downloading [model.pt]:  46%|████▌     | 857M/1.81G [05:06<06:28, 2.70MB/s][A[A[A[A[A[A[A






Downloading [model.pt]:  46%|████▌     | 858M/1.81G [05:06<06:13, 2.80MB/s][A[A[A[A[A[A[A






Downloading [model.pt]:  46%|████▋     | 859M/1.81G [05:07<06:17, 2.77MB/s][A[A[A[A[A[A[A






Downloading [model.pt]:  46%|████▋     | 860M/1.81G [05:07<06:03, 2.87MB/s][A[A[A[A[A[A[A






Downloading [model.pt]:  46%|████▋     | 861M/1.81G [05:07<05:58, 2.91MB/s][A[A[A[A[A[A[A






Downloading [model.pt]:  46%|████▋     | 862M/1.81G [05:08<06:02, 2.88MB/s][A[A[A[A[A[A[A






Downloading [model.pt]:  47%|████▋     | 863M/1.81G [05:08<06:07, 2.84MB/s][A[A[A[A[A[A[A






Downloading [model.pt]:  47%|████▋     | 864M/1.81G [05:08<06:01, 2.88MB/s][A[A[A[A[A[A[A






Downloading [model.pt]:  47%|████▋     | 865M/1.81G [05:09<05:46, 3.00MB/s][A[A[A[A[A[A[A






Downloading [model.pt]:  47%|████▋     | 866M/1.81G [05:09<05:47, 2.99MB/s][A[A[A[A[A[A[A






Downloading [model.pt]:  47%|████▋     | 867M/1.81G [05:09<06:05, 2.83MB/s][A[A[A[A[A[A[A






Downloading [model.pt]:  47%|████▋     | 868M/1.81G [05:10<05:55, 2.91MB/s][A[A[A[A[A[A[A






Downloading [model.pt]:  47%|████▋     | 869M/1.81G [05:10<05:52, 2.94MB/s][A[A[A[A[A[A[A






Downloading [model.pt]:  47%|████▋     | 870M/1.81G [05:10<05:44, 3.00MB/s][A[A[A[A[A[A[A






Downloading [model.pt]:  47%|████▋     | 871M/1.81G [05:11<05:50, 2.94MB/s][A[A[A[A[A[A[A






Downloading [model.pt]:  47%|████▋     | 872M/1.81G [05:11<05:47, 2.97MB/s][A[A[A[A[A[A[A






Downloading [model.pt]:  47%|████▋     | 873M/1.81G [05:11<05:32, 3.10MB/s][A[A[A[A[A[A[A






Downloading [model.pt]:  47%|████▋     | 874M/1.81G [05:12<05:33, 3.08MB/s][A[A[A[A[A[A[A






Downloading [model.pt]:  47%|████▋     | 875M/1.81G [05:12<05:26, 3.15MB/s][A[A[A[A[A[A[A






Downloading [model.pt]:  47%|████▋     | 876M/1.81G [05:12<05:30, 3.11MB/s][A[A[A[A[A[A[A






Downloading [model.pt]:  47%|████▋     | 877M/1.81G [05:13<05:34, 3.07MB/s][A[A[A[A[A[A[A






Downloading [model.pt]:  47%|████▋     | 878M/1.81G [05:13<05:29, 3.11MB/s][A[A[A[A[A[A[A






Downloading [model.pt]:  47%|████▋     | 879M/1.81G [05:14<05:47, 2.95MB/s][A[A[A[A[A[A[A






Downloading [model.pt]:  47%|████▋     | 880M/1.81G [05:14<05:36, 3.04MB/s][A[A[A[A[A[A[A






Downloading [model.pt]:  47%|████▋     | 881M/1.81G [05:14<05:46, 2.95MB/s][A[A[A[A[A[A[A






Downloading [model.pt]:  48%|████▊     | 882M/1.81G [05:15<05:33, 3.07MB/s][A[A[A[A[A[A[A






Downloading [model.pt]:  48%|████▊     | 883M/1.81G [05:15<05:34, 3.05MB/s][A[A[A[A[A[A[A






Downloading [model.pt]:  48%|████▊     | 884M/1.81G [05:15<05:28, 3.10MB/s][A[A[A[A[A[A[A






Downloading [model.pt]:  48%|████▊     | 885M/1.81G [05:16<05:43, 2.96MB/s][A[A[A[A[A[A[A






Downloading [model.pt]:  48%|████▊     | 886M/1.81G [05:16<05:54, 2.87MB/s][A[A[A[A[A[A[A






Downloading [model.pt]:  48%|████▊     | 887M/1.81G [05:16<05:45, 2.94MB/s][A[A[A[A[A[A[A






Downloading [model.pt]:  48%|████▊     | 888M/1.81G [05:17<05:42, 2.97MB/s][A[A[A[A[A[A[A






Downloading [model.pt]:  48%|████▊     | 889M/1.81G [05:17<05:33, 3.04MB/s][A[A[A[A[A[A[A






Downloading [model.pt]:  48%|████▊     | 890M/1.81G [05:17<05:49, 2.90MB/s][A[A[A[A[A[A[A






Downloading [model.pt]:  48%|████▊     | 891M/1.81G [05:18<05:40, 2.97MB/s][A[A[A[A[A[A[A






Downloading [model.pt]:  48%|████▊     | 892M/1.81G [05:18<05:35, 3.01MB/s][A[A[A[A[A[A[A






Downloading [model.pt]:  48%|████▊     | 893M/1.81G [05:18<05:42, 2.95MB/s][A[A[A[A[A[A[A






Downloading [model.pt]:  48%|████▊     | 894M/1.81G [05:19<05:44, 2.93MB/s][A[A[A[A[A[A[A






Downloading [model.pt]:  48%|████▊     | 895M/1.81G [05:19<05:57, 2.81MB/s][A[A[A[A[A[A[A






Downloading [model.pt]:  48%|████▊     | 896M/1.81G [05:20<06:02, 2.78MB/s][A[A[A[A[A[A[A






Downloading [model.pt]:  48%|████▊     | 897M/1.81G [05:20<05:42, 2.94MB/s][A[A[A[A[A[A[A






Downloading [model.pt]:  48%|████▊     | 898M/1.81G [05:20<05:56, 2.82MB/s][A[A[A[A[A[A[A






Downloading [model.pt]:  48%|████▊     | 899M/1.81G [05:21<05:33, 3.01MB/s][A[A[A[A[A[A[A






Downloading [model.pt]:  49%|████▊     | 900M/1.81G [05:21<05:24, 3.09MB/s][A[A[A[A[A[A[A






Downloading [model.pt]:  49%|████▊     | 901M/1.81G [05:21<05:42, 2.93MB/s][A[A[A[A[A[A[A






Downloading [model.pt]:  49%|████▊     | 902M/1.81G [05:22<05:38, 2.96MB/s][A[A[A[A[A[A[A






Downloading [model.pt]:  49%|████▊     | 903M/1.81G [05:22<05:31, 3.01MB/s][A[A[A[A[A[A[A






Downloading [model.pt]:  49%|████▊     | 904M/1.81G [05:22<05:29, 3.03MB/s][A[A[A[A[A[A[A






Downloading [model.pt]:  49%|████▉     | 905M/1.81G [05:23<05:44, 2.89MB/s][A[A[A[A[A[A[A






Downloading [model.pt]:  49%|████▉     | 906M/1.81G [05:23<05:48, 2.86MB/s][A[A[A[A[A[A[A






Downloading [model.pt]:  49%|████▉     | 907M/1.81G [05:24<05:56, 2.79MB/s][A[A[A[A[A[A[A






Downloading [model.pt]:  49%|████▉     | 908M/1.81G [05:24<05:49, 2.84MB/s][A[A[A[A[A[A[A






Downloading [model.pt]:  49%|████▉     | 909M/1.81G [05:24<05:34, 2.97MB/s][A[A[A[A[A[A[A






Downloading [model.pt]:  49%|████▉     | 910M/1.81G [05:25<05:22, 3.07MB/s][A[A[A[A[A[A[A






Downloading [model.pt]:  49%|████▉     | 911M/1.81G [05:25<05:18, 3.11MB/s][A[A[A[A[A[A[A






Downloading [model.pt]:  49%|████▉     | 912M/1.81G [05:25<05:09, 3.20MB/s][A[A[A[A[A[A[A






Downloading [model.pt]:  49%|████▉     | 913M/1.81G [05:26<05:12, 3.16MB/s][A[A[A[A[A[A[A






Downloading [model.pt]:  49%|████▉     | 914M/1.81G [05:26<04:49, 3.42MB/s][A[A[A[A[A[A[A






Downloading [model.pt]:  49%|████▉     | 915M/1.81G [05:26<04:56, 3.33MB/s][A[A[A[A[A[A[A






Downloading [model.pt]:  49%|████▉     | 916M/1.81G [05:27<05:23, 3.05MB/s][A[A[A[A[A[A[A






Downloading [model.pt]:  49%|████▉     | 917M/1.81G [05:27<05:28, 3.00MB/s][A[A[A[A[A[A[A






Downloading [model.pt]:  49%|████▉     | 918M/1.81G [05:27<05:44, 2.85MB/s][A[A[A[A[A[A[A






Downloading [model.pt]:  50%|████▉     | 919M/1.81G [05:28<05:47, 2.83MB/s][A[A[A[A[A[A[A






Downloading [model.pt]:  50%|████▉     | 920M/1.81G [05:28<05:35, 2.93MB/s][A[A[A[A[A[A[A






Downloading [model.pt]:  50%|████▉     | 921M/1.81G [05:28<05:23, 3.03MB/s][A[A[A[A[A[A[A






Downloading [model.pt]:  50%|████▉     | 922M/1.81G [05:29<05:47, 2.82MB/s][A[A[A[A[A[A[A






Downloading [model.pt]:  50%|████▉     | 923M/1.81G [05:29<05:37, 2.90MB/s][A[A[A[A[A[A[A






Downloading [model.pt]:  50%|████▉     | 924M/1.81G [05:29<05:47, 2.82MB/s][A[A[A[A[A[A[A






Downloading [model.pt]:  50%|████▉     | 925M/1.81G [05:30<05:47, 2.81MB/s][A[A[A[A[A[A[A






Downloading [model.pt]:  50%|████▉     | 926M/1.81G [05:30<05:46, 2.81MB/s][A[A[A[A[A[A[A






Downloading [model.pt]:  50%|████▉     | 927M/1.81G [05:31<05:36, 2.89MB/s][A[A[A[A[A[A[A






Downloading [model.pt]:  50%|█████     | 928M/1.81G [05:31<05:37, 2.88MB/s][A[A[A[A[A[A[A






Downloading [model.pt]:  50%|█████     | 929M/1.81G [05:31<05:36, 2.89MB/s][A[A[A[A[A[A[A






Downloading [model.pt]:  50%|█████     | 930M/1.81G [05:32<05:35, 2.89MB/s][A[A[A[A[A[A[A






Downloading [model.pt]:  50%|█████     | 931M/1.81G [05:32<05:29, 2.94MB/s][A[A[A[A[A[A[A






Downloading [model.pt]:  50%|█████     | 932M/1.81G [05:32<05:35, 2.89MB/s][A[A[A[A[A[A[A






Downloading [model.pt]:  50%|█████     | 933M/1.81G [05:33<05:40, 2.84MB/s][A[A[A[A[A[A[A






Downloading [model.pt]:  50%|█████     | 934M/1.81G [05:33<05:40, 2.84MB/s][A[A[A[A[A[A[A






Downloading [model.pt]:  50%|█████     | 935M/1.81G [05:34<05:48, 2.77MB/s][A[A[A[A[A[A[A






Downloading [model.pt]:  50%|█████     | 936M/1.81G [05:34<05:54, 2.72MB/s][A[A[A[A[A[A[A






Downloading [model.pt]:  50%|█████     | 937M/1.81G [05:34<05:36, 2.86MB/s][A[A[A[A[A[A[A






Downloading [model.pt]:  51%|█████     | 938M/1.81G [05:35<05:21, 2.99MB/s][A[A[A[A[A[A[A






Downloading [model.pt]:  51%|█████     | 939M/1.81G [05:35<05:42, 2.80MB/s][A[A[A[A[A[A[A






Downloading [model.pt]:  51%|█████     | 940M/1.81G [05:35<05:55, 2.70MB/s][A[A[A[A[A[A[A






Downloading [model.pt]:  51%|█████     | 941M/1.81G [05:36<05:40, 2.82MB/s][A[A[A[A[A[A[A






Downloading [model.pt]:  51%|█████     | 942M/1.81G [05:36<05:46, 2.77MB/s][A[A[A[A[A[A[A






Downloading [model.pt]:  51%|█████     | 943M/1.81G [05:36<05:26, 2.93MB/s][A[A[A[A[A[A[A






Downloading [model.pt]:  51%|█████     | 944M/1.81G [05:37<05:25, 2.93MB/s][A[A[A[A[A[A[A






Downloading [model.pt]:  51%|█████     | 945M/1.81G [05:37<05:34, 2.85MB/s][A[A[A[A[A[A[A






Downloading [model.pt]:  51%|█████     | 946M/1.81G [05:38<05:32, 2.87MB/s][A[A[A[A[A[A[A






Downloading [model.pt]:  51%|█████     | 947M/1.81G [05:38<05:33, 2.86MB/s][A[A[A[A[A[A[A






Downloading [model.pt]:  51%|█████     | 948M/1.81G [05:38<05:24, 2.94MB/s][A[A[A[A[A[A[A






Downloading [model.pt]:  51%|█████     | 949M/1.81G [05:39<05:11, 3.05MB/s][A[A[A[A[A[A[A






Downloading [model.pt]:  51%|█████     | 950M/1.81G [05:39<05:21, 2.95MB/s][A[A[A[A[A[A[A






Downloading [model.pt]:  51%|█████     | 951M/1.81G [05:39<05:27, 2.90MB/s][A[A[A[A[A[A[A






Downloading [model.pt]:  51%|█████▏    | 952M/1.81G [05:40<05:22, 2.94MB/s][A[A[A[A[A[A[A






Downloading [model.pt]:  51%|█████▏    | 953M/1.81G [05:40<05:08, 3.06MB/s][A[A[A[A[A[A[A






Downloading [model.pt]:  51%|█████▏    | 954M/1.81G [05:40<05:02, 3.12MB/s][A[A[A[A[A[A[A






Downloading [model.pt]:  51%|█████▏    | 955M/1.81G [05:41<04:46, 3.30MB/s][A[A[A[A[A[A[A






Downloading [model.pt]:  52%|█████▏    | 956M/1.81G [05:41<05:01, 3.13MB/s][A[A[A[A[A[A[A






Downloading [model.pt]:  52%|█████▏    | 957M/1.81G [05:41<05:08, 3.05MB/s][A[A[A[A[A[A[A






Downloading [model.pt]:  52%|█████▏    | 958M/1.81G [05:42<05:05, 3.08MB/s][A[A[A[A[A[A[A






Downloading [model.pt]:  52%|█████▏    | 959M/1.81G [05:42<04:56, 3.17MB/s][A[A[A[A[A[A[A






Downloading [model.pt]:  52%|█████▏    | 960M/1.81G [05:42<05:14, 2.99MB/s][A[A[A[A[A[A[A






Downloading [model.pt]:  52%|█████▏    | 961M/1.81G [05:43<05:09, 3.03MB/s][A[A[A[A[A[A[A






Downloading [model.pt]:  52%|█████▏    | 962M/1.81G [05:43<05:13, 2.99MB/s][A[A[A[A[A[A[A






Downloading [model.pt]:  52%|█████▏    | 963M/1.81G [05:43<05:04, 3.08MB/s][A[A[A[A[A[A[A






Downloading [model.pt]:  52%|█████▏    | 964M/1.81G [05:44<05:16, 2.95MB/s][A[A[A[A[A[A[A






Downloading [model.pt]:  52%|█████▏    | 965M/1.81G [05:44<05:12, 2.99MB/s][A[A[A[A[A[A[A






Downloading [model.pt]:  52%|█████▏    | 966M/1.81G [05:44<05:00, 3.11MB/s][A[A[A[A[A[A[A






Downloading [model.pt]:  52%|█████▏    | 967M/1.81G [05:45<04:59, 3.11MB/s][A[A[A[A[A[A[A






Downloading [model.pt]:  52%|█████▏    | 968M/1.81G [05:45<05:04, 3.06MB/s][A[A[A[A[A[A[A






Downloading [model.pt]:  52%|█████▏    | 969M/1.81G [05:45<05:04, 3.05MB/s][A[A[A[A[A[A[A






Downloading [model.pt]:  52%|█████▏    | 970M/1.81G [05:46<05:17, 2.93MB/s][A[A[A[A[A[A[A






Downloading [model.pt]:  52%|█████▏    | 971M/1.81G [05:46<05:08, 3.00MB/s][A[A[A[A[A[A[A






Downloading [model.pt]:  52%|█████▏    | 972M/1.81G [05:47<05:16, 2.93MB/s][A[A[A[A[A[A[A






Downloading [model.pt]:  52%|█████▏    | 973M/1.81G [05:47<05:18, 2.91MB/s][A[A[A[A[A[A[A






Downloading [model.pt]:  52%|█████▏    | 974M/1.81G [05:47<05:17, 2.91MB/s][A[A[A[A[A[A[A






Downloading [model.pt]:  53%|█████▎    | 975M/1.81G [05:48<05:38, 2.72MB/s][A[A[A[A[A[A[A






Downloading [model.pt]:  53%|█████▎    | 976M/1.81G [05:48<05:35, 2.75MB/s][A[A[A[A[A[A[A






Downloading [model.pt]:  53%|█████▎    | 977M/1.81G [05:48<05:34, 2.76MB/s][A[A[A[A[A[A[A






Downloading [model.pt]:  53%|█████▎    | 978M/1.81G [05:49<05:24, 2.83MB/s][A[A[A[A[A[A[A






Downloading [model.pt]:  53%|█████▎    | 979M/1.81G [05:49<05:32, 2.76MB/s][A[A[A[A[A[A[A






Downloading [model.pt]:  53%|█████▎    | 980M/1.81G [05:50<05:11, 2.95MB/s][A[A[A[A[A[A[A






Downloading [model.pt]:  53%|█████▎    | 981M/1.81G [05:50<05:23, 2.83MB/s][A[A[A[A[A[A[A






Downloading [model.pt]:  53%|█████▎    | 982M/1.81G [05:50<05:10, 2.95MB/s][A[A[A[A[A[A[A






Downloading [model.pt]:  53%|█████▎    | 983M/1.81G [05:51<05:09, 2.96MB/s][A[A[A[A[A[A[A






Downloading [model.pt]:  53%|█████▎    | 984M/1.81G [05:51<05:28, 2.78MB/s][A[A[A[A[A[A[A






Downloading [model.pt]:  53%|█████▎    | 985M/1.81G [05:51<05:33, 2.74MB/s][A[A[A[A[A[A[A






Downloading [model.pt]:  53%|█████▎    | 986M/1.81G [05:52<05:38, 2.69MB/s][A[A[A[A[A[A[A






Downloading [model.pt]:  53%|█████▎    | 987M/1.81G [05:52<05:11, 2.92MB/s][A[A[A[A[A[A[A






Downloading [model.pt]:  53%|█████▎    | 988M/1.81G [05:52<05:08, 2.95MB/s][A[A[A[A[A[A[A






Downloading [model.pt]:  53%|█████▎    | 989M/1.81G [05:53<05:14, 2.89MB/s][A[A[A[A[A[A[A






Downloading [model.pt]:  53%|█████▎    | 990M/1.81G [05:53<05:19, 2.84MB/s][A[A[A[A[A[A[A






Downloading [model.pt]:  53%|█████▎    | 991M/1.81G [05:54<05:03, 2.99MB/s][A[A[A[A[A[A[A






Downloading [model.pt]:  53%|█████▎    | 992M/1.81G [05:54<05:08, 2.94MB/s][A[A[A[A[A[A[A






Downloading [model.pt]:  54%|█████▎    | 993M/1.81G [05:54<04:55, 3.06MB/s][A[A[A[A[A[A[A






Downloading [model.pt]:  54%|█████▎    | 994M/1.81G [05:55<04:59, 3.01MB/s][A[A[A[A[A[A[A






Downloading [model.pt]:  54%|█████▎    | 995M/1.81G [05:55<05:10, 2.91MB/s][A[A[A[A[A[A[A






Downloading [model.pt]:  54%|█████▎    | 996M/1.81G [05:55<05:11, 2.90MB/s][A[A[A[A[A[A[A






Downloading [model.pt]:  54%|█████▎    | 997M/1.81G [05:56<05:10, 2.90MB/s][A[A[A[A[A[A[A






Downloading [model.pt]:  54%|█████▍    | 998M/1.81G [05:56<05:02, 2.97MB/s][A[A[A[A[A[A[A






Downloading [model.pt]:  54%|█████▍    | 999M/1.81G [05:56<04:53, 3.06MB/s][A[A[A[A[A[A[A






Downloading [model.pt]:  54%|█████▍    | 0.98G/1.81G [05:57<04:46, 3.14MB/s][A[A[A[A[A[A[A






Downloading [model.pt]:  54%|█████▍    | 0.98G/1.81G [05:57<04:25, 3.38MB/s][A[A[A[A[A[A[A






Downloading [model.pt]:  54%|█████▍    | 0.98G/1.81G [05:57<04:40, 3.19MB/s][A[A[A[A[A[A[A






Downloading [model.pt]:  54%|█████▍    | 0.98G/1.81G [05:58<04:45, 3.13MB/s][A[A[A[A[A[A[A






Downloading [model.pt]:  54%|█████▍    | 0.98G/1.81G [05:58<04:47, 3.11MB/s][A[A[A[A[A[A[A






Downloading [model.pt]:  54%|█████▍    | 0.98G/1.81G [05:58<05:02, 2.95MB/s][A[A[A[A[A[A[A






Downloading [model.pt]:  54%|█████▍    | 0.98G/1.81G [05:59<04:53, 3.04MB/s][A[A[A[A[A[A[A






Downloading [model.pt]:  54%|█████▍    | 0.98G/1.81G [05:59<05:07, 2.89MB/s][A[A[A[A[A[A[A






Downloading [model.pt]:  54%|█████▍    | 0.98G/1.81G [05:59<05:00, 2.95MB/s][A[A[A[A[A[A[A






Downloading [model.pt]:  54%|█████▍    | 0.99G/1.81G [06:00<04:51, 3.05MB/s][A[A[A[A[A[A[A






Downloading [model.pt]:  54%|█████▍    | 0.99G/1.81G [06:00<05:02, 2.93MB/s][A[A[A[A[A[A[A






Downloading [model.pt]:  54%|█████▍    | 0.99G/1.81G [06:00<04:49, 3.06MB/s][A[A[A[A[A[A[A






Downloading [model.pt]:  55%|█████▍    | 0.99G/1.81G [06:01<04:41, 3.14MB/s][A[A[A[A[A[A[A






Downloading [model.pt]:  55%|█████▍    | 0.99G/1.81G [06:01<04:55, 2.99MB/s][A[A[A[A[A[A[A






Downloading [model.pt]:  55%|█████▍    | 0.99G/1.81G [06:01<04:49, 3.04MB/s][A[A[A[A[A[A[A






Downloading [model.pt]:  55%|█████▍    | 0.99G/1.81G [06:02<05:12, 2.82MB/s][A[A[A[A[A[A[A






Downloading [model.pt]:  55%|█████▍    | 0.99G/1.81G [06:02<05:00, 2.93MB/s][A[A[A[A[A[A[A






Downloading [model.pt]:  55%|█████▍    | 0.99G/1.81G [06:03<04:45, 3.08MB/s][A[A[A[A[A[A[A






Downloading [model.pt]:  55%|█████▍    | 0.99G/1.81G [06:03<04:42, 3.11MB/s][A[A[A[A[A[A[A






Downloading [model.pt]:  55%|█████▍    | 1.00G/1.81G [06:03<04:38, 3.15MB/s][A[A[A[A[A[A[A






Downloading [model.pt]:  55%|█████▍    | 1.00G/1.81G [06:04<04:40, 3.12MB/s][A[A[A[A[A[A[A






Downloading [model.pt]:  55%|█████▌    | 1.00G/1.81G [06:04<04:48, 3.04MB/s][A[A[A[A[A[A[A






Downloading [model.pt]:  55%|█████▌    | 1.00G/1.81G [06:04<04:46, 3.05MB/s][A[A[A[A[A[A[A






Downloading [model.pt]:  55%|█████▌    | 1.00G/1.81G [06:05<04:37, 3.15MB/s][A[A[A[A[A[A[A






Downloading [model.pt]:  55%|█████▌    | 1.00G/1.81G [06:05<04:41, 3.10MB/s][A[A[A[A[A[A[A






Downloading [model.pt]:  55%|█████▌    | 1.00G/1.81G [06:05<04:41, 3.09MB/s][A[A[A[A[A[A[A






Downloading [model.pt]:  55%|█████▌    | 1.00G/1.81G [06:06<04:36, 3.15MB/s][A[A[A[A[A[A[A






Downloading [model.pt]:  55%|█████▌    | 1.00G/1.81G [06:06<04:50, 2.99MB/s][A[A[A[A[A[A[A






Downloading [model.pt]:  55%|█████▌    | 1.00G/1.81G [06:06<04:46, 3.03MB/s][A[A[A[A[A[A[A






Downloading [model.pt]:  55%|█████▌    | 1.00G/1.81G [06:07<04:52, 2.96MB/s][A[A[A[A[A[A[A






Downloading [model.pt]:  56%|█████▌    | 1.01G/1.81G [06:07<04:40, 3.09MB/s][A[A[A[A[A[A[A






Downloading [model.pt]:  56%|█████▌    | 1.01G/1.81G [06:07<04:26, 3.24MB/s][A[A[A[A[A[A[A






Downloading [model.pt]:  56%|█████▌    | 1.01G/1.81G [06:08<04:25, 3.25MB/s][A[A[A[A[A[A[A






Downloading [model.pt]:  56%|█████▌    | 1.01G/1.81G [06:08<04:33, 3.15MB/s][A[A[A[A[A[A[A






Downloading [model.pt]:  56%|█████▌    | 1.01G/1.81G [06:08<04:26, 3.24MB/s][A[A[A[A[A[A[A






Downloading [model.pt]:  56%|█████▌    | 1.01G/1.81G [06:09<04:34, 3.13MB/s][A[A[A[A[A[A[A






Downloading [model.pt]:  56%|█████▌    | 1.01G/1.81G [06:09<04:41, 3.05MB/s][A[A[A[A[A[A[A






Downloading [model.pt]:  56%|█████▌    | 1.01G/1.81G [06:09<04:41, 3.05MB/s][A[A[A[A[A[A[A






Downloading [model.pt]:  56%|█████▌    | 1.01G/1.81G [06:10<04:45, 3.01MB/s][A[A[A[A[A[A[A






Downloading [model.pt]:  56%|█████▌    | 1.01G/1.81G [06:10<04:37, 3.09MB/s][A[A[A[A[A[A[A






Downloading [model.pt]:  56%|█████▌    | 1.02G/1.81G [06:10<04:52, 2.93MB/s][A[A[A[A[A[A[A






Downloading [model.pt]:  56%|█████▌    | 1.02G/1.81G [06:11<04:45, 2.99MB/s][A[A[A[A[A[A[A






Downloading [model.pt]:  56%|█████▌    | 1.02G/1.81G [06:11<04:58, 2.86MB/s][A[A[A[A[A[A[A






Downloading [model.pt]:  56%|█████▌    | 1.02G/1.81G [06:12<05:03, 2.81MB/s][A[A[A[A[A[A[A






Downloading [model.pt]:  56%|█████▋    | 1.02G/1.81G [06:12<05:02, 2.82MB/s][A[A[A[A[A[A[A






Downloading [model.pt]:  56%|█████▋    | 1.02G/1.81G [06:12<04:51, 2.91MB/s][A[A[A[A[A[A[A






Downloading [model.pt]:  56%|█████▋    | 1.02G/1.81G [06:13<04:47, 2.95MB/s][A[A[A[A[A[A[A






Downloading [model.pt]:  56%|█████▋    | 1.02G/1.81G [06:13<05:10, 2.73MB/s][A[A[A[A[A[A[A






Downloading [model.pt]:  56%|█████▋    | 1.02G/1.81G [06:13<05:13, 2.70MB/s][A[A[A[A[A[A[A






Downloading [model.pt]:  57%|█████▋    | 1.02G/1.81G [06:14<05:18, 2.66MB/s][A[A[A[A[A[A[A






Downloading [model.pt]:  57%|█████▋    | 1.03G/1.81G [06:14<05:08, 2.74MB/s][A[A[A[A[A[A[A






Downloading [model.pt]:  57%|█████▋    | 1.03G/1.81G [06:15<05:09, 2.73MB/s][A[A[A[A[A[A[A






Downloading [model.pt]:  57%|█████▋    | 1.03G/1.81G [06:15<05:03, 2.78MB/s][A[A[A[A[A[A[A






Downloading [model.pt]:  57%|█████▋    | 1.03G/1.81G [06:15<04:45, 2.95MB/s][A[A[A[A[A[A[A






Downloading [model.pt]:  57%|█████▋    | 1.03G/1.81G [06:16<04:40, 3.00MB/s][A[A[A[A[A[A[A






Downloading [model.pt]:  57%|█████▋    | 1.03G/1.81G [06:16<04:33, 3.07MB/s][A[A[A[A[A[A[A






Downloading [model.pt]:  57%|█████▋    | 1.03G/1.81G [06:16<04:40, 2.99MB/s][A[A[A[A[A[A[A






Downloading [model.pt]:  57%|█████▋    | 1.03G/1.81G [06:17<04:35, 3.04MB/s][A[A[A[A[A[A[A






Downloading [model.pt]:  57%|█████▋    | 1.03G/1.81G [06:17<04:44, 2.94MB/s][A[A[A[A[A[A[A






Downloading [model.pt]:  57%|█████▋    | 1.03G/1.81G [06:17<04:47, 2.90MB/s][A[A[A[A[A[A[A






Downloading [model.pt]:  57%|█████▋    | 1.04G/1.81G [06:18<04:34, 3.04MB/s][A[A[A[A[A[A[A






Downloading [model.pt]:  57%|█████▋    | 1.04G/1.81G [06:18<04:38, 2.99MB/s][A[A[A[A[A[A[A






Downloading [model.pt]:  57%|█████▋    | 1.04G/1.81G [06:18<04:29, 3.08MB/s][A[A[A[A[A[A[A






Downloading [model.pt]:  57%|█████▋    | 1.04G/1.81G [06:19<04:44, 2.93MB/s][A[A[A[A[A[A[A






Downloading [model.pt]:  57%|█████▋    | 1.04G/1.81G [06:19<04:27, 3.11MB/s][A[A[A[A[A[A[A






Downloading [model.pt]:  57%|█████▋    | 1.04G/1.81G [06:19<04:28, 3.09MB/s][A[A[A[A[A[A[A






Downloading [model.pt]:  57%|█████▋    | 1.04G/1.81G [06:20<04:24, 3.13MB/s][A[A[A[A[A[A[A






Downloading [model.pt]:  58%|█████▊    | 1.04G/1.81G [06:20<04:19, 3.19MB/s][A[A[A[A[A[A[A






Downloading [model.pt]:  58%|█████▊    | 1.04G/1.81G [06:20<04:33, 3.02MB/s][A[A[A[A[A[A[A






Downloading [model.pt]:  58%|█████▊    | 1.04G/1.81G [06:21<04:31, 3.04MB/s][A[A[A[A[A[A[A






Downloading [model.pt]:  58%|█████▊    | 1.04G/1.81G [06:21<04:22, 3.14MB/s][A[A[A[A[A[A[A






Downloading [model.pt]:  58%|█████▊    | 1.05G/1.81G [06:21<04:14, 3.24MB/s][A[A[A[A[A[A[A






Downloading [model.pt]:  58%|█████▊    | 1.05G/1.81G [06:22<04:12, 3.26MB/s][A[A[A[A[A[A[A






Downloading [model.pt]:  58%|█████▊    | 1.05G/1.81G [06:22<04:08, 3.30MB/s][A[A[A[A[A[A[A






Downloading [model.pt]:  58%|█████▊    | 1.05G/1.81G [06:22<04:24, 3.10MB/s][A[A[A[A[A[A[A






Downloading [model.pt]:  58%|█████▊    | 1.05G/1.81G [06:23<04:13, 3.23MB/s][A[A[A[A[A[A[A






Downloading [model.pt]:  58%|█████▊    | 1.05G/1.81G [06:23<04:18, 3.16MB/s][A[A[A[A[A[A[A






Downloading [model.pt]:  58%|█████▊    | 1.05G/1.81G [06:23<04:24, 3.09MB/s][A[A[A[A[A[A[A






Downloading [model.pt]:  58%|█████▊    | 1.05G/1.81G [06:24<04:25, 3.08MB/s][A[A[A[A[A[A[A






Downloading [model.pt]:  58%|█████▊    | 1.05G/1.81G [06:24<04:19, 3.14MB/s][A[A[A[A[A[A[A






Downloading [model.pt]:  58%|█████▊    | 1.05G/1.81G [06:24<04:16, 3.17MB/s][A[A[A[A[A[A[A






Downloading [model.pt]:  58%|█████▊    | 1.06G/1.81G [06:25<04:21, 3.11MB/s][A[A[A[A[A[A[A






Downloading [model.pt]:  58%|█████▊    | 1.06G/1.81G [06:25<04:20, 3.12MB/s][A[A[A[A[A[A[A






Downloading [model.pt]:  58%|█████▊    | 1.06G/1.81G [06:25<03:58, 3.40MB/s][A[A[A[A[A[A[A






Downloading [model.pt]:  58%|█████▊    | 1.06G/1.81G [06:26<04:18, 3.13MB/s][A[A[A[A[A[A[A






Downloading [model.pt]:  58%|█████▊    | 1.06G/1.81G [06:26<04:25, 3.05MB/s][A[A[A[A[A[A[A






Downloading [model.pt]:  59%|█████▊    | 1.06G/1.81G [06:26<04:48, 2.80MB/s][A[A[A[A[A[A[A






Downloading [model.pt]:  59%|█████▊    | 1.06G/1.81G [06:27<04:34, 2.93MB/s][A[A[A[A[A[A[A






Downloading [model.pt]:  59%|█████▊    | 1.06G/1.81G [06:27<04:51, 2.76MB/s][A[A[A[A[A[A[A






Downloading [model.pt]:  59%|█████▊    | 1.06G/1.81G [06:28<04:43, 2.84MB/s][A[A[A[A[A[A[A






Downloading [model.pt]:  59%|█████▊    | 1.06G/1.81G [06:28<04:37, 2.90MB/s][A[A[A[A[A[A[A






Downloading [model.pt]:  59%|█████▉    | 1.07G/1.81G [06:28<04:33, 2.93MB/s][A[A[A[A[A[A[A






Downloading [model.pt]:  59%|█████▉    | 1.07G/1.81G [06:29<04:43, 2.83MB/s][A[A[A[A[A[A[A






Downloading [model.pt]:  59%|█████▉    | 1.07G/1.81G [06:29<04:40, 2.85MB/s][A[A[A[A[A[A[A






Downloading [model.pt]:  59%|█████▉    | 1.07G/1.81G [06:29<04:45, 2.80MB/s][A[A[A[A[A[A[A






Downloading [model.pt]:  59%|█████▉    | 1.07G/1.81G [06:30<04:44, 2.80MB/s][A[A[A[A[A[A[A






Downloading [model.pt]:  59%|█████▉    | 1.07G/1.81G [06:30<05:00, 2.66MB/s][A[A[A[A[A[A[A






Downloading [model.pt]:  59%|█████▉    | 1.07G/1.81G [06:31<04:43, 2.80MB/s][A[A[A[A[A[A[A






Downloading [model.pt]:  59%|█████▉    | 1.07G/1.81G [06:31<04:42, 2.81MB/s][A[A[A[A[A[A[A






Downloading [model.pt]:  59%|█████▉    | 1.07G/1.81G [06:31<04:27, 2.97MB/s][A[A[A[A[A[A[A






Downloading [model.pt]:  59%|█████▉    | 1.07G/1.81G [06:32<04:13, 3.13MB/s][A[A[A[A[A[A[A






Downloading [model.pt]:  59%|█████▉    | 1.08G/1.81G [06:32<04:04, 3.24MB/s][A[A[A[A[A[A[A






Downloading [model.pt]:  59%|█████▉    | 1.08G/1.81G [06:32<04:11, 3.14MB/s][A[A[A[A[A[A[A






Downloading [model.pt]:  59%|█████▉    | 1.08G/1.81G [06:33<04:20, 3.03MB/s][A[A[A[A[A[A[A






Downloading [model.pt]:  59%|█████▉    | 1.08G/1.81G [06:33<04:26, 2.96MB/s][A[A[A[A[A[A[A






Downloading [model.pt]:  60%|█████▉    | 1.08G/1.81G [06:33<04:14, 3.10MB/s][A[A[A[A[A[A[A






Downloading [model.pt]:  60%|█████▉    | 1.08G/1.81G [06:34<04:22, 2.99MB/s][A[A[A[A[A[A[A






Downloading [model.pt]:  60%|█████▉    | 1.08G/1.81G [06:34<04:16, 3.06MB/s][A[A[A[A[A[A[A






Downloading [model.pt]:  60%|█████▉    | 1.08G/1.81G [06:34<04:18, 3.03MB/s][A[A[A[A[A[A[A






Downloading [model.pt]:  60%|█████▉    | 1.08G/1.81G [06:35<04:15, 3.07MB/s][A[A[A[A[A[A[A






Downloading [model.pt]:  60%|█████▉    | 1.08G/1.81G [06:35<04:17, 3.04MB/s][A[A[A[A[A[A[A






Downloading [model.pt]:  60%|█████▉    | 1.08G/1.81G [06:35<04:10, 3.12MB/s][A[A[A[A[A[A[A






Downloading [model.pt]:  60%|█████▉    | 1.09G/1.81G [06:36<04:15, 3.06MB/s][A[A[A[A[A[A[A






Downloading [model.pt]:  60%|█████▉    | 1.09G/1.81G [06:36<04:29, 2.89MB/s][A[A[A[A[A[A[A






Downloading [model.pt]:  60%|██████    | 1.09G/1.81G [06:36<04:45, 2.72MB/s][A[A[A[A[A[A[A






Downloading [model.pt]:  60%|██████    | 1.09G/1.81G [06:37<04:29, 2.89MB/s][A[A[A[A[A[A[A






Downloading [model.pt]:  60%|██████    | 1.09G/1.81G [06:37<04:30, 2.86MB/s][A[A[A[A[A[A[A






Downloading [model.pt]:  60%|██████    | 1.09G/1.81G [06:37<04:03, 3.17MB/s][A[A[A[A[A[A[A






Downloading [model.pt]:  60%|██████    | 1.09G/1.81G [06:38<03:53, 3.32MB/s][A[A[A[A[A[A[A






Downloading [model.pt]:  60%|██████    | 1.09G/1.81G [06:38<04:05, 3.14MB/s][A[A[A[A[A[A[A






Downloading [model.pt]:  60%|██████    | 1.09G/1.81G [06:38<04:00, 3.20MB/s][A[A[A[A[A[A[A






Downloading [model.pt]:  60%|██████    | 1.09G/1.81G [06:39<04:05, 3.14MB/s][A[A[A[A[A[A[A






Downloading [model.pt]:  60%|██████    | 1.10G/1.81G [06:39<04:04, 3.14MB/s][A[A[A[A[A[A[A






Downloading [model.pt]:  61%|██████    | 1.10G/1.81G [06:39<04:07, 3.11MB/s][A[A[A[A[A[A[A






Downloading [model.pt]:  61%|██████    | 1.10G/1.81G [06:40<04:10, 3.06MB/s][A[A[A[A[A[A[A






Downloading [model.pt]:  61%|██████    | 1.10G/1.81G [06:40<04:03, 3.15MB/s][A[A[A[A[A[A[A






Downloading [model.pt]:  61%|██████    | 1.10G/1.81G [06:40<03:56, 3.23MB/s][A[A[A[A[A[A[A






Downloading [model.pt]:  61%|██████    | 1.10G/1.81G [06:41<04:06, 3.10MB/s][A[A[A[A[A[A[A






Downloading [model.pt]:  61%|██████    | 1.10G/1.81G [06:41<04:02, 3.14MB/s][A[A[A[A[A[A[A






Downloading [model.pt]:  61%|██████    | 1.10G/1.81G [06:41<04:12, 3.02MB/s][A[A[A[A[A[A[A






Downloading [model.pt]:  61%|██████    | 1.10G/1.81G [06:42<04:01, 3.15MB/s][A[A[A[A[A[A[A






Downloading [model.pt]:  61%|██████    | 1.10G/1.81G [06:42<04:02, 3.13MB/s][A[A[A[A[A[A[A






Downloading [model.pt]:  61%|██████    | 1.11G/1.81G [06:42<03:50, 3.29MB/s][A[A[A[A[A[A[A






Downloading [model.pt]:  61%|██████    | 1.11G/1.81G [06:43<03:56, 3.20MB/s][A[A[A[A[A[A[A






Downloading [model.pt]:  61%|██████    | 1.11G/1.81G [06:43<04:01, 3.14MB/s][A[A[A[A[A[A[A






Downloading [model.pt]:  61%|██████    | 1.11G/1.81G [06:43<04:11, 3.01MB/s][A[A[A[A[A[A[A






Downloading [model.pt]:  61%|██████    | 1.11G/1.81G [06:44<04:05, 3.07MB/s][A[A[A[A[A[A[A






Downloading [model.pt]:  61%|██████▏   | 1.11G/1.81G [06:44<04:08, 3.03MB/s][A[A[A[A[A[A[A






Downloading [model.pt]:  61%|██████▏   | 1.11G/1.81G [06:45<04:18, 2.91MB/s][A[A[A[A[A[A[A






Downloading [model.pt]:  61%|██████▏   | 1.11G/1.81G [06:45<04:11, 2.99MB/s][A[A[A[A[A[A[A






Downloading [model.pt]:  61%|██████▏   | 1.11G/1.81G [06:45<04:19, 2.89MB/s][A[A[A[A[A[A[A






Downloading [model.pt]:  61%|██████▏   | 1.11G/1.81G [06:46<04:19, 2.88MB/s][A[A[A[A[A[A[A






Downloading [model.pt]:  62%|██████▏   | 1.12G/1.81G [06:46<04:19, 2.89MB/s][A[A[A[A[A[A[A






Downloading [model.pt]:  62%|██████▏   | 1.12G/1.81G [06:46<04:15, 2.92MB/s][A[A[A[A[A[A[A






Downloading [model.pt]:  62%|██████▏   | 1.12G/1.81G [06:47<04:09, 2.99MB/s][A[A[A[A[A[A[A






Downloading [model.pt]:  62%|██████▏   | 1.12G/1.81G [06:47<03:55, 3.16MB/s][A[A[A[A[A[A[A






Downloading [model.pt]:  62%|██████▏   | 1.12G/1.81G [06:47<03:57, 3.13MB/s][A[A[A[A[A[A[A






Downloading [model.pt]:  62%|██████▏   | 1.12G/1.81G [06:48<04:12, 2.94MB/s][A[A[A[A[A[A[A






Downloading [model.pt]:  62%|██████▏   | 1.12G/1.81G [06:48<04:14, 2.92MB/s][A[A[A[A[A[A[A






Downloading [model.pt]:  62%|██████▏   | 1.12G/1.81G [06:48<04:07, 3.00MB/s][A[A[A[A[A[A[A






Downloading [model.pt]:  62%|██████▏   | 1.12G/1.81G [06:49<03:49, 3.23MB/s][A[A[A[A[A[A[A






Downloading [model.pt]:  62%|██████▏   | 1.12G/1.81G [06:49<03:33, 3.46MB/s][A[A[A[A[A[A[A






Downloading [model.pt]:  62%|██████▏   | 1.12G/1.81G [06:49<03:37, 3.39MB/s][A[A[A[A[A[A[A






Downloading [model.pt]:  62%|██████▏   | 1.13G/1.81G [06:50<03:54, 3.15MB/s][A[A[A[A[A[A[A






Downloading [model.pt]:  62%|██████▏   | 1.13G/1.81G [06:50<04:18, 2.85MB/s][A[A[A[A[A[A[A






Downloading [model.pt]:  62%|██████▏   | 1.13G/1.81G [06:50<04:24, 2.77MB/s][A[A[A[A[A[A[A






Downloading [model.pt]:  62%|██████▏   | 1.13G/1.81G [06:51<04:25, 2.77MB/s][A[A[A[A[A[A[A






Downloading [model.pt]:  62%|██████▏   | 1.13G/1.81G [06:51<04:12, 2.90MB/s][A[A[A[A[A[A[A






Downloading [model.pt]:  62%|██████▏   | 1.13G/1.81G [06:52<04:15, 2.86MB/s][A[A[A[A[A[A[A






Downloading [model.pt]:  62%|██████▏   | 1.13G/1.81G [06:52<04:13, 2.88MB/s][A[A[A[A[A[A[A






Downloading [model.pt]:  63%|██████▎   | 1.13G/1.81G [06:52<04:14, 2.87MB/s][A[A[A[A[A[A[A






Downloading [model.pt]:  63%|██████▎   | 1.13G/1.81G [06:53<03:57, 3.06MB/s][A[A[A[A[A[A[A






Downloading [model.pt]:  63%|██████▎   | 1.13G/1.81G [06:53<03:59, 3.04MB/s][A[A[A[A[A[A[A






Downloading [model.pt]:  63%|██████▎   | 1.14G/1.81G [06:53<04:07, 2.94MB/s][A[A[A[A[A[A[A






Downloading [model.pt]:  63%|██████▎   | 1.14G/1.81G [06:54<04:20, 2.79MB/s][A[A[A[A[A[A[A






Downloading [model.pt]:  63%|██████▎   | 1.14G/1.81G [06:54<04:13, 2.86MB/s][A[A[A[A[A[A[A






Downloading [model.pt]:  63%|██████▎   | 1.14G/1.81G [06:54<04:13, 2.85MB/s][A[A[A[A[A[A[A






Downloading [model.pt]:  63%|██████▎   | 1.14G/1.81G [06:55<04:04, 2.96MB/s][A[A[A[A[A[A[A






Downloading [model.pt]:  63%|██████▎   | 1.14G/1.81G [06:55<03:53, 3.09MB/s][A[A[A[A[A[A[A






Downloading [model.pt]:  63%|██████▎   | 1.14G/1.81G [06:55<03:58, 3.02MB/s][A[A[A[A[A[A[A






Downloading [model.pt]:  63%|██████▎   | 1.14G/1.81G [06:56<04:05, 2.93MB/s][A[A[A[A[A[A[A






Downloading [model.pt]:  63%|██████▎   | 1.14G/1.81G [06:56<03:59, 2.99MB/s][A[A[A[A[A[A[A






Downloading [model.pt]:  63%|██████▎   | 1.14G/1.81G [06:56<03:56, 3.04MB/s][A[A[A[A[A[A[A






Downloading [model.pt]:  63%|██████▎   | 1.15G/1.81G [06:57<04:05, 2.91MB/s][A[A[A[A[A[A[A






Downloading [model.pt]:  63%|██████▎   | 1.15G/1.81G [06:57<04:10, 2.85MB/s][A[A[A[A[A[A[A






Downloading [model.pt]:  63%|██████▎   | 1.15G/1.81G [06:58<04:13, 2.81MB/s][A[A[A[A[A[A[A






Downloading [model.pt]:  63%|██████▎   | 1.15G/1.81G [06:58<04:11, 2.84MB/s][A[A[A[A[A[A[A






Downloading [model.pt]:  63%|██████▎   | 1.15G/1.81G [06:58<04:23, 2.70MB/s][A[A[A[A[A[A[A






Downloading [model.pt]:  63%|██████▎   | 1.15G/1.81G [06:59<04:08, 2.86MB/s][A[A[A[A[A[A[A






Downloading [model.pt]:  64%|██████▎   | 1.15G/1.81G [06:59<03:56, 3.00MB/s][A[A[A[A[A[A[A






Downloading [model.pt]:  64%|██████▎   | 1.15G/1.81G [06:59<03:37, 3.25MB/s][A[A[A[A[A[A[A






Downloading [model.pt]:  64%|██████▎   | 1.15G/1.81G [07:00<03:49, 3.08MB/s][A[A[A[A[A[A[A






Downloading [model.pt]:  64%|██████▎   | 1.15G/1.81G [07:00<03:46, 3.12MB/s][A[A[A[A[A[A[A






Downloading [model.pt]:  64%|██████▍   | 1.16G/1.81G [07:00<03:56, 2.98MB/s][A[A[A[A[A[A[A






Downloading [model.pt]:  64%|██████▍   | 1.16G/1.81G [07:01<03:54, 3.01MB/s][A[A[A[A[A[A[A






Downloading [model.pt]:  64%|██████▍   | 1.16G/1.81G [07:01<03:46, 3.10MB/s][A[A[A[A[A[A[A






Downloading [model.pt]:  64%|██████▍   | 1.16G/1.81G [07:01<03:56, 2.97MB/s][A[A[A[A[A[A[A






Downloading [model.pt]:  64%|██████▍   | 1.16G/1.81G [07:02<03:57, 2.96MB/s][A[A[A[A[A[A[A






Downloading [model.pt]:  64%|██████▍   | 1.16G/1.81G [07:02<03:52, 3.01MB/s][A[A[A[A[A[A[A






Downloading [model.pt]:  64%|██████▍   | 1.16G/1.81G [07:02<03:49, 3.05MB/s][A[A[A[A[A[A[A






Downloading [model.pt]:  64%|██████▍   | 1.16G/1.81G [07:03<03:57, 2.94MB/s][A[A[A[A[A[A[A






Downloading [model.pt]:  64%|██████▍   | 1.16G/1.81G [07:03<04:01, 2.89MB/s][A[A[A[A[A[A[A






Downloading [model.pt]:  64%|██████▍   | 1.16G/1.81G [07:04<04:02, 2.87MB/s][A[A[A[A[A[A[A






Downloading [model.pt]:  64%|██████▍   | 1.17G/1.81G [07:04<03:58, 2.92MB/s][A[A[A[A[A[A[A






Downloading [model.pt]:  64%|██████▍   | 1.17G/1.81G [07:04<03:51, 3.00MB/s][A[A[A[A[A[A[A






Downloading [model.pt]:  64%|██████▍   | 1.17G/1.81G [07:05<04:00, 2.88MB/s][A[A[A[A[A[A[A






Downloading [model.pt]:  64%|██████▍   | 1.17G/1.81G [07:05<03:43, 3.09MB/s][A[A[A[A[A[A[A






Downloading [model.pt]:  65%|██████▍   | 1.17G/1.81G [07:05<03:25, 3.37MB/s][A[A[A[A[A[A[A






Downloading [model.pt]:  65%|██████▍   | 1.17G/1.81G [07:06<03:24, 3.37MB/s][A[A[A[A[A[A[A






Downloading [model.pt]:  65%|██████▍   | 1.17G/1.81G [07:06<03:29, 3.28MB/s][A[A[A[A[A[A[A






Downloading [model.pt]:  65%|██████▍   | 1.17G/1.81G [07:06<03:45, 3.04MB/s][A[A[A[A[A[A[A






Downloading [model.pt]:  65%|██████▍   | 1.17G/1.81G [07:07<04:02, 2.83MB/s][A[A[A[A[A[A[A






Downloading [model.pt]:  65%|██████▍   | 1.17G/1.81G [07:07<04:10, 2.74MB/s][A[A[A[A[A[A[A






Downloading [model.pt]:  65%|██████▍   | 1.17G/1.81G [07:08<04:18, 2.64MB/s][A[A[A[A[A[A[A






Downloading [model.pt]:  65%|██████▍   | 1.18G/1.81G [07:08<03:59, 2.85MB/s][A[A[A[A[A[A[A






Downloading [model.pt]:  65%|██████▍   | 1.18G/1.81G [07:08<03:51, 2.95MB/s][A[A[A[A[A[A[A






Downloading [model.pt]:  65%|██████▍   | 1.18G/1.81G [07:09<03:56, 2.88MB/s][A[A[A[A[A[A[A






Downloading [model.pt]:  65%|██████▌   | 1.18G/1.81G [07:09<03:59, 2.84MB/s][A[A[A[A[A[A[A






Downloading [model.pt]:  65%|██████▌   | 1.18G/1.81G [07:09<04:01, 2.81MB/s][A[A[A[A[A[A[A






Downloading [model.pt]:  65%|██████▌   | 1.18G/1.81G [07:10<04:05, 2.76MB/s][A[A[A[A[A[A[A






Downloading [model.pt]:  65%|██████▌   | 1.18G/1.81G [07:10<03:52, 2.91MB/s][A[A[A[A[A[A[A






Downloading [model.pt]:  65%|██████▌   | 1.18G/1.81G [07:10<03:38, 3.09MB/s][A[A[A[A[A[A[A






Downloading [model.pt]:  65%|██████▌   | 1.18G/1.81G [07:11<03:35, 3.13MB/s][A[A[A[A[A[A[A






Downloading [model.pt]:  65%|██████▌   | 1.18G/1.81G [07:11<03:34, 3.13MB/s][A[A[A[A[A[A[A






Downloading [model.pt]:  65%|██████▌   | 1.19G/1.81G [07:11<03:38, 3.08MB/s][A[A[A[A[A[A[A






Downloading [model.pt]:  65%|██████▌   | 1.19G/1.81G [07:12<03:44, 2.99MB/s][A[A[A[A[A[A[A






Downloading [model.pt]:  66%|██████▌   | 1.19G/1.81G [07:12<03:52, 2.88MB/s][A[A[A[A[A[A[A






Downloading [model.pt]:  66%|██████▌   | 1.19G/1.81G [07:12<03:42, 3.01MB/s][A[A[A[A[A[A[A






Downloading [model.pt]:  66%|██████▌   | 1.19G/1.81G [07:13<03:53, 2.87MB/s][A[A[A[A[A[A[A






Downloading [model.pt]:  66%|██████▌   | 1.19G/1.81G [07:13<04:04, 2.73MB/s][A[A[A[A[A[A[A






Downloading [model.pt]:  66%|██████▌   | 1.19G/1.81G [07:14<04:11, 2.65MB/s][A[A[A[A[A[A[A






Downloading [model.pt]:  66%|██████▌   | 1.19G/1.81G [07:14<04:01, 2.75MB/s][A[A[A[A[A[A[A






Downloading [model.pt]:  66%|██████▌   | 1.19G/1.81G [07:14<03:43, 2.98MB/s][A[A[A[A[A[A[A






Downloading [model.pt]:  66%|██████▌   | 1.19G/1.81G [07:15<03:47, 2.91MB/s][A[A[A[A[A[A[A






Downloading [model.pt]:  66%|██████▌   | 1.20G/1.81G [07:15<03:42, 2.98MB/s][A[A[A[A[A[A[A






Downloading [model.pt]:  66%|██████▌   | 1.20G/1.81G [07:15<03:41, 2.99MB/s][A[A[A[A[A[A[A






Downloading [model.pt]:  66%|██████▌   | 1.20G/1.81G [07:16<03:57, 2.79MB/s][A[A[A[A[A[A[A






Downloading [model.pt]:  66%|██████▌   | 1.20G/1.81G [07:16<03:59, 2.75MB/s][A[A[A[A[A[A[A






Downloading [model.pt]:  66%|██████▌   | 1.20G/1.81G [07:17<04:01, 2.72MB/s][A[A[A[A[A[A[A






Downloading [model.pt]:  66%|██████▌   | 1.20G/1.81G [07:17<03:47, 2.89MB/s][A[A[A[A[A[A[A






Downloading [model.pt]:  66%|██████▋   | 1.20G/1.81G [07:17<03:50, 2.85MB/s][A[A[A[A[A[A[A






Downloading [model.pt]:  66%|██████▋   | 1.20G/1.81G [07:18<03:37, 3.01MB/s][A[A[A[A[A[A[A






Downloading [model.pt]:  66%|██████▋   | 1.20G/1.81G [07:18<03:45, 2.90MB/s][A[A[A[A[A[A[A






Downloading [model.pt]:  66%|██████▋   | 1.20G/1.81G [07:18<03:35, 3.03MB/s][A[A[A[A[A[A[A






Downloading [model.pt]:  66%|██████▋   | 1.21G/1.81G [07:19<03:23, 3.20MB/s][A[A[A[A[A[A[A






Downloading [model.pt]:  67%|██████▋   | 1.21G/1.81G [07:19<03:23, 3.19MB/s][A[A[A[A[A[A[A






Downloading [model.pt]:  67%|██████▋   | 1.21G/1.81G [07:19<03:27, 3.14MB/s][A[A[A[A[A[A[A






Downloading [model.pt]:  67%|██████▋   | 1.21G/1.81G [07:20<03:21, 3.22MB/s][A[A[A[A[A[A[A






Downloading [model.pt]:  67%|██████▋   | 1.21G/1.81G [07:20<03:16, 3.30MB/s][A[A[A[A[A[A[A






Downloading [model.pt]:  67%|██████▋   | 1.21G/1.81G [07:20<03:29, 3.09MB/s][A[A[A[A[A[A[A






Downloading [model.pt]:  67%|██████▋   | 1.21G/1.81G [07:21<03:31, 3.06MB/s][A[A[A[A[A[A[A






Downloading [model.pt]:  67%|██████▋   | 1.21G/1.81G [07:21<03:31, 3.05MB/s][A[A[A[A[A[A[A






Downloading [model.pt]:  67%|██████▋   | 1.21G/1.81G [07:21<03:26, 3.11MB/s][A[A[A[A[A[A[A






Downloading [model.pt]:  67%|██████▋   | 1.21G/1.81G [07:22<03:23, 3.16MB/s][A[A[A[A[A[A[A






Downloading [model.pt]:  67%|██████▋   | 1.21G/1.81G [07:22<03:24, 3.14MB/s][A[A[A[A[A[A[A






Downloading [model.pt]:  67%|██████▋   | 1.22G/1.81G [07:22<03:27, 3.08MB/s][A[A[A[A[A[A[A






Downloading [model.pt]:  67%|██████▋   | 1.22G/1.81G [07:23<03:31, 3.02MB/s][A[A[A[A[A[A[A






Downloading [model.pt]:  67%|██████▋   | 1.22G/1.81G [07:23<03:24, 3.12MB/s][A[A[A[A[A[A[A






Downloading [model.pt]:  67%|██████▋   | 1.22G/1.81G [07:23<03:16, 3.24MB/s][A[A[A[A[A[A[A






Downloading [model.pt]:  67%|██████▋   | 1.22G/1.81G [07:24<03:29, 3.04MB/s][A[A[A[A[A[A[A






Downloading [model.pt]:  67%|██████▋   | 1.22G/1.81G [07:24<03:40, 2.88MB/s][A[A[A[A[A[A[A






Downloading [model.pt]:  67%|██████▋   | 1.22G/1.81G [07:24<03:48, 2.78MB/s][A[A[A[A[A[A[A






Downloading [model.pt]:  67%|██████▋   | 1.22G/1.81G [07:25<03:47, 2.78MB/s][A[A[A[A[A[A[A






Downloading [model.pt]:  68%|██████▊   | 1.22G/1.81G [07:25<03:54, 2.69MB/s][A[A[A[A[A[A[A






Downloading [model.pt]:  68%|██████▊   | 1.22G/1.81G [07:26<04:04, 2.58MB/s][A[A[A[A[A[A[A






Downloading [model.pt]:  68%|██████▊   | 1.23G/1.81G [07:26<03:50, 2.73MB/s][A[A[A[A[A[A[A






Downloading [model.pt]:  68%|██████▊   | 1.23G/1.81G [07:26<03:50, 2.73MB/s][A[A[A[A[A[A[A






Downloading [model.pt]:  68%|██████▊   | 1.23G/1.81G [07:27<03:43, 2.81MB/s][A[A[A[A[A[A[A






Downloading [model.pt]:  68%|██████▊   | 1.23G/1.81G [07:27<03:29, 2.99MB/s][A[A[A[A[A[A[A






Downloading [model.pt]:  68%|██████▊   | 1.23G/1.81G [07:27<03:30, 2.98MB/s][A[A[A[A[A[A[A






Downloading [model.pt]:  68%|██████▊   | 1.23G/1.81G [07:28<03:21, 3.10MB/s][A[A[A[A[A[A[A






Downloading [model.pt]:  68%|██████▊   | 1.23G/1.81G [07:28<03:18, 3.15MB/s][A[A[A[A[A[A[A






Downloading [model.pt]:  68%|██████▊   | 1.23G/1.81G [07:28<03:33, 2.91MB/s][A[A[A[A[A[A[A






Downloading [model.pt]:  68%|██████▊   | 1.23G/1.81G [07:29<03:26, 3.02MB/s][A[A[A[A[A[A[A






Downloading [model.pt]:  68%|██████▊   | 1.23G/1.81G [07:29<03:31, 2.94MB/s][A[A[A[A[A[A[A






Downloading [model.pt]:  68%|██████▊   | 1.24G/1.81G [07:30<03:34, 2.88MB/s][A[A[A[A[A[A[A






Downloading [model.pt]:  68%|██████▊   | 1.24G/1.81G [07:30<03:29, 2.96MB/s][A[A[A[A[A[A[A






Downloading [model.pt]:  68%|██████▊   | 1.24G/1.81G [07:30<03:25, 3.00MB/s][A[A[A[A[A[A[A






Downloading [model.pt]:  68%|██████▊   | 1.24G/1.81G [07:31<03:28, 2.96MB/s][A[A[A[A[A[A[A






Downloading [model.pt]:  68%|██████▊   | 1.24G/1.81G [07:31<03:38, 2.82MB/s][A[A[A[A[A[A[A






Downloading [model.pt]:  68%|██████▊   | 1.24G/1.81G [07:31<03:26, 2.98MB/s][A[A[A[A[A[A[A






Downloading [model.pt]:  68%|██████▊   | 1.24G/1.81G [07:32<03:43, 2.75MB/s][A[A[A[A[A[A[A






Downloading [model.pt]:  69%|██████▊   | 1.24G/1.81G [07:32<03:49, 2.67MB/s][A[A[A[A[A[A[A






Downloading [model.pt]:  69%|██████▊   | 1.24G/1.81G [07:32<03:35, 2.84MB/s][A[A[A[A[A[A[A






Downloading [model.pt]:  69%|██████▊   | 1.24G/1.81G [07:33<03:34, 2.85MB/s][A[A[A[A[A[A[A






Downloading [model.pt]:  69%|██████▊   | 1.25G/1.81G [07:33<03:39, 2.77MB/s][A[A[A[A[A[A[A






Downloading [model.pt]:  69%|██████▉   | 1.25G/1.81G [07:34<03:39, 2.76MB/s][A[A[A[A[A[A[A






Downloading [model.pt]:  69%|██████▉   | 1.25G/1.81G [07:34<03:32, 2.86MB/s][A[A[A[A[A[A[A






Downloading [model.pt]:  69%|██████▉   | 1.25G/1.81G [07:34<03:28, 2.91MB/s][A[A[A[A[A[A[A






Downloading [model.pt]:  69%|██████▉   | 1.25G/1.81G [07:35<03:19, 3.03MB/s][A[A[A[A[A[A[A






Downloading [model.pt]:  69%|██████▉   | 1.25G/1.81G [07:35<03:07, 3.23MB/s][A[A[A[A[A[A[A






Downloading [model.pt]:  69%|██████▉   | 1.25G/1.81G [07:35<03:07, 3.21MB/s][A[A[A[A[A[A[A






Downloading [model.pt]:  69%|██████▉   | 1.25G/1.81G [07:36<03:09, 3.18MB/s][A[A[A[A[A[A[A






Downloading [model.pt]:  69%|██████▉   | 1.25G/1.81G [07:36<03:06, 3.22MB/s][A[A[A[A[A[A[A






Downloading [model.pt]:  69%|██████▉   | 1.25G/1.81G [07:36<02:59, 3.35MB/s][A[A[A[A[A[A[A






Downloading [model.pt]:  69%|██████▉   | 1.25G/1.81G [07:36<02:58, 3.36MB/s][A[A[A[A[A[A[A






Downloading [model.pt]:  69%|██████▉   | 1.26G/1.81G [07:37<02:58, 3.34MB/s][A[A[A[A[A[A[A






Downloading [model.pt]:  69%|██████▉   | 1.26G/1.81G [07:37<03:06, 3.19MB/s][A[A[A[A[A[A[A






Downloading [model.pt]:  69%|██████▉   | 1.26G/1.81G [07:38<03:10, 3.13MB/s][A[A[A[A[A[A[A






Downloading [model.pt]:  69%|██████▉   | 1.26G/1.81G [07:38<03:03, 3.24MB/s][A[A[A[A[A[A[A






Downloading [model.pt]:  70%|██████▉   | 1.26G/1.81G [07:38<03:02, 3.25MB/s][A[A[A[A[A[A[A






Downloading [model.pt]:  70%|██████▉   | 1.26G/1.81G [07:38<03:06, 3.17MB/s][A[A[A[A[A[A[A






Downloading [model.pt]:  70%|██████▉   | 1.26G/1.81G [07:39<03:11, 3.09MB/s][A[A[A[A[A[A[A






Downloading [model.pt]:  70%|██████▉   | 1.26G/1.81G [07:39<03:17, 2.99MB/s][A[A[A[A[A[A[A






Downloading [model.pt]:  70%|██████▉   | 1.26G/1.81G [07:40<03:21, 2.92MB/s][A[A[A[A[A[A[A






Downloading [model.pt]:  70%|██████▉   | 1.26G/1.81G [07:40<03:27, 2.83MB/s][A[A[A[A[A[A[A






Downloading [model.pt]:  70%|██████▉   | 1.27G/1.81G [07:40<03:24, 2.87MB/s][A[A[A[A[A[A[A






Downloading [model.pt]:  70%|██████▉   | 1.27G/1.81G [07:41<03:19, 2.94MB/s][A[A[A[A[A[A[A






Downloading [model.pt]:  70%|██████▉   | 1.27G/1.81G [07:41<03:12, 3.03MB/s][A[A[A[A[A[A[A






Downloading [model.pt]:  70%|███████   | 1.27G/1.81G [07:41<03:07, 3.12MB/s][A[A[A[A[A[A[A






Downloading [model.pt]:  70%|███████   | 1.27G/1.81G [07:42<02:55, 3.32MB/s][A[A[A[A[A[A[A






Downloading [model.pt]:  70%|███████   | 1.27G/1.81G [07:42<03:01, 3.21MB/s][A[A[A[A[A[A[A






Downloading [model.pt]:  70%|███████   | 1.27G/1.81G [07:42<02:55, 3.31MB/s][A[A[A[A[A[A[A






Downloading [model.pt]:  70%|███████   | 1.27G/1.81G [07:43<02:55, 3.30MB/s][A[A[A[A[A[A[A






Downloading [model.pt]:  70%|███████   | 1.27G/1.81G [07:43<03:00, 3.20MB/s][A[A[A[A[A[A[A






Downloading [model.pt]:  70%|███████   | 1.27G/1.81G [07:43<03:11, 3.02MB/s][A[A[A[A[A[A[A






Downloading [model.pt]:  70%|███████   | 1.28G/1.81G [07:44<03:13, 2.98MB/s][A[A[A[A[A[A[A






Downloading [model.pt]:  70%|███████   | 1.28G/1.81G [07:44<03:14, 2.95MB/s][A[A[A[A[A[A[A






Downloading [model.pt]:  70%|███████   | 1.28G/1.81G [07:44<03:13, 2.97MB/s][A[A[A[A[A[A[A






Downloading [model.pt]:  71%|███████   | 1.28G/1.81G [07:45<03:09, 3.03MB/s][A[A[A[A[A[A[A






Downloading [model.pt]:  71%|███████   | 1.28G/1.81G [07:45<03:17, 2.89MB/s][A[A[A[A[A[A[A






Downloading [model.pt]:  71%|███████   | 1.28G/1.81G [07:45<03:22, 2.83MB/s][A[A[A[A[A[A[A






Downloading [model.pt]:  71%|███████   | 1.28G/1.81G [07:46<03:24, 2.78MB/s][A[A[A[A[A[A[A






Downloading [model.pt]:  71%|███████   | 1.28G/1.81G [07:46<03:26, 2.75MB/s][A[A[A[A[A[A[A






Downloading [model.pt]:  71%|███████   | 1.28G/1.81G [07:47<03:14, 2.92MB/s][A[A[A[A[A[A[A






Downloading [model.pt]:  71%|███████   | 1.28G/1.81G [07:47<03:18, 2.85MB/s][A[A[A[A[A[A[A






Downloading [model.pt]:  71%|███████   | 1.29G/1.81G [07:47<03:11, 2.95MB/s][A[A[A[A[A[A[A






Downloading [model.pt]:  71%|███████   | 1.29G/1.81G [07:48<03:27, 2.72MB/s][A[A[A[A[A[A[A






Downloading [model.pt]:  71%|███████   | 1.29G/1.81G [07:48<03:16, 2.87MB/s][A[A[A[A[A[A[A






Downloading [model.pt]:  71%|███████   | 1.29G/1.81G [07:48<03:12, 2.93MB/s][A[A[A[A[A[A[A






Downloading [model.pt]:  71%|███████   | 1.29G/1.81G [07:49<03:04, 3.05MB/s][A[A[A[A[A[A[A






Downloading [model.pt]:  71%|███████   | 1.29G/1.81G [07:49<03:15, 2.86MB/s][A[A[A[A[A[A[A






Downloading [model.pt]:  71%|███████   | 1.29G/1.81G [07:50<03:20, 2.79MB/s][A[A[A[A[A[A[A






Downloading [model.pt]:  71%|███████▏  | 1.29G/1.81G [07:50<03:10, 2.93MB/s][A[A[A[A[A[A[A






Downloading [model.pt]:  71%|███████▏  | 1.29G/1.81G [07:50<03:10, 2.92MB/s][A[A[A[A[A[A[A






Downloading [model.pt]:  71%|███████▏  | 1.29G/1.81G [07:51<03:14, 2.86MB/s][A[A[A[A[A[A[A






Downloading [model.pt]:  71%|███████▏  | 1.29G/1.81G [07:51<03:15, 2.83MB/s][A[A[A[A[A[A[A






Downloading [model.pt]:  72%|███████▏  | 1.30G/1.81G [07:51<03:05, 2.99MB/s][A[A[A[A[A[A[A






Downloading [model.pt]:  72%|███████▏  | 1.30G/1.81G [07:52<03:05, 2.99MB/s][A[A[A[A[A[A[A






Downloading [model.pt]:  72%|███████▏  | 1.30G/1.81G [07:52<03:14, 2.83MB/s][A[A[A[A[A[A[A






Downloading [model.pt]:  72%|███████▏  | 1.30G/1.81G [07:52<03:11, 2.87MB/s][A[A[A[A[A[A[A






Downloading [model.pt]:  72%|███████▏  | 1.30G/1.81G [07:53<03:05, 2.96MB/s][A[A[A[A[A[A[A






Downloading [model.pt]:  72%|███████▏  | 1.30G/1.81G [07:53<03:03, 2.99MB/s][A[A[A[A[A[A[A






Downloading [model.pt]:  72%|███████▏  | 1.30G/1.81G [07:53<03:07, 2.92MB/s][A[A[A[A[A[A[A






Downloading [model.pt]:  72%|███████▏  | 1.30G/1.81G [07:54<03:02, 3.00MB/s][A[A[A[A[A[A[A






Downloading [model.pt]:  72%|███████▏  | 1.30G/1.81G [07:54<02:50, 3.20MB/s][A[A[A[A[A[A[A






Downloading [model.pt]:  72%|███████▏  | 1.30G/1.81G [07:54<02:53, 3.14MB/s][A[A[A[A[A[A[A






Downloading [model.pt]:  72%|███████▏  | 1.31G/1.81G [07:55<02:57, 3.06MB/s][A[A[A[A[A[A[A






Downloading [model.pt]:  72%|███████▏  | 1.31G/1.81G [07:55<02:56, 3.07MB/s][A[A[A[A[A[A[A






Downloading [model.pt]:  72%|███████▏  | 1.31G/1.81G [07:55<02:45, 3.26MB/s][A[A[A[A[A[A[A






Downloading [model.pt]:  72%|███████▏  | 1.31G/1.81G [07:56<03:14, 2.78MB/s][A[A[A[A[A[A[A






Downloading [model.pt]:  72%|███████▏  | 1.31G/1.81G [07:56<03:14, 2.78MB/s][A[A[A[A[A[A[A






Downloading [model.pt]:  72%|███████▏  | 1.31G/1.81G [07:57<03:00, 2.98MB/s][A[A[A[A[A[A[A






Downloading [model.pt]:  72%|███████▏  | 1.31G/1.81G [07:57<02:54, 3.08MB/s][A[A[A[A[A[A[A






Downloading [model.pt]:  72%|███████▏  | 1.31G/1.81G [07:57<03:03, 2.92MB/s][A[A[A[A[A[A[A






Downloading [model.pt]:  72%|███████▏  | 1.31G/1.81G [07:58<03:07, 2.86MB/s][A[A[A[A[A[A[A






Downloading [model.pt]:  73%|███████▎  | 1.31G/1.81G [07:58<03:11, 2.80MB/s][A[A[A[A[A[A[A






Downloading [model.pt]:  73%|███████▎  | 1.32G/1.81G [07:58<03:04, 2.89MB/s][A[A[A[A[A[A[A






Downloading [model.pt]:  73%|███████▎  | 1.32G/1.81G [07:59<03:00, 2.94MB/s][A[A[A[A[A[A[A






Downloading [model.pt]:  73%|███████▎  | 1.32G/1.81G [07:59<02:58, 2.98MB/s][A[A[A[A[A[A[A






Downloading [model.pt]:  73%|███████▎  | 1.32G/1.81G [07:59<02:56, 3.00MB/s][A[A[A[A[A[A[A






Downloading [model.pt]:  73%|███████▎  | 1.32G/1.81G [08:00<02:57, 2.98MB/s][A[A[A[A[A[A[A






Downloading [model.pt]:  73%|███████▎  | 1.32G/1.81G [08:00<02:59, 2.95MB/s][A[A[A[A[A[A[A






Downloading [model.pt]:  73%|███████▎  | 1.32G/1.81G [08:01<03:12, 2.73MB/s][A[A[A[A[A[A[A






Downloading [model.pt]:  73%|███████▎  | 1.32G/1.81G [08:01<03:14, 2.70MB/s][A[A[A[A[A[A[A






Downloading [model.pt]:  73%|███████▎  | 1.32G/1.81G [08:01<03:04, 2.84MB/s][A[A[A[A[A[A[A






Downloading [model.pt]:  73%|███████▎  | 1.32G/1.81G [08:02<02:54, 3.00MB/s][A[A[A[A[A[A[A






Downloading [model.pt]:  73%|███████▎  | 1.33G/1.81G [08:02<02:59, 2.91MB/s][A[A[A[A[A[A[A






Downloading [model.pt]:  73%|███████▎  | 1.33G/1.81G [08:02<02:56, 2.95MB/s][A[A[A[A[A[A[A






Downloading [model.pt]:  73%|███████▎  | 1.33G/1.81G [08:03<03:03, 2.84MB/s][A[A[A[A[A[A[A






Downloading [model.pt]:  73%|███████▎  | 1.33G/1.81G [08:03<02:59, 2.89MB/s][A[A[A[A[A[A[A






Downloading [model.pt]:  73%|███████▎  | 1.33G/1.81G [08:03<02:50, 3.05MB/s][A[A[A[A[A[A[A






Downloading [model.pt]:  73%|███████▎  | 1.33G/1.81G [08:04<02:46, 3.11MB/s][A[A[A[A[A[A[A






Downloading [model.pt]:  73%|███████▎  | 1.33G/1.81G [08:04<02:45, 3.13MB/s][A[A[A[A[A[A[A






Downloading [model.pt]:  74%|███████▎  | 1.33G/1.81G [08:04<02:52, 2.99MB/s][A[A[A[A[A[A[A






Downloading [model.pt]:  74%|███████▎  | 1.33G/1.81G [08:05<02:51, 3.00MB/s][A[A[A[A[A[A[A






Downloading [model.pt]:  74%|███████▎  | 1.33G/1.81G [08:05<02:48, 3.04MB/s][A[A[A[A[A[A[A






Downloading [model.pt]:  74%|███████▎  | 1.33G/1.81G [08:05<02:55, 2.92MB/s][A[A[A[A[A[A[A






Downloading [model.pt]:  74%|███████▎  | 1.34G/1.81G [08:06<02:43, 3.13MB/s][A[A[A[A[A[A[A






Downloading [model.pt]:  74%|███████▍  | 1.34G/1.81G [08:06<02:40, 3.17MB/s][A[A[A[A[A[A[A






Downloading [model.pt]:  74%|███████▍  | 1.34G/1.81G [08:06<02:38, 3.22MB/s][A[A[A[A[A[A[A






Downloading [model.pt]:  74%|███████▍  | 1.34G/1.81G [08:07<02:39, 3.18MB/s][A[A[A[A[A[A[A






Downloading [model.pt]:  74%|███████▍  | 1.34G/1.81G [08:07<02:44, 3.07MB/s][A[A[A[A[A[A[A






Downloading [model.pt]:  74%|███████▍  | 1.34G/1.81G [08:07<02:38, 3.20MB/s][A[A[A[A[A[A[A






Downloading [model.pt]:  74%|███████▍  | 1.34G/1.81G [08:08<02:47, 3.02MB/s][A[A[A[A[A[A[A






Downloading [model.pt]:  74%|███████▍  | 1.34G/1.81G [08:08<02:42, 3.09MB/s][A[A[A[A[A[A[A






Downloading [model.pt]:  74%|███████▍  | 1.34G/1.81G [08:09<02:48, 2.98MB/s][A[A[A[A[A[A[A






Downloading [model.pt]:  74%|███████▍  | 1.34G/1.81G [08:09<03:00, 2.79MB/s][A[A[A[A[A[A[A






Downloading [model.pt]:  74%|███████▍  | 1.35G/1.81G [08:09<02:59, 2.79MB/s][A[A[A[A[A[A[A






Downloading [model.pt]:  74%|███████▍  | 1.35G/1.81G [08:10<02:51, 2.91MB/s][A[A[A[A[A[A[A






Downloading [model.pt]:  74%|███████▍  | 1.35G/1.81G [08:10<02:53, 2.88MB/s][A[A[A[A[A[A[A






Downloading [model.pt]:  74%|███████▍  | 1.35G/1.81G [08:10<02:48, 2.95MB/s][A[A[A[A[A[A[A






Downloading [model.pt]:  74%|███████▍  | 1.35G/1.81G [08:11<02:50, 2.91MB/s][A[A[A[A[A[A[A






Downloading [model.pt]:  75%|███████▍  | 1.35G/1.81G [08:11<02:55, 2.83MB/s][A[A[A[A[A[A[A






Downloading [model.pt]:  75%|███████▍  | 1.35G/1.81G [08:11<02:43, 3.02MB/s][A[A[A[A[A[A[A






Downloading [model.pt]:  75%|███████▍  | 1.35G/1.81G [08:12<02:42, 3.03MB/s][A[A[A[A[A[A[A






Downloading [model.pt]:  75%|███████▍  | 1.35G/1.81G [08:12<02:30, 3.28MB/s][A[A[A[A[A[A[A






Downloading [model.pt]:  75%|███████▍  | 1.35G/1.81G [08:12<02:25, 3.39MB/s][A[A[A[A[A[A[A






Downloading [model.pt]:  75%|███████▍  | 1.36G/1.81G [08:13<02:33, 3.19MB/s][A[A[A[A[A[A[A






Downloading [model.pt]:  75%|███████▍  | 1.36G/1.81G [08:13<02:30, 3.26MB/s][A[A[A[A[A[A[A






Downloading [model.pt]:  75%|███████▍  | 1.36G/1.81G [08:13<02:32, 3.20MB/s][A[A[A[A[A[A[A






Downloading [model.pt]:  75%|███████▍  | 1.36G/1.81G [08:14<02:43, 2.97MB/s][A[A[A[A[A[A[A






Downloading [model.pt]:  75%|███████▌  | 1.36G/1.81G [08:14<02:36, 3.11MB/s][A[A[A[A[A[A[A






Downloading [model.pt]:  75%|███████▌  | 1.36G/1.81G [08:14<02:28, 3.26MB/s][A[A[A[A[A[A[A






Downloading [model.pt]:  75%|███████▌  | 1.36G/1.81G [08:15<02:33, 3.15MB/s][A[A[A[A[A[A[A






Downloading [model.pt]:  75%|███████▌  | 1.36G/1.81G [08:15<02:36, 3.08MB/s][A[A[A[A[A[A[A






Downloading [model.pt]:  75%|███████▌  | 1.36G/1.81G [08:15<02:28, 3.25MB/s][A[A[A[A[A[A[A






Downloading [model.pt]:  75%|███████▌  | 1.36G/1.81G [08:16<02:27, 3.27MB/s][A[A[A[A[A[A[A






Downloading [model.pt]:  75%|███████▌  | 1.37G/1.81G [08:16<02:17, 3.50MB/s][A[A[A[A[A[A[A






Downloading [model.pt]:  75%|███████▌  | 1.37G/1.81G [08:16<02:30, 3.18MB/s][A[A[A[A[A[A[A






Downloading [model.pt]:  75%|███████▌  | 1.37G/1.81G [08:17<02:32, 3.14MB/s][A[A[A[A[A[A[A






Downloading [model.pt]:  75%|███████▌  | 1.37G/1.81G [08:17<03:01, 2.62MB/s][A[A[A[A[A[A[A






Downloading [model.pt]:  76%|███████▌  | 1.37G/1.81G [08:18<03:01, 2.61MB/s][A[A[A[A[A[A[A






Downloading [model.pt]:  76%|███████▌  | 1.37G/1.81G [08:18<02:48, 2.81MB/s][A[A[A[A[A[A[A






Downloading [model.pt]:  76%|███████▌  | 1.37G/1.81G [08:18<02:49, 2.80MB/s][A[A[A[A[A[A[A






Downloading [model.pt]:  76%|███████▌  | 1.37G/1.81G [08:19<02:41, 2.93MB/s][A[A[A[A[A[A[A






Downloading [model.pt]:  76%|███████▌  | 1.37G/1.81G [08:19<02:39, 2.95MB/s][A[A[A[A[A[A[A






Downloading [model.pt]:  76%|███████▌  | 1.37G/1.81G [08:19<02:30, 3.13MB/s][A[A[A[A[A[A[A






Downloading [model.pt]:  76%|███████▌  | 1.38G/1.81G [08:20<02:37, 2.98MB/s][A[A[A[A[A[A[A






Downloading [model.pt]:  76%|███████▌  | 1.38G/1.81G [08:20<02:40, 2.91MB/s][A[A[A[A[A[A[A






Downloading [model.pt]:  76%|███████▌  | 1.38G/1.81G [08:20<02:28, 3.15MB/s][A[A[A[A[A[A[A






Downloading [model.pt]:  76%|███████▌  | 1.38G/1.81G [08:21<02:34, 3.01MB/s][A[A[A[A[A[A[A






Downloading [model.pt]:  76%|███████▌  | 1.38G/1.81G [08:21<02:32, 3.05MB/s][A[A[A[A[A[A[A






Downloading [model.pt]:  76%|███████▌  | 1.38G/1.81G [08:21<02:32, 3.04MB/s][A[A[A[A[A[A[A






Downloading [model.pt]:  76%|███████▌  | 1.38G/1.81G [08:22<02:32, 3.03MB/s][A[A[A[A[A[A[A






Downloading [model.pt]:  76%|███████▋  | 1.38G/1.81G [08:22<02:23, 3.22MB/s][A[A[A[A[A[A[A






Downloading [model.pt]:  76%|███████▋  | 1.38G/1.81G [08:22<02:27, 3.12MB/s][A[A[A[A[A[A[A






Downloading [model.pt]:  76%|███████▋  | 1.38G/1.81G [08:23<02:30, 3.05MB/s][A[A[A[A[A[A[A






Downloading [model.pt]:  76%|███████▋  | 1.38G/1.81G [08:23<02:30, 3.05MB/s][A[A[A[A[A[A[A






Downloading [model.pt]:  76%|███████▋  | 1.39G/1.81G [08:23<02:33, 2.99MB/s][A[A[A[A[A[A[A






Downloading [model.pt]:  77%|███████▋  | 1.39G/1.81G [08:24<02:21, 3.22MB/s][A[A[A[A[A[A[A






Downloading [model.pt]:  77%|███████▋  | 1.39G/1.81G [08:24<02:31, 3.01MB/s][A[A[A[A[A[A[A






Downloading [model.pt]:  77%|███████▋  | 1.39G/1.81G [08:24<02:22, 3.19MB/s][A[A[A[A[A[A[A






Downloading [model.pt]:  77%|███████▋  | 1.39G/1.81G [08:25<02:23, 3.15MB/s][A[A[A[A[A[A[A






Downloading [model.pt]:  77%|███████▋  | 1.39G/1.81G [08:25<02:17, 3.28MB/s][A[A[A[A[A[A[A






Downloading [model.pt]:  77%|███████▋  | 1.39G/1.81G [08:25<02:17, 3.28MB/s][A[A[A[A[A[A[A






Downloading [model.pt]:  77%|███████▋  | 1.39G/1.81G [08:26<02:16, 3.30MB/s][A[A[A[A[A[A[A






Downloading [model.pt]:  77%|███████▋  | 1.39G/1.81G [08:26<02:09, 3.47MB/s][A[A[A[A[A[A[A






Downloading [model.pt]:  77%|███████▋  | 1.39G/1.81G [08:26<02:18, 3.23MB/s][A[A[A[A[A[A[A






Downloading [model.pt]:  77%|███████▋  | 1.40G/1.81G [08:27<02:23, 3.11MB/s][A[A[A[A[A[A[A






Downloading [model.pt]:  77%|███████▋  | 1.40G/1.81G [08:27<02:23, 3.11MB/s][A[A[A[A[A[A[A






Downloading [model.pt]:  77%|███████▋  | 1.40G/1.81G [08:27<02:19, 3.18MB/s][A[A[A[A[A[A[A






Downloading [model.pt]:  77%|███████▋  | 1.40G/1.81G [08:28<02:29, 2.98MB/s][A[A[A[A[A[A[A






Downloading [model.pt]:  77%|███████▋  | 1.40G/1.81G [08:28<02:22, 3.12MB/s][A[A[A[A[A[A[A






Downloading [model.pt]:  77%|███████▋  | 1.40G/1.81G [08:28<02:18, 3.20MB/s][A[A[A[A[A[A[A






Downloading [model.pt]:  77%|███████▋  | 1.40G/1.81G [08:29<02:24, 3.06MB/s][A[A[A[A[A[A[A






Downloading [model.pt]:  77%|███████▋  | 1.40G/1.81G [08:29<02:26, 3.00MB/s][A[A[A[A[A[A[A






Downloading [model.pt]:  77%|███████▋  | 1.40G/1.81G [08:29<02:26, 2.99MB/s][A[A[A[A[A[A[A






Downloading [model.pt]:  77%|███████▋  | 1.40G/1.81G [08:30<02:28, 2.94MB/s][A[A[A[A[A[A[A






Downloading [model.pt]:  78%|███████▊  | 1.41G/1.81G [08:30<02:21, 3.09MB/s][A[A[A[A[A[A[A






Downloading [model.pt]:  78%|███████▊  | 1.41G/1.81G [08:30<02:28, 2.94MB/s][A[A[A[A[A[A[A






Downloading [model.pt]:  78%|███████▊  | 1.41G/1.81G [08:31<02:26, 2.97MB/s][A[A[A[A[A[A[A






Downloading [model.pt]:  78%|███████▊  | 1.41G/1.81G [08:31<02:23, 3.03MB/s][A[A[A[A[A[A[A






Downloading [model.pt]:  78%|███████▊  | 1.41G/1.81G [08:31<02:27, 2.93MB/s][A[A[A[A[A[A[A






Downloading [model.pt]:  78%|███████▊  | 1.41G/1.81G [08:32<02:28, 2.90MB/s][A[A[A[A[A[A[A






Downloading [model.pt]:  78%|███████▊  | 1.41G/1.81G [08:32<02:26, 2.94MB/s][A[A[A[A[A[A[A






Downloading [model.pt]:  78%|███████▊  | 1.41G/1.81G [08:33<02:34, 2.78MB/s][A[A[A[A[A[A[A






Downloading [model.pt]:  78%|███████▊  | 1.41G/1.81G [08:33<02:34, 2.77MB/s][A[A[A[A[A[A[A






Downloading [model.pt]:  78%|███████▊  | 1.41G/1.81G [08:33<02:30, 2.84MB/s][A[A[A[A[A[A[A






Downloading [model.pt]:  78%|███████▊  | 1.42G/1.81G [08:34<02:24, 2.95MB/s][A[A[A[A[A[A[A






Downloading [model.pt]:  78%|███████▊  | 1.42G/1.81G [08:34<02:27, 2.88MB/s][A[A[A[A[A[A[A






Downloading [model.pt]:  78%|███████▊  | 1.42G/1.81G [08:34<02:23, 2.95MB/s][A[A[A[A[A[A[A






Downloading [model.pt]:  78%|███████▊  | 1.42G/1.81G [08:35<02:25, 2.90MB/s][A[A[A[A[A[A[A






Downloading [model.pt]:  78%|███████▊  | 1.42G/1.81G [08:35<02:31, 2.78MB/s][A[A[A[A[A[A[A






Downloading [model.pt]:  78%|███████▊  | 1.42G/1.81G [08:36<02:38, 2.66MB/s][A[A[A[A[A[A[A






Downloading [model.pt]:  78%|███████▊  | 1.42G/1.81G [08:36<02:35, 2.70MB/s][A[A[A[A[A[A[A






Downloading [model.pt]:  78%|███████▊  | 1.42G/1.81G [08:36<02:37, 2.67MB/s][A[A[A[A[A[A[A






Downloading [model.pt]:  79%|███████▊  | 1.42G/1.81G [08:37<02:32, 2.74MB/s][A[A[A[A[A[A[A






Downloading [model.pt]:  79%|███████▊  | 1.42G/1.81G [08:37<02:34, 2.71MB/s][A[A[A[A[A[A[A






Downloading [model.pt]:  79%|███████▊  | 1.42G/1.81G [08:38<02:34, 2.70MB/s][A[A[A[A[A[A[A






Downloading [model.pt]:  79%|███████▊  | 1.43G/1.81G [08:38<02:28, 2.79MB/s][A[A[A[A[A[A[A






Downloading [model.pt]:  79%|███████▊  | 1.43G/1.81G [08:38<02:29, 2.77MB/s][A[A[A[A[A[A[A






Downloading [model.pt]:  79%|███████▉  | 1.43G/1.81G [08:39<02:25, 2.84MB/s][A[A[A[A[A[A[A






Downloading [model.pt]:  79%|███████▉  | 1.43G/1.81G [08:39<02:15, 3.03MB/s][A[A[A[A[A[A[A






Downloading [model.pt]:  79%|███████▉  | 1.43G/1.81G [08:39<02:18, 2.97MB/s][A[A[A[A[A[A[A






Downloading [model.pt]:  79%|███████▉  | 1.43G/1.81G [08:40<02:20, 2.91MB/s][A[A[A[A[A[A[A






Downloading [model.pt]:  79%|███████▉  | 1.43G/1.81G [08:40<02:19, 2.92MB/s][A[A[A[A[A[A[A






Downloading [model.pt]:  79%|███████▉  | 1.43G/1.81G [08:40<02:07, 3.20MB/s][A[A[A[A[A[A[A






Downloading [model.pt]:  79%|███████▉  | 1.43G/1.81G [08:41<02:06, 3.21MB/s][A[A[A[A[A[A[A






Downloading [model.pt]:  79%|███████▉  | 1.43G/1.81G [08:41<02:02, 3.31MB/s][A[A[A[A[A[A[A






Downloading [model.pt]:  79%|███████▉  | 1.44G/1.81G [08:41<01:57, 3.45MB/s][A[A[A[A[A[A[A






Downloading [model.pt]:  79%|███████▉  | 1.44G/1.81G [08:42<02:00, 3.36MB/s][A[A[A[A[A[A[A






Downloading [model.pt]:  79%|███████▉  | 1.44G/1.81G [08:42<02:04, 3.24MB/s][A[A[A[A[A[A[A






Downloading [model.pt]:  79%|███████▉  | 1.44G/1.81G [08:42<02:01, 3.32MB/s][A[A[A[A[A[A[A






Downloading [model.pt]:  79%|███████▉  | 1.44G/1.81G [08:43<02:08, 3.11MB/s][A[A[A[A[A[A[A






Downloading [model.pt]:  79%|███████▉  | 1.44G/1.81G [08:43<02:05, 3.17MB/s][A[A[A[A[A[A[A






Downloading [model.pt]:  80%|███████▉  | 1.44G/1.81G [08:43<02:00, 3.31MB/s][A[A[A[A[A[A[A






Downloading [model.pt]:  80%|███████▉  | 1.44G/1.81G [08:43<01:58, 3.36MB/s][A[A[A[A[A[A[A






Downloading [model.pt]:  80%|███████▉  | 1.44G/1.81G [08:44<02:00, 3.28MB/s][A[A[A[A[A[A[A






Downloading [model.pt]:  80%|███████▉  | 1.44G/1.81G [08:44<01:56, 3.39MB/s][A[A[A[A[A[A[A






Downloading [model.pt]:  80%|███████▉  | 1.45G/1.81G [08:44<02:00, 3.26MB/s][A[A[A[A[A[A[A






Downloading [model.pt]:  80%|███████▉  | 1.45G/1.81G [08:45<01:56, 3.36MB/s][A[A[A[A[A[A[A






Downloading [model.pt]:  80%|███████▉  | 1.45G/1.81G [08:45<02:04, 3.15MB/s][A[A[A[A[A[A[A






Downloading [model.pt]:  80%|███████▉  | 1.45G/1.81G [08:45<02:03, 3.17MB/s][A[A[A[A[A[A[A






Downloading [model.pt]:  80%|███████▉  | 1.45G/1.81G [08:46<02:05, 3.10MB/s][A[A[A[A[A[A[A






Downloading [model.pt]:  80%|████████  | 1.45G/1.81G [08:46<02:09, 3.01MB/s][A[A[A[A[A[A[A






Downloading [model.pt]:  80%|████████  | 1.45G/1.81G [08:46<01:59, 3.25MB/s][A[A[A[A[A[A[A






Downloading [model.pt]:  80%|████████  | 1.45G/1.81G [08:47<01:53, 3.39MB/s][A[A[A[A[A[A[A






Downloading [model.pt]:  80%|████████  | 1.45G/1.81G [08:47<02:00, 3.19MB/s][A[A[A[A[A[A[A






Downloading [model.pt]:  80%|████████  | 1.45G/1.81G [08:47<02:04, 3.09MB/s][A[A[A[A[A[A[A






Downloading [model.pt]:  80%|████████  | 1.46G/1.81G [08:48<02:06, 3.04MB/s][A[A[A[A[A[A[A






Downloading [model.pt]:  80%|████████  | 1.46G/1.81G [08:48<02:05, 3.05MB/s][A[A[A[A[A[A[A






Downloading [model.pt]:  80%|████████  | 1.46G/1.81G [08:49<02:14, 2.85MB/s][A[A[A[A[A[A[A






Downloading [model.pt]:  80%|████████  | 1.46G/1.81G [08:49<02:17, 2.76MB/s][A[A[A[A[A[A[A






Downloading [model.pt]:  81%|████████  | 1.46G/1.81G [08:49<02:12, 2.86MB/s][A[A[A[A[A[A[A






Downloading [model.pt]:  81%|████████  | 1.46G/1.81G [08:50<02:08, 2.95MB/s][A[A[A[A[A[A[A






Downloading [model.pt]:  81%|████████  | 1.46G/1.81G [08:50<01:58, 3.18MB/s][A[A[A[A[A[A[A






Downloading [model.pt]:  81%|████████  | 1.46G/1.81G [08:50<01:56, 3.24MB/s][A[A[A[A[A[A[A






Downloading [model.pt]:  81%|████████  | 1.46G/1.81G [08:50<01:52, 3.33MB/s][A[A[A[A[A[A[A






Downloading [model.pt]:  81%|████████  | 1.46G/1.81G [08:51<01:55, 3.23MB/s][A[A[A[A[A[A[A






Downloading [model.pt]:  81%|████████  | 1.46G/1.81G [08:51<01:54, 3.25MB/s][A[A[A[A[A[A[A






Downloading [model.pt]:  81%|████████  | 1.47G/1.81G [08:51<01:51, 3.35MB/s][A[A[A[A[A[A[A






Downloading [model.pt]:  81%|████████  | 1.47G/1.81G [08:52<01:53, 3.25MB/s][A[A[A[A[A[A[A






Downloading [model.pt]:  81%|████████  | 1.47G/1.81G [08:52<01:51, 3.31MB/s][A[A[A[A[A[A[A






Downloading [model.pt]:  81%|████████  | 1.47G/1.81G [08:52<01:52, 3.27MB/s][A[A[A[A[A[A[A






Downloading [model.pt]:  81%|████████  | 1.47G/1.81G [08:53<01:58, 3.10MB/s][A[A[A[A[A[A[A






Downloading [model.pt]:  81%|████████  | 1.47G/1.81G [08:53<02:00, 3.04MB/s][A[A[A[A[A[A[A






Downloading [model.pt]:  81%|████████  | 1.47G/1.81G [08:54<02:01, 3.00MB/s][A[A[A[A[A[A[A






Downloading [model.pt]:  81%|████████▏ | 1.47G/1.81G [08:54<02:00, 3.03MB/s][A[A[A[A[A[A[A






Downloading [model.pt]:  81%|████████▏ | 1.47G/1.81G [08:54<02:01, 3.00MB/s][A[A[A[A[A[A[A






Downloading [model.pt]:  81%|████████▏ | 1.47G/1.81G [08:55<01:59, 3.02MB/s][A[A[A[A[A[A[A






Downloading [model.pt]:  81%|████████▏ | 1.48G/1.81G [08:55<02:03, 2.91MB/s][A[A[A[A[A[A[A






Downloading [model.pt]:  81%|████████▏ | 1.48G/1.81G [08:55<02:04, 2.89MB/s][A[A[A[A[A[A[A






Downloading [model.pt]:  82%|████████▏ | 1.48G/1.81G [08:56<02:06, 2.85MB/s][A[A[A[A[A[A[A






Downloading [model.pt]:  82%|████████▏ | 1.48G/1.81G [08:56<02:05, 2.86MB/s][A[A[A[A[A[A[A






Downloading [model.pt]:  82%|████████▏ | 1.48G/1.81G [08:56<02:01, 2.95MB/s][A[A[A[A[A[A[A






Downloading [model.pt]:  82%|████████▏ | 1.48G/1.81G [08:57<02:00, 2.95MB/s][A[A[A[A[A[A[A






Downloading [model.pt]:  82%|████████▏ | 1.48G/1.81G [08:57<01:57, 3.01MB/s][A[A[A[A[A[A[A






Downloading [model.pt]:  82%|████████▏ | 1.48G/1.81G [08:57<02:00, 2.94MB/s][A[A[A[A[A[A[A






Downloading [model.pt]:  82%|████████▏ | 1.48G/1.81G [08:58<01:59, 2.97MB/s][A[A[A[A[A[A[A






Downloading [model.pt]:  82%|████████▏ | 1.48G/1.81G [08:58<02:01, 2.89MB/s][A[A[A[A[A[A[A






Downloading [model.pt]:  82%|████████▏ | 1.49G/1.81G [08:59<02:02, 2.86MB/s][A[A[A[A[A[A[A






Downloading [model.pt]:  82%|████████▏ | 1.49G/1.81G [08:59<01:55, 3.04MB/s][A[A[A[A[A[A[A






Downloading [model.pt]:  82%|████████▏ | 1.49G/1.81G [08:59<01:59, 2.91MB/s][A[A[A[A[A[A[A






Downloading [model.pt]:  82%|████████▏ | 1.49G/1.81G [09:00<02:03, 2.81MB/s][A[A[A[A[A[A[A






Downloading [model.pt]:  82%|████████▏ | 1.49G/1.81G [09:00<02:07, 2.73MB/s][A[A[A[A[A[A[A






Downloading [model.pt]:  82%|████████▏ | 1.49G/1.81G [09:00<02:02, 2.81MB/s][A[A[A[A[A[A[A






Downloading [model.pt]:  82%|████████▏ | 1.49G/1.81G [09:01<01:59, 2.89MB/s][A[A[A[A[A[A[A






Downloading [model.pt]:  82%|████████▏ | 1.49G/1.81G [09:01<01:59, 2.87MB/s][A[A[A[A[A[A[A






Downloading [model.pt]:  82%|████████▏ | 1.49G/1.81G [09:02<02:00, 2.84MB/s][A[A[A[A[A[A[A






Downloading [model.pt]:  82%|████████▏ | 1.49G/1.81G [09:02<01:53, 3.02MB/s][A[A[A[A[A[A[A






Downloading [model.pt]:  83%|████████▎ | 1.50G/1.81G [09:02<01:49, 3.11MB/s][A[A[A[A[A[A[A






Downloading [model.pt]:  83%|████████▎ | 1.50G/1.81G [09:02<01:50, 3.07MB/s][A[A[A[A[A[A[A






Downloading [model.pt]:  83%|████████▎ | 1.50G/1.81G [09:03<01:46, 3.18MB/s][A[A[A[A[A[A[A






Downloading [model.pt]:  83%|████████▎ | 1.50G/1.81G [09:03<01:40, 3.35MB/s][A[A[A[A[A[A[A






Downloading [model.pt]:  83%|████████▎ | 1.50G/1.81G [09:03<01:43, 3.25MB/s][A[A[A[A[A[A[A






Downloading [model.pt]:  83%|████████▎ | 1.50G/1.81G [09:04<01:42, 3.27MB/s][A[A[A[A[A[A[A






Downloading [model.pt]:  83%|████████▎ | 1.50G/1.81G [09:04<01:46, 3.14MB/s][A[A[A[A[A[A[A






Downloading [model.pt]:  83%|████████▎ | 1.50G/1.81G [09:04<01:46, 3.13MB/s][A[A[A[A[A[A[A






Downloading [model.pt]:  83%|████████▎ | 1.50G/1.81G [09:05<01:52, 2.96MB/s][A[A[A[A[A[A[A






Downloading [model.pt]:  83%|████████▎ | 1.50G/1.81G [09:05<01:46, 3.12MB/s][A[A[A[A[A[A[A






Downloading [model.pt]:  83%|████████▎ | 1.50G/1.81G [09:05<01:40, 3.28MB/s][A[A[A[A[A[A[A






Downloading [model.pt]:  83%|████████▎ | 1.51G/1.81G [09:06<01:47, 3.06MB/s][A[A[A[A[A[A[A






Downloading [model.pt]:  83%|████████▎ | 1.51G/1.81G [09:06<01:53, 2.88MB/s][A[A[A[A[A[A[A






Downloading [model.pt]:  83%|████████▎ | 1.51G/1.81G [09:07<01:55, 2.82MB/s][A[A[A[A[A[A[A






Downloading [model.pt]:  83%|████████▎ | 1.51G/1.81G [09:07<01:57, 2.78MB/s][A[A[A[A[A[A[A






Downloading [model.pt]:  83%|████████▎ | 1.51G/1.81G [09:07<01:55, 2.81MB/s][A[A[A[A[A[A[A






Downloading [model.pt]:  83%|████████▎ | 1.51G/1.81G [09:08<01:53, 2.86MB/s][A[A[A[A[A[A[A






Downloading [model.pt]:  83%|████████▎ | 1.51G/1.81G [09:08<01:49, 2.94MB/s][A[A[A[A[A[A[A






Downloading [model.pt]:  83%|████████▎ | 1.51G/1.81G [09:08<01:43, 3.11MB/s][A[A[A[A[A[A[A






Downloading [model.pt]:  84%|████████▎ | 1.51G/1.81G [09:09<01:36, 3.33MB/s][A[A[A[A[A[A[A






Downloading [model.pt]:  84%|████████▎ | 1.51G/1.81G [09:09<01:38, 3.24MB/s][A[A[A[A[A[A[A






Downloading [model.pt]:  84%|████████▎ | 1.52G/1.81G [09:09<01:37, 3.28MB/s][A[A[A[A[A[A[A






Downloading [model.pt]:  84%|████████▎ | 1.52G/1.81G [09:10<01:36, 3.30MB/s][A[A[A[A[A[A[A






Downloading [model.pt]:  84%|████████▎ | 1.52G/1.81G [09:10<01:42, 3.09MB/s][A[A[A[A[A[A[A






Downloading [model.pt]:  84%|████████▍ | 1.52G/1.81G [09:10<01:41, 3.10MB/s][A[A[A[A[A[A[A






Downloading [model.pt]:  84%|████████▍ | 1.52G/1.81G [09:11<01:43, 3.03MB/s][A[A[A[A[A[A[A






Downloading [model.pt]:  84%|████████▍ | 1.52G/1.81G [09:11<01:45, 2.97MB/s][A[A[A[A[A[A[A






Downloading [model.pt]:  84%|████████▍ | 1.52G/1.81G [09:11<01:46, 2.94MB/s][A[A[A[A[A[A[A






Downloading [model.pt]:  84%|████████▍ | 1.52G/1.81G [09:12<01:43, 3.00MB/s][A[A[A[A[A[A[A






Downloading [model.pt]:  84%|████████▍ | 1.52G/1.81G [09:12<01:46, 2.91MB/s][A[A[A[A[A[A[A






Downloading [model.pt]:  84%|████████▍ | 1.52G/1.81G [09:12<01:43, 2.99MB/s][A[A[A[A[A[A[A






Downloading [model.pt]:  84%|████████▍ | 1.53G/1.81G [09:13<01:42, 3.00MB/s][A[A[A[A[A[A[A






Downloading [model.pt]:  84%|████████▍ | 1.53G/1.81G [09:13<01:37, 3.15MB/s][A[A[A[A[A[A[A






Downloading [model.pt]:  84%|████████▍ | 1.53G/1.81G [09:13<01:30, 3.37MB/s][A[A[A[A[A[A[A






Downloading [model.pt]:  84%|████████▍ | 1.53G/1.81G [09:14<01:29, 3.40MB/s][A[A[A[A[A[A[A






Downloading [model.pt]:  84%|████████▍ | 1.53G/1.81G [09:14<01:28, 3.43MB/s][A[A[A[A[A[A[A






Downloading [model.pt]:  84%|████████▍ | 1.53G/1.81G [09:14<01:29, 3.39MB/s][A[A[A[A[A[A[A






Downloading [model.pt]:  84%|████████▍ | 1.53G/1.81G [09:15<01:32, 3.28MB/s][A[A[A[A[A[A[A






Downloading [model.pt]:  85%|████████▍ | 1.53G/1.81G [09:15<01:35, 3.14MB/s][A[A[A[A[A[A[A






Downloading [model.pt]:  85%|████████▍ | 1.53G/1.81G [09:15<01:39, 3.02MB/s][A[A[A[A[A[A[A






Downloading [model.pt]:  85%|████████▍ | 1.53G/1.81G [09:16<01:34, 3.14MB/s][A[A[A[A[A[A[A






Downloading [model.pt]:  85%|████████▍ | 1.54G/1.81G [09:16<01:36, 3.09MB/s][A[A[A[A[A[A[A






Downloading [model.pt]:  85%|████████▍ | 1.54G/1.81G [09:16<01:32, 3.21MB/s][A[A[A[A[A[A[A






Downloading [model.pt]:  85%|████████▍ | 1.54G/1.81G [09:17<01:33, 3.15MB/s][A[A[A[A[A[A[A






Downloading [model.pt]:  85%|████████▍ | 1.54G/1.81G [09:17<01:31, 3.21MB/s][A[A[A[A[A[A[A






Downloading [model.pt]:  85%|████████▍ | 1.54G/1.81G [09:17<01:34, 3.10MB/s][A[A[A[A[A[A[A






Downloading [model.pt]:  85%|████████▍ | 1.54G/1.81G [09:18<01:34, 3.10MB/s][A[A[A[A[A[A[A






Downloading [model.pt]:  85%|████████▌ | 1.54G/1.81G [09:18<01:24, 3.44MB/s][A[A[A[A[A[A[A






Downloading [model.pt]:  85%|████████▌ | 1.54G/1.81G [09:18<01:28, 3.29MB/s][A[A[A[A[A[A[A






Downloading [model.pt]:  85%|████████▌ | 1.54G/1.81G [09:19<01:27, 3.29MB/s][A[A[A[A[A[A[A






Downloading [model.pt]:  85%|████████▌ | 1.54G/1.81G [09:19<01:22, 3.50MB/s][A[A[A[A[A[A[A






Downloading [model.pt]:  85%|████████▌ | 1.54G/1.81G [09:19<01:24, 3.41MB/s][A[A[A[A[A[A[A






Downloading [model.pt]:  85%|████████▌ | 1.55G/1.81G [09:19<01:29, 3.19MB/s][A[A[A[A[A[A[A






Downloading [model.pt]:  85%|████████▌ | 1.55G/1.81G [09:20<01:30, 3.14MB/s][A[A[A[A[A[A[A






Downloading [model.pt]:  85%|████████▌ | 1.55G/1.81G [09:20<01:34, 3.00MB/s][A[A[A[A[A[A[A






Downloading [model.pt]:  85%|████████▌ | 1.55G/1.81G [09:21<01:30, 3.14MB/s][A[A[A[A[A[A[A






Downloading [model.pt]:  86%|████████▌ | 1.55G/1.81G [09:21<01:26, 3.26MB/s][A[A[A[A[A[A[A






Downloading [model.pt]:  86%|████████▌ | 1.55G/1.81G [09:21<01:24, 3.31MB/s][A[A[A[A[A[A[A






Downloading [model.pt]:  86%|████████▌ | 1.55G/1.81G [09:21<01:22, 3.40MB/s][A[A[A[A[A[A[A






Downloading [model.pt]:  86%|████████▌ | 1.55G/1.81G [09:22<01:22, 3.38MB/s][A[A[A[A[A[A[A






Downloading [model.pt]:  86%|████████▌ | 1.55G/1.81G [09:22<01:24, 3.29MB/s][A[A[A[A[A[A[A






Downloading [model.pt]:  86%|████████▌ | 1.55G/1.81G [09:22<01:23, 3.32MB/s][A[A[A[A[A[A[A






Downloading [model.pt]:  86%|████████▌ | 1.56G/1.81G [09:23<01:20, 3.44MB/s][A[A[A[A[A[A[A






Downloading [model.pt]:  86%|████████▌ | 1.56G/1.81G [09:23<01:25, 3.20MB/s][A[A[A[A[A[A[A






Downloading [model.pt]:  86%|████████▌ | 1.56G/1.81G [09:23<01:30, 3.03MB/s][A[A[A[A[A[A[A






Downloading [model.pt]:  86%|████████▌ | 1.56G/1.81G [09:24<01:27, 3.11MB/s][A[A[A[A[A[A[A






Downloading [model.pt]:  86%|████████▌ | 1.56G/1.81G [09:24<01:24, 3.21MB/s][A[A[A[A[A[A[A






Downloading [model.pt]:  86%|████████▌ | 1.56G/1.81G [09:24<01:20, 3.34MB/s][A[A[A[A[A[A[A






Downloading [model.pt]:  86%|████████▌ | 1.56G/1.81G [09:25<01:23, 3.24MB/s][A[A[A[A[A[A[A






Downloading [model.pt]:  86%|████████▌ | 1.56G/1.81G [09:25<01:22, 3.25MB/s][A[A[A[A[A[A[A






Downloading [model.pt]:  86%|████████▋ | 1.56G/1.81G [09:25<01:25, 3.13MB/s][A[A[A[A[A[A[A






Downloading [model.pt]:  86%|████████▋ | 1.56G/1.81G [09:26<01:21, 3.25MB/s][A[A[A[A[A[A[A






Downloading [model.pt]:  86%|████████▋ | 1.57G/1.81G [09:26<01:16, 3.45MB/s][A[A[A[A[A[A[A






Downloading [model.pt]:  86%|████████▋ | 1.57G/1.81G [09:26<01:12, 3.66MB/s][A[A[A[A[A[A[A






Downloading [model.pt]:  86%|████████▋ | 1.57G/1.81G [09:26<01:10, 3.74MB/s][A[A[A[A[A[A[A






Downloading [model.pt]:  87%|████████▋ | 1.57G/1.81G [09:27<01:11, 3.64MB/s][A[A[A[A[A[A[A






Downloading [model.pt]:  87%|████████▋ | 1.57G/1.81G [09:27<01:11, 3.63MB/s][A[A[A[A[A[A[A






Downloading [model.pt]:  87%|████████▋ | 1.57G/1.81G [09:27<01:16, 3.40MB/s][A[A[A[A[A[A[A






Downloading [model.pt]:  87%|████████▋ | 1.57G/1.81G [09:28<01:12, 3.56MB/s][A[A[A[A[A[A[A






Downloading [model.pt]:  87%|████████▋ | 1.57G/1.81G [09:28<01:08, 3.75MB/s][A[A[A[A[A[A[A






Downloading [model.pt]:  87%|████████▋ | 1.57G/1.81G [09:28<01:08, 3.74MB/s][A[A[A[A[A[A[A






Downloading [model.pt]:  87%|████████▋ | 1.57G/1.81G [09:28<01:11, 3.59MB/s][A[A[A[A[A[A[A






Downloading [model.pt]:  87%|████████▋ | 1.58G/1.81G [09:29<01:08, 3.72MB/s][A[A[A[A[A[A[A






Downloading [model.pt]:  87%|████████▋ | 1.58G/1.81G [09:29<01:11, 3.53MB/s][A[A[A[A[A[A[A






Downloading [model.pt]:  87%|████████▋ | 1.58G/1.81G [09:29<01:15, 3.35MB/s][A[A[A[A[A[A[A






Downloading [model.pt]:  87%|████████▋ | 1.58G/1.81G [09:30<01:19, 3.16MB/s][A[A[A[A[A[A[A






Downloading [model.pt]:  87%|████████▋ | 1.58G/1.81G [09:30<01:18, 3.18MB/s][A[A[A[A[A[A[A






Downloading [model.pt]:  87%|████████▋ | 1.58G/1.81G [09:30<01:17, 3.22MB/s][A[A[A[A[A[A[A






Downloading [model.pt]:  87%|████████▋ | 1.58G/1.81G [09:31<01:19, 3.13MB/s][A[A[A[A[A[A[A






Downloading [model.pt]:  87%|████████▋ | 1.58G/1.81G [09:31<01:16, 3.23MB/s][A[A[A[A[A[A[A






Downloading [model.pt]:  87%|████████▋ | 1.58G/1.81G [09:31<01:17, 3.19MB/s][A[A[A[A[A[A[A






Downloading [model.pt]:  87%|████████▋ | 1.58G/1.81G [09:32<01:14, 3.28MB/s][A[A[A[A[A[A[A






Downloading [model.pt]:  87%|████████▋ | 1.58G/1.81G [09:32<01:07, 3.61MB/s][A[A[A[A[A[A[A






Downloading [model.pt]:  88%|████████▊ | 1.59G/1.81G [09:32<01:10, 3.47MB/s][A[A[A[A[A[A[A






Downloading [model.pt]:  88%|████████▊ | 1.59G/1.81G [09:33<01:10, 3.44MB/s][A[A[A[A[A[A[A






Downloading [model.pt]:  88%|████████▊ | 1.59G/1.81G [09:33<01:09, 3.47MB/s][A[A[A[A[A[A[A






Downloading [model.pt]:  88%|████████▊ | 1.59G/1.81G [09:33<01:05, 3.67MB/s][A[A[A[A[A[A[A






Downloading [model.pt]:  88%|████████▊ | 1.59G/1.81G [09:33<01:05, 3.64MB/s][A[A[A[A[A[A[A






Downloading [model.pt]:  88%|████████▊ | 1.59G/1.81G [09:34<01:10, 3.37MB/s][A[A[A[A[A[A[A






Downloading [model.pt]:  88%|████████▊ | 1.59G/1.81G [09:34<01:08, 3.44MB/s][A[A[A[A[A[A[A






Downloading [model.pt]:  88%|████████▊ | 1.59G/1.81G [09:34<01:08, 3.43MB/s][A[A[A[A[A[A[A






Downloading [model.pt]:  88%|████████▊ | 1.59G/1.81G [09:35<01:09, 3.35MB/s][A[A[A[A[A[A[A






Downloading [model.pt]:  88%|████████▊ | 1.59G/1.81G [09:35<01:14, 3.12MB/s][A[A[A[A[A[A[A






Downloading [model.pt]:  88%|████████▊ | 1.60G/1.81G [09:35<01:11, 3.26MB/s][A[A[A[A[A[A[A






Downloading [model.pt]:  88%|████████▊ | 1.60G/1.81G [09:36<01:09, 3.34MB/s][A[A[A[A[A[A[A






Downloading [model.pt]:  88%|████████▊ | 1.60G/1.81G [09:36<01:06, 3.46MB/s][A[A[A[A[A[A[A






Downloading [model.pt]:  88%|████████▊ | 1.60G/1.81G [09:36<01:04, 3.53MB/s][A[A[A[A[A[A[A






Downloading [model.pt]:  88%|████████▊ | 1.60G/1.81G [09:37<01:04, 3.51MB/s][A[A[A[A[A[A[A






Downloading [model.pt]:  88%|████████▊ | 1.60G/1.81G [09:37<01:06, 3.42MB/s][A[A[A[A[A[A[A






Downloading [model.pt]:  88%|████████▊ | 1.60G/1.81G [09:37<01:07, 3.34MB/s][A[A[A[A[A[A[A






Downloading [model.pt]:  88%|████████▊ | 1.60G/1.81G [09:38<01:11, 3.16MB/s][A[A[A[A[A[A[A






Downloading [model.pt]:  88%|████████▊ | 1.60G/1.81G [09:38<01:12, 3.11MB/s][A[A[A[A[A[A[A






Downloading [model.pt]:  89%|████████▊ | 1.60G/1.81G [09:38<01:12, 3.08MB/s][A[A[A[A[A[A[A






Downloading [model.pt]:  89%|████████▊ | 1.61G/1.81G [09:39<01:09, 3.18MB/s][A[A[A[A[A[A[A






Downloading [model.pt]:  89%|████████▊ | 1.61G/1.81G [09:39<01:15, 2.93MB/s][A[A[A[A[A[A[A






Downloading [model.pt]:  89%|████████▊ | 1.61G/1.81G [09:39<01:12, 3.03MB/s][A[A[A[A[A[A[A






Downloading [model.pt]:  89%|████████▉ | 1.61G/1.81G [09:40<01:16, 2.88MB/s][A[A[A[A[A[A[A






Downloading [model.pt]:  89%|████████▉ | 1.61G/1.81G [09:40<01:12, 3.02MB/s][A[A[A[A[A[A[A






Downloading [model.pt]:  89%|████████▉ | 1.61G/1.81G [09:40<01:14, 2.92MB/s][A[A[A[A[A[A[A






Downloading [model.pt]:  89%|████████▉ | 1.61G/1.81G [09:41<01:12, 2.98MB/s][A[A[A[A[A[A[A






Downloading [model.pt]:  89%|████████▉ | 1.61G/1.81G [09:41<01:10, 3.03MB/s][A[A[A[A[A[A[A






Downloading [model.pt]:  89%|████████▉ | 1.61G/1.81G [09:41<01:09, 3.09MB/s][A[A[A[A[A[A[A






Downloading [model.pt]:  89%|████████▉ | 1.61G/1.81G [09:42<01:07, 3.14MB/s][A[A[A[A[A[A[A






Downloading [model.pt]:  89%|████████▉ | 1.62G/1.81G [09:42<01:05, 3.21MB/s][A[A[A[A[A[A[A






Downloading [model.pt]:  89%|████████▉ | 1.62G/1.81G [09:42<01:06, 3.17MB/s][A[A[A[A[A[A[A






Downloading [model.pt]:  89%|████████▉ | 1.62G/1.81G [09:43<01:08, 3.07MB/s][A[A[A[A[A[A[A






Downloading [model.pt]:  89%|████████▉ | 1.62G/1.81G [09:43<01:09, 2.98MB/s][A[A[A[A[A[A[A






Downloading [model.pt]:  89%|████████▉ | 1.62G/1.81G [09:44<01:10, 2.94MB/s][A[A[A[A[A[A[A






Downloading [model.pt]:  89%|████████▉ | 1.62G/1.81G [09:44<01:11, 2.89MB/s][A[A[A[A[A[A[A






Downloading [model.pt]:  89%|████████▉ | 1.62G/1.81G [09:44<01:10, 2.92MB/s][A[A[A[A[A[A[A






Downloading [model.pt]:  90%|████████▉ | 1.62G/1.81G [09:45<01:08, 3.00MB/s][A[A[A[A[A[A[A






Downloading [model.pt]:  90%|████████▉ | 1.62G/1.81G [09:45<01:05, 3.11MB/s][A[A[A[A[A[A[A






Downloading [model.pt]:  90%|████████▉ | 1.62G/1.81G [09:45<01:03, 3.20MB/s][A[A[A[A[A[A[A






Downloading [model.pt]:  90%|████████▉ | 1.62G/1.81G [09:45<01:01, 3.28MB/s][A[A[A[A[A[A[A






Downloading [model.pt]:  90%|████████▉ | 1.63G/1.81G [09:46<01:02, 3.22MB/s][A[A[A[A[A[A[A






Downloading [model.pt]:  90%|████████▉ | 1.63G/1.81G [09:46<01:05, 3.02MB/s][A[A[A[A[A[A[A






Downloading [model.pt]:  90%|████████▉ | 1.63G/1.81G [09:47<01:05, 3.04MB/s][A[A[A[A[A[A[A






Downloading [model.pt]:  90%|████████▉ | 1.63G/1.81G [09:47<01:06, 2.97MB/s][A[A[A[A[A[A[A






Downloading [model.pt]:  90%|████████▉ | 1.63G/1.81G [09:47<01:03, 3.08MB/s][A[A[A[A[A[A[A






Downloading [model.pt]:  90%|████████▉ | 1.63G/1.81G [09:48<01:03, 3.08MB/s][A[A[A[A[A[A[A






Downloading [model.pt]:  90%|█████████ | 1.63G/1.81G [09:48<01:00, 3.19MB/s][A[A[A[A[A[A[A






Downloading [model.pt]:  90%|█████████ | 1.63G/1.81G [09:48<00:55, 3.45MB/s][A[A[A[A[A[A[A






Downloading [model.pt]:  90%|█████████ | 1.63G/1.81G [09:48<00:56, 3.41MB/s][A[A[A[A[A[A[A






Downloading [model.pt]:  90%|█████████ | 1.63G/1.81G [09:49<00:54, 3.52MB/s][A[A[A[A[A[A[A






Downloading [model.pt]:  90%|█████████ | 1.64G/1.81G [09:49<00:59, 3.21MB/s][A[A[A[A[A[A[A






Downloading [model.pt]:  90%|█████████ | 1.64G/1.81G [09:49<01:00, 3.10MB/s][A[A[A[A[A[A[A






Downloading [model.pt]:  90%|█████████ | 1.64G/1.81G [09:50<01:00, 3.10MB/s][A[A[A[A[A[A[A






Downloading [model.pt]:  90%|█████████ | 1.64G/1.81G [09:50<01:00, 3.09MB/s][A[A[A[A[A[A[A






Downloading [model.pt]:  90%|█████████ | 1.64G/1.81G [09:50<00:58, 3.16MB/s][A[A[A[A[A[A[A






Downloading [model.pt]:  91%|█████████ | 1.64G/1.81G [09:51<00:57, 3.19MB/s][A[A[A[A[A[A[A






Downloading [model.pt]:  91%|█████████ | 1.64G/1.81G [09:51<00:57, 3.20MB/s][A[A[A[A[A[A[A






Downloading [model.pt]:  91%|█████████ | 1.64G/1.81G [09:51<00:56, 3.22MB/s][A[A[A[A[A[A[A






Downloading [model.pt]:  91%|█████████ | 1.64G/1.81G [09:52<00:56, 3.19MB/s][A[A[A[A[A[A[A






Downloading [model.pt]:  91%|█████████ | 1.64G/1.81G [09:52<00:58, 3.07MB/s][A[A[A[A[A[A[A






Downloading [model.pt]:  91%|█████████ | 1.65G/1.81G [09:53<00:59, 3.02MB/s][A[A[A[A[A[A[A






Downloading [model.pt]:  91%|█████████ | 1.65G/1.81G [09:53<00:57, 3.07MB/s][A[A[A[A[A[A[A






Downloading [model.pt]:  91%|█████████ | 1.65G/1.81G [09:53<00:59, 2.97MB/s][A[A[A[A[A[A[A






Downloading [model.pt]:  91%|█████████ | 1.65G/1.81G [09:54<00:56, 3.13MB/s][A[A[A[A[A[A[A






Downloading [model.pt]:  91%|█████████ | 1.65G/1.81G [09:54<00:55, 3.13MB/s][A[A[A[A[A[A[A






Downloading [model.pt]:  91%|█████████ | 1.65G/1.81G [09:54<00:54, 3.16MB/s][A[A[A[A[A[A[A






Downloading [model.pt]:  91%|█████████ | 1.65G/1.81G [09:55<00:57, 2.98MB/s][A[A[A[A[A[A[A






Downloading [model.pt]:  91%|█████████ | 1.65G/1.81G [09:55<00:57, 2.96MB/s][A[A[A[A[A[A[A






Downloading [model.pt]:  91%|█████████ | 1.65G/1.81G [09:55<00:59, 2.89MB/s][A[A[A[A[A[A[A






Downloading [model.pt]:  91%|█████████▏| 1.65G/1.81G [09:56<00:57, 2.97MB/s][A[A[A[A[A[A[A






Downloading [model.pt]:  91%|█████████▏| 1.66G/1.81G [09:56<00:54, 3.07MB/s][A[A[A[A[A[A[A






Downloading [model.pt]:  91%|█████████▏| 1.66G/1.81G [09:56<00:53, 3.11MB/s][A[A[A[A[A[A[A






Downloading [model.pt]:  91%|█████████▏| 1.66G/1.81G [09:57<00:55, 2.98MB/s][A[A[A[A[A[A[A






Downloading [model.pt]:  92%|█████████▏| 1.66G/1.81G [09:57<00:55, 2.97MB/s][A[A[A[A[A[A[A






Downloading [model.pt]:  92%|█████████▏| 1.66G/1.81G [09:57<00:56, 2.90MB/s][A[A[A[A[A[A[A






Downloading [model.pt]:  92%|█████████▏| 1.66G/1.81G [09:58<00:55, 2.95MB/s][A[A[A[A[A[A[A






Downloading [model.pt]:  92%|█████████▏| 1.66G/1.81G [09:58<00:55, 2.93MB/s][A[A[A[A[A[A[A






Downloading [model.pt]:  92%|█████████▏| 1.66G/1.81G [09:58<00:46, 3.48MB/s][A[A[A[A[A[A[A






Downloading [model.pt]:  92%|█████████▏| 1.66G/1.81G [09:59<00:47, 3.35MB/s][A[A[A[A[A[A[A






Downloading [model.pt]:  92%|█████████▏| 1.66G/1.81G [09:59<00:50, 3.14MB/s][A[A[A[A[A[A[A






Downloading [model.pt]:  92%|█████████▏| 1.67G/1.81G [09:59<00:50, 3.15MB/s][A[A[A[A[A[A[A






Downloading [model.pt]:  92%|█████████▏| 1.67G/1.81G [10:00<00:52, 2.98MB/s][A[A[A[A[A[A[A






Downloading [model.pt]:  92%|█████████▏| 1.67G/1.81G [10:00<00:52, 2.95MB/s][A[A[A[A[A[A[A






Downloading [model.pt]:  92%|█████████▏| 1.67G/1.81G [10:00<00:48, 3.18MB/s][A[A[A[A[A[A[A






Downloading [model.pt]:  92%|█████████▏| 1.67G/1.81G [10:01<00:49, 3.12MB/s][A[A[A[A[A[A[A






Downloading [model.pt]:  92%|█████████▏| 1.67G/1.81G [10:01<00:47, 3.20MB/s][A[A[A[A[A[A[A






Downloading [model.pt]:  92%|█████████▏| 1.67G/1.81G [10:01<00:46, 3.25MB/s][A[A[A[A[A[A[A






Downloading [model.pt]:  92%|█████████▏| 1.67G/1.81G [10:02<00:43, 3.45MB/s][A[A[A[A[A[A[A






Downloading [model.pt]:  92%|█████████▏| 1.67G/1.81G [10:02<00:48, 3.11MB/s][A[A[A[A[A[A[A






Downloading [model.pt]:  92%|█████████▏| 1.67G/1.81G [10:02<00:45, 3.23MB/s][A[A[A[A[A[A[A






Downloading [model.pt]:  92%|█████████▏| 1.67G/1.81G [10:03<00:45, 3.28MB/s][A[A[A[A[A[A[A






Downloading [model.pt]:  92%|█████████▏| 1.68G/1.81G [10:03<00:45, 3.24MB/s][A[A[A[A[A[A[A






Downloading [model.pt]:  93%|█████████▎| 1.68G/1.81G [10:03<00:42, 3.39MB/s][A[A[A[A[A[A[A






Downloading [model.pt]:  93%|█████████▎| 1.68G/1.81G [10:04<00:42, 3.40MB/s][A[A[A[A[A[A[A






Downloading [model.pt]:  93%|█████████▎| 1.68G/1.81G [10:04<00:42, 3.36MB/s][A[A[A[A[A[A[A






Downloading [model.pt]:  93%|█████████▎| 1.68G/1.81G [10:04<00:43, 3.25MB/s][A[A[A[A[A[A[A






Downloading [model.pt]:  93%|█████████▎| 1.68G/1.81G [10:04<00:42, 3.36MB/s][A[A[A[A[A[A[A






Downloading [model.pt]:  93%|█████████▎| 1.68G/1.81G [10:05<00:40, 3.48MB/s][A[A[A[A[A[A[A






Downloading [model.pt]:  93%|█████████▎| 1.68G/1.81G [10:05<00:41, 3.34MB/s][A[A[A[A[A[A[A






Downloading [model.pt]:  93%|█████████▎| 1.68G/1.81G [10:05<00:41, 3.36MB/s][A[A[A[A[A[A[A






Downloading [model.pt]:  93%|█████████▎| 1.68G/1.81G [10:06<00:40, 3.38MB/s][A[A[A[A[A[A[A






Downloading [model.pt]:  93%|█████████▎| 1.69G/1.81G [10:06<00:38, 3.56MB/s][A[A[A[A[A[A[A






Downloading [model.pt]:  93%|█████████▎| 1.69G/1.81G [10:06<00:39, 3.38MB/s][A[A[A[A[A[A[A






Downloading [model.pt]:  93%|█████████▎| 1.69G/1.81G [10:07<00:37, 3.54MB/s][A[A[A[A[A[A[A






Downloading [model.pt]:  93%|█████████▎| 1.69G/1.81G [10:07<00:36, 3.66MB/s][A[A[A[A[A[A[A






Downloading [model.pt]:  93%|█████████▎| 1.69G/1.81G [10:07<00:36, 3.63MB/s][A[A[A[A[A[A[A






Downloading [model.pt]:  93%|█████████▎| 1.69G/1.81G [10:07<00:37, 3.52MB/s][A[A[A[A[A[A[A






Downloading [model.pt]:  93%|█████████▎| 1.69G/1.81G [10:08<00:40, 3.22MB/s][A[A[A[A[A[A[A






Downloading [model.pt]:  93%|█████████▎| 1.69G/1.81G [10:08<00:40, 3.14MB/s][A[A[A[A[A[A[A






Downloading [model.pt]:  93%|█████████▎| 1.69G/1.81G [10:09<00:41, 3.07MB/s][A[A[A[A[A[A[A






Downloading [model.pt]:  93%|█████████▎| 1.69G/1.81G [10:09<00:41, 3.04MB/s][A[A[A[A[A[A[A






Downloading [model.pt]:  94%|█████████▎| 1.70G/1.81G [10:09<00:40, 3.07MB/s][A[A[A[A[A[A[A






Downloading [model.pt]:  94%|█████████▎| 1.70G/1.81G [10:10<00:42, 2.93MB/s][A[A[A[A[A[A[A






Downloading [model.pt]:  94%|█████████▎| 1.70G/1.81G [10:10<00:43, 2.86MB/s][A[A[A[A[A[A[A






Downloading [model.pt]:  94%|█████████▎| 1.70G/1.81G [10:10<00:41, 2.95MB/s][A[A[A[A[A[A[A






Downloading [model.pt]:  94%|█████████▍| 1.70G/1.81G [10:11<00:42, 2.89MB/s][A[A[A[A[A[A[A






Downloading [model.pt]:  94%|█████████▍| 1.70G/1.81G [10:11<00:40, 2.98MB/s][A[A[A[A[A[A[A






Downloading [model.pt]:  94%|█████████▍| 1.70G/1.81G [10:11<00:39, 3.00MB/s][A[A[A[A[A[A[A






Downloading [model.pt]:  94%|█████████▍| 1.70G/1.81G [10:12<00:38, 3.09MB/s][A[A[A[A[A[A[A






Downloading [model.pt]:  94%|█████████▍| 1.70G/1.81G [10:12<00:38, 3.01MB/s][A[A[A[A[A[A[A






Downloading [model.pt]:  94%|█████████▍| 1.70G/1.81G [10:12<00:39, 2.93MB/s][A[A[A[A[A[A[A






Downloading [model.pt]:  94%|█████████▍| 1.71G/1.81G [10:13<00:38, 2.95MB/s][A[A[A[A[A[A[A






Downloading [model.pt]:  94%|█████████▍| 1.71G/1.81G [10:13<00:40, 2.84MB/s][A[A[A[A[A[A[A






Downloading [model.pt]:  94%|█████████▍| 1.71G/1.81G [10:14<00:39, 2.89MB/s][A[A[A[A[A[A[A






Downloading [model.pt]:  94%|█████████▍| 1.71G/1.81G [10:14<00:37, 2.97MB/s][A[A[A[A[A[A[A






Downloading [model.pt]:  94%|█████████▍| 1.71G/1.81G [10:14<00:39, 2.79MB/s][A[A[A[A[A[A[A






Downloading [model.pt]:  94%|█████████▍| 1.71G/1.81G [10:15<00:39, 2.78MB/s][A[A[A[A[A[A[A






Downloading [model.pt]:  94%|█████████▍| 1.71G/1.81G [10:15<00:36, 2.96MB/s][A[A[A[A[A[A[A






Downloading [model.pt]:  94%|█████████▍| 1.71G/1.81G [10:15<00:33, 3.21MB/s][A[A[A[A[A[A[A






Downloading [model.pt]:  95%|█████████▍| 1.71G/1.81G [10:16<00:31, 3.34MB/s][A[A[A[A[A[A[A






Downloading [model.pt]:  95%|█████████▍| 1.71G/1.81G [10:16<00:31, 3.38MB/s][A[A[A[A[A[A[A






Downloading [model.pt]:  95%|█████████▍| 1.71G/1.81G [10:16<00:31, 3.34MB/s][A[A[A[A[A[A[A






Downloading [model.pt]:  95%|█████████▍| 1.72G/1.81G [10:17<00:31, 3.24MB/s][A[A[A[A[A[A[A






Downloading [model.pt]:  95%|█████████▍| 1.72G/1.81G [10:17<00:31, 3.28MB/s][A[A[A[A[A[A[A






Downloading [model.pt]:  95%|█████████▍| 1.72G/1.81G [10:17<00:30, 3.36MB/s][A[A[A[A[A[A[A






Downloading [model.pt]:  95%|█████████▍| 1.72G/1.81G [10:17<00:29, 3.35MB/s][A[A[A[A[A[A[A






Downloading [model.pt]:  95%|█████████▍| 1.72G/1.81G [10:18<00:29, 3.36MB/s][A[A[A[A[A[A[A






Downloading [model.pt]:  95%|█████████▍| 1.72G/1.81G [10:18<00:29, 3.33MB/s][A[A[A[A[A[A[A






Downloading [model.pt]:  95%|█████████▌| 1.72G/1.81G [10:18<00:28, 3.37MB/s][A[A[A[A[A[A[A






Downloading [model.pt]:  95%|█████████▌| 1.72G/1.81G [10:19<00:28, 3.37MB/s][A[A[A[A[A[A[A






Downloading [model.pt]:  95%|█████████▌| 1.72G/1.81G [10:19<00:28, 3.36MB/s][A[A[A[A[A[A[A






Downloading [model.pt]:  95%|█████████▌| 1.72G/1.81G [10:19<00:29, 3.22MB/s][A[A[A[A[A[A[A






Downloading [model.pt]:  95%|█████████▌| 1.73G/1.81G [10:20<00:28, 3.28MB/s][A[A[A[A[A[A[A






Downloading [model.pt]:  95%|█████████▌| 1.73G/1.81G [10:20<00:28, 3.22MB/s][A[A[A[A[A[A[A






Downloading [model.pt]:  95%|█████████▌| 1.73G/1.81G [10:20<00:28, 3.24MB/s][A[A[A[A[A[A[A






Downloading [model.pt]:  95%|█████████▌| 1.73G/1.81G [10:21<00:27, 3.23MB/s][A[A[A[A[A[A[A






Downloading [model.pt]:  95%|█████████▌| 1.73G/1.81G [10:21<00:27, 3.18MB/s][A[A[A[A[A[A[A






Downloading [model.pt]:  95%|█████████▌| 1.73G/1.81G [10:21<00:28, 3.09MB/s][A[A[A[A[A[A[A






Downloading [model.pt]:  96%|█████████▌| 1.73G/1.81G [10:22<00:26, 3.22MB/s][A[A[A[A[A[A[A






Downloading [model.pt]:  96%|█████████▌| 1.73G/1.81G [10:22<00:28, 3.01MB/s][A[A[A[A[A[A[A






Downloading [model.pt]:  96%|█████████▌| 1.73G/1.81G [10:22<00:28, 3.01MB/s][A[A[A[A[A[A[A






Downloading [model.pt]:  96%|█████████▌| 1.73G/1.81G [10:23<00:28, 2.90MB/s][A[A[A[A[A[A[A






Downloading [model.pt]:  96%|█████████▌| 1.74G/1.81G [10:23<00:28, 2.86MB/s][A[A[A[A[A[A[A






Downloading [model.pt]:  96%|█████████▌| 1.74G/1.81G [10:23<00:26, 3.04MB/s][A[A[A[A[A[A[A






Downloading [model.pt]:  96%|█████████▌| 1.74G/1.81G [10:24<00:25, 3.13MB/s][A[A[A[A[A[A[A






Downloading [model.pt]:  96%|█████████▌| 1.74G/1.81G [10:24<00:23, 3.39MB/s][A[A[A[A[A[A[A






Downloading [model.pt]:  96%|█████████▌| 1.74G/1.81G [10:24<00:23, 3.35MB/s][A[A[A[A[A[A[A






Downloading [model.pt]:  96%|█████████▌| 1.74G/1.81G [10:25<00:23, 3.33MB/s][A[A[A[A[A[A[A






Downloading [model.pt]:  96%|█████████▌| 1.74G/1.81G [10:25<00:22, 3.38MB/s][A[A[A[A[A[A[A






Downloading [model.pt]:  96%|█████████▌| 1.74G/1.81G [10:25<00:22, 3.35MB/s][A[A[A[A[A[A[A






Downloading [model.pt]:  96%|█████████▌| 1.74G/1.81G [10:26<00:22, 3.35MB/s][A[A[A[A[A[A[A






Downloading [model.pt]:  96%|█████████▌| 1.74G/1.81G [10:26<00:22, 3.32MB/s][A[A[A[A[A[A[A






Downloading [model.pt]:  96%|█████████▋| 1.75G/1.81G [10:26<00:21, 3.33MB/s][A[A[A[A[A[A[A






Downloading [model.pt]:  96%|█████████▋| 1.75G/1.81G [10:27<00:22, 3.20MB/s][A[A[A[A[A[A[A






Downloading [model.pt]:  96%|█████████▋| 1.75G/1.81G [10:27<00:21, 3.22MB/s][A[A[A[A[A[A[A






Downloading [model.pt]:  96%|█████████▋| 1.75G/1.81G [10:27<00:21, 3.20MB/s][A[A[A[A[A[A[A






Downloading [model.pt]:  97%|█████████▋| 1.75G/1.81G [10:28<00:21, 3.22MB/s][A[A[A[A[A[A[A






Downloading [model.pt]:  97%|█████████▋| 1.75G/1.81G [10:28<00:21, 3.12MB/s][A[A[A[A[A[A[A






Downloading [model.pt]:  97%|█████████▋| 1.75G/1.81G [10:28<00:21, 3.07MB/s][A[A[A[A[A[A[A






Downloading [model.pt]:  97%|█████████▋| 1.75G/1.81G [10:29<00:20, 3.14MB/s][A[A[A[A[A[A[A






Downloading [model.pt]:  97%|█████████▋| 1.75G/1.81G [10:29<00:20, 3.08MB/s][A[A[A[A[A[A[A






Downloading [model.pt]:  97%|█████████▋| 1.75G/1.81G [10:29<00:20, 3.10MB/s][A[A[A[A[A[A[A






Downloading [model.pt]:  97%|█████████▋| 1.75G/1.81G [10:30<00:18, 3.37MB/s][A[A[A[A[A[A[A






Downloading [model.pt]:  97%|█████████▋| 1.76G/1.81G [10:30<00:17, 3.45MB/s][A[A[A[A[A[A[A






Downloading [model.pt]:  97%|█████████▋| 1.76G/1.81G [10:30<00:17, 3.45MB/s][A[A[A[A[A[A[A






Downloading [model.pt]:  97%|█████████▋| 1.76G/1.81G [10:30<00:17, 3.39MB/s][A[A[A[A[A[A[A






Downloading [model.pt]:  97%|█████████▋| 1.76G/1.81G [10:31<00:17, 3.32MB/s][A[A[A[A[A[A[A






Downloading [model.pt]:  97%|█████████▋| 1.76G/1.81G [10:31<00:16, 3.42MB/s][A[A[A[A[A[A[A






Downloading [model.pt]:  97%|█████████▋| 1.76G/1.81G [10:31<00:16, 3.34MB/s][A[A[A[A[A[A[A






Downloading [model.pt]:  97%|█████████▋| 1.76G/1.81G [10:32<00:16, 3.31MB/s][A[A[A[A[A[A[A






Downloading [model.pt]:  97%|█████████▋| 1.76G/1.81G [10:32<00:16, 3.31MB/s][A[A[A[A[A[A[A






Downloading [model.pt]:  97%|█████████▋| 1.76G/1.81G [10:32<00:15, 3.43MB/s][A[A[A[A[A[A[A






Downloading [model.pt]:  97%|█████████▋| 1.76G/1.81G [10:33<00:15, 3.36MB/s][A[A[A[A[A[A[A






Downloading [model.pt]:  97%|█████████▋| 1.77G/1.81G [10:33<00:14, 3.43MB/s][A[A[A[A[A[A[A






Downloading [model.pt]:  97%|█████████▋| 1.77G/1.81G [10:33<00:14, 3.46MB/s][A[A[A[A[A[A[A






Downloading [model.pt]:  98%|█████████▊| 1.77G/1.81G [10:34<00:13, 3.48MB/s][A[A[A[A[A[A[A






Downloading [model.pt]:  98%|█████████▊| 1.77G/1.81G [10:34<00:13, 3.45MB/s][A[A[A[A[A[A[A






Downloading [model.pt]:  98%|█████████▊| 1.77G/1.81G [10:34<00:13, 3.43MB/s][A[A[A[A[A[A[A






Downloading [model.pt]:  98%|█████████▊| 1.77G/1.81G [10:34<00:13, 3.39MB/s][A[A[A[A[A[A[A






Downloading [model.pt]:  98%|█████████▊| 1.77G/1.81G [10:35<00:13, 3.32MB/s][A[A[A[A[A[A[A






Downloading [model.pt]:  98%|█████████▊| 1.77G/1.81G [10:35<00:13, 3.26MB/s][A[A[A[A[A[A[A






Downloading [model.pt]:  98%|█████████▊| 1.77G/1.81G [10:35<00:12, 3.41MB/s][A[A[A[A[A[A[A






Downloading [model.pt]:  98%|█████████▊| 1.77G/1.81G [10:36<00:12, 3.14MB/s][A[A[A[A[A[A[A






Downloading [model.pt]:  98%|█████████▊| 1.78G/1.81G [10:36<00:12, 3.06MB/s][A[A[A[A[A[A[A






Downloading [model.pt]:  98%|█████████▊| 1.78G/1.81G [10:36<00:11, 3.22MB/s][A[A[A[A[A[A[A






Downloading [model.pt]:  98%|█████████▊| 1.78G/1.81G [10:37<00:12, 3.08MB/s][A[A[A[A[A[A[A






Downloading [model.pt]:  98%|█████████▊| 1.78G/1.81G [10:37<00:11, 3.09MB/s][A[A[A[A[A[A[A






Downloading [model.pt]:  98%|█████████▊| 1.78G/1.81G [10:38<00:11, 3.10MB/s][A[A[A[A[A[A[A






Downloading [model.pt]:  98%|█████████▊| 1.78G/1.81G [10:38<00:10, 3.28MB/s][A[A[A[A[A[A[A






Downloading [model.pt]:  98%|█████████▊| 1.78G/1.81G [10:38<00:10, 3.19MB/s][A[A[A[A[A[A[A






Downloading [model.pt]:  98%|█████████▊| 1.78G/1.81G [10:38<00:10, 3.11MB/s][A[A[A[A[A[A[A






Downloading [model.pt]:  98%|█████████▊| 1.78G/1.81G [10:39<00:10, 3.02MB/s][A[A[A[A[A[A[A






Downloading [model.pt]:  98%|█████████▊| 1.78G/1.81G [10:39<00:09, 3.12MB/s][A[A[A[A[A[A[A






Downloading [model.pt]:  99%|█████████▊| 1.79G/1.81G [10:39<00:08, 3.24MB/s][A[A[A[A[A[A[A






Downloading [model.pt]:  99%|█████████▊| 1.79G/1.81G [10:40<00:09, 3.10MB/s][A[A[A[A[A[A[A






Downloading [model.pt]:  99%|█████████▊| 1.79G/1.81G [10:40<00:08, 3.36MB/s][A[A[A[A[A[A[A






Downloading [model.pt]:  99%|█████████▊| 1.79G/1.81G [10:40<00:07, 3.26MB/s][A[A[A[A[A[A[A






Downloading [model.pt]:  99%|█████████▊| 1.79G/1.81G [10:41<00:07, 3.22MB/s][A[A[A[A[A[A[A






Downloading [model.pt]:  99%|█████████▉| 1.79G/1.81G [10:41<00:07, 3.10MB/s][A[A[A[A[A[A[A






Downloading [model.pt]:  99%|█████████▉| 1.79G/1.81G [10:41<00:07, 3.22MB/s][A[A[A[A[A[A[A






Downloading [model.pt]:  99%|█████████▉| 1.79G/1.81G [10:42<00:07, 2.98MB/s][A[A[A[A[A[A[A






Downloading [model.pt]:  99%|█████████▉| 1.79G/1.81G [10:42<00:06, 3.02MB/s][A[A[A[A[A[A[A






Downloading [model.pt]:  99%|█████████▉| 1.79G/1.81G [10:43<00:06, 2.99MB/s][A[A[A[A[A[A[A






Downloading [model.pt]:  99%|█████████▉| 1.79G/1.81G [10:43<00:06, 3.02MB/s][A[A[A[A[A[A[A






Downloading [model.pt]:  99%|█████████▉| 1.80G/1.81G [10:43<00:05, 2.97MB/s][A[A[A[A[A[A[A






Downloading [model.pt]:  99%|█████████▉| 1.80G/1.81G [10:44<00:05, 3.04MB/s][A[A[A[A[A[A[A






Downloading [model.pt]:  99%|█████████▉| 1.80G/1.81G [10:44<00:05, 2.97MB/s][A[A[A[A[A[A[A






Downloading [model.pt]:  99%|█████████▉| 1.80G/1.81G [10:44<00:04, 2.99MB/s][A[A[A[A[A[A[A






Downloading [model.pt]:  99%|█████████▉| 1.80G/1.81G [10:45<00:04, 3.04MB/s][A[A[A[A[A[A[A






Downloading [model.pt]:  99%|█████████▉| 1.80G/1.81G [10:45<00:03, 3.08MB/s][A[A[A[A[A[A[A






Downloading [model.pt]:  99%|█████████▉| 1.80G/1.81G [10:45<00:03, 3.16MB/s][A[A[A[A[A[A[A






Downloading [model.pt]:  99%|█████████▉| 1.80G/1.81G [10:46<00:03, 3.20MB/s][A[A[A[A[A[A[A






Downloading [model.pt]: 100%|█████████▉| 1.80G/1.81G [10:46<00:03, 2.98MB/s][A[A[A[A[A[A[A






Downloading [model.pt]: 100%|█████████▉| 1.80G/1.81G [10:46<00:02, 3.02MB/s][A[A[A[A[A[A[A






Downloading [model.pt]: 100%|█████████▉| 1.81G/1.81G [10:47<00:02, 2.93MB/s][A[A[A[A[A[A[A






Downloading [model.pt]: 100%|█████████▉| 1.81G/1.81G [10:47<00:02, 2.82MB/s][A[A[A[A[A[A[A






Downloading [model.pt]: 100%|█████████▉| 1.81G/1.81G [10:47<00:01, 2.98MB/s][A[A[A[A[A[A[A






Downloading [model.pt]: 100%|█████████▉| 1.81G/1.81G [10:48<00:01, 2.89MB/s][A[A[A[A[A[A[A






Downloading [model.pt]: 100%|█████████▉| 1.81G/1.81G [10:48<00:00, 2.95MB/s][A[A[A[A[A[A[A






Downloading [model.pt]: 100%|█████████▉| 1.81G/1.81G [10:48<00:00, 3.08MB/s][A[A[A[A[A[A[A






Downloading [model.pt]: 100%|█████████▉| 1.81G/1.81G [10:49<00:00, 3.19MB/s][A[A[A[A[A[A[A






Downloading [model.pt]: 100%|██████████| 1.81G/1.81G [10:49<00:00, 3.15MB/s][A[A[A[A[A[A[ADownloading [model.pt]: 100%|██████████| 1.81G/1.81G [10:49<00:00, 3.00MB/s]
Processing 11 items: 100%|██████████| 11.0/11.0 [10:49<00:00, 99.9s/it]Processing 11 items: 100%|██████████| 11.0/11.0 [10:49<00:00, 59.0s/it]
2026-03-18 22:59:11,297 - modelscope - INFO - Download model 'iic/emotion2vec_plus_large' successfully.
WARNING:root:trust_remote_code: False
Using custom `forced_decoder_ids` from the (generation) config. This is deprecated in favor of the `task` and `language` flags/config options.
Transcription using a multilingual Whisper will default to language detection followed by transcription instead of translation to English. This might be a breaking change for your use case. If you want to instead always translate your audio to English, make sure to pass `language='en'`. See https://github.com/huggingface/transformers/pull/28687 for more details.
The attention mask is not set and cannot be inferred from input because pad token is same as eos token. As a consequence, you may observe unexpected behavior. Please pass your input's `attention_mask` to obtain reliable results.
A custom logits processor of type <class 'transformers.generation.logits_process.SuppressTokensLogitsProcessor'> has been passed to `.generate()`, but it was also created in `.generate()`, given its parameterization. The custom <class 'transformers.generation.logits_process.SuppressTokensLogitsProcessor'> will take precedence. Please check the docstring of <class 'transformers.generation.logits_process.SuppressTokensLogitsProcessor'> to see related `.generate()` flags.
A custom logits processor of type <class 'transformers.generation.logits_process.SuppressTokensAtBeginLogitsProcessor'> has been passed to `.generate()`, but it was also created in `.generate()`, given its parameterization. The custom <class 'transformers.generation.logits_process.SuppressTokensAtBeginLogitsProcessor'> will take precedence. Please check the docstring of <class 'transformers.generation.logits_process.SuppressTokensAtBeginLogitsProcessor'> to see related `.generate()` flags.
Warning, miss key in ckpt: modality_encoders.AUDIO.decoder.blocks.0.0.weight, /home/u2023112559/.cache/modelscope/hub/models/iic/emotion2vec_plus_large/model.pt
Warning, miss key in ckpt: modality_encoders.AUDIO.decoder.blocks.0.0.bias, /home/u2023112559/.cache/modelscope/hub/models/iic/emotion2vec_plus_large/model.pt
Warning, miss key in ckpt: modality_encoders.AUDIO.decoder.blocks.1.0.weight, /home/u2023112559/.cache/modelscope/hub/models/iic/emotion2vec_plus_large/model.pt
Warning, miss key in ckpt: modality_encoders.AUDIO.decoder.blocks.1.0.bias, /home/u2023112559/.cache/modelscope/hub/models/iic/emotion2vec_plus_large/model.pt
Warning, miss key in ckpt: modality_encoders.AUDIO.decoder.blocks.2.0.weight, /home/u2023112559/.cache/modelscope/hub/models/iic/emotion2vec_plus_large/model.pt
Warning, miss key in ckpt: modality_encoders.AUDIO.decoder.blocks.2.0.bias, /home/u2023112559/.cache/modelscope/hub/models/iic/emotion2vec_plus_large/model.pt
Warning, miss key in ckpt: modality_encoders.AUDIO.decoder.blocks.3.0.weight, /home/u2023112559/.cache/modelscope/hub/models/iic/emotion2vec_plus_large/model.pt
Warning, miss key in ckpt: modality_encoders.AUDIO.decoder.blocks.3.0.bias, /home/u2023112559/.cache/modelscope/hub/models/iic/emotion2vec_plus_large/model.pt
Warning, miss key in ckpt: modality_encoders.AUDIO.decoder.proj.weight, /home/u2023112559/.cache/modelscope/hub/models/iic/emotion2vec_plus_large/model.pt
Warning, miss key in ckpt: modality_encoders.AUDIO.decoder.proj.bias, /home/u2023112559/.cache/modelscope/hub/models/iic/emotion2vec_plus_large/model.pt
  [ER] Emotion2Vec loaded

[Step 3] Running annotation...

[Pipeline] Processing: 319
[Pipeline] Tasks: ['SCR', 'ER']
[Pipeline]   SCR: saved to data/annotations/scr/319.json
  0%|[34m          [0m| 0/1 [00:00<?, ?it/s]100%|[34m██████████[0m| 1/1 [00:00<00:00,  4.68it/s]{'load_data': '0.043', 'extract_feat': 0.0, 'forward': '0.214', 'batch_size': '1', 'rtf': '0.042'}, : 100%|[34m██████████[0m| 1/1 [00:00<00:00,  4.68it/s]rtf_avg: 0.042: 100%|[34m██████████[0m| 1/1 [00:00<00:00,  4.68it/s]                                                                                      rtf_avg: 0.042: 100%|[34m██████████[0m| 1/1 [00:00<00:00,  4.03it/s]
[Pipeline]   ER: saved to data/annotations/er/319.json
[Pipeline] Merged result saved to: data/annotations/merged/319_merged.json

============================================================
Result Summary:
{
  "total_time": 12.788,
  "tasks_completed": [
    "SCR",
    "ER"
  ],
  "tasks_failed": [],
  "timestamp": "2026-03-18T14:59:28Z"
}

============================================================
Done!
============================================================
